Using pre-set license
Built from '2022.3/staging' branch; Version is '2022.3.9f1 (ea401c316338) revision 15351836'; Using compiler version '192829333'; Build Type 'Release'
OS: 'Windows 10  (10.0.19045) 64bit CoreSingleLanguage' Language: 'en' Physical Memory: 23761 MB
BatchMode: 1, IsHumanControllingUs: 0, StartBugReporterOnCrash: 0, Is64bit: 1, IsPro: 1

COMMAND LINE ARGUMENTS:
C:\Program Files\2022.3.9f1\Editor\Unity.exe
-adb2
-batchMode
-noUpm
-name
AssetImportWorker0
-projectPath
C:/Users/Test/Documents/GitHub/patrick-star-public
-logFile
Logs/AssetImportWorker0.log
-srvPort
53863
Successfully changed project path to: C:/Users/Test/Documents/GitHub/patrick-star-public
C:/Users/Test/Documents/GitHub/patrick-star-public
[UnityMemory] Configuration Parameters - Can be set up in boot.config
    "memorysetup-bucket-allocator-granularity=16"
    "memorysetup-bucket-allocator-bucket-count=8"
    "memorysetup-bucket-allocator-block-size=33554432"
    "memorysetup-bucket-allocator-block-count=8"
    "memorysetup-main-allocator-block-size=16777216"
    "memorysetup-thread-allocator-block-size=16777216"
    "memorysetup-gfx-main-allocator-block-size=16777216"
    "memorysetup-gfx-thread-allocator-block-size=16777216"
    "memorysetup-cache-allocator-block-size=4194304"
    "memorysetup-typetree-allocator-block-size=2097152"
    "memorysetup-profiler-bucket-allocator-granularity=16"
    "memorysetup-profiler-bucket-allocator-bucket-count=8"
    "memorysetup-profiler-bucket-allocator-block-size=33554432"
    "memorysetup-profiler-bucket-allocator-block-count=8"
    "memorysetup-profiler-allocator-block-size=16777216"
    "memorysetup-profiler-editor-allocator-block-size=1048576"
    "memorysetup-temp-allocator-size-main=16777216"
    "memorysetup-job-temp-allocator-block-size=2097152"
    "memorysetup-job-temp-allocator-block-size-background=1048576"
    "memorysetup-job-temp-allocator-reduction-small-platforms=262144"
    "memorysetup-allocator-temp-initial-block-size-main=262144"
    "memorysetup-allocator-temp-initial-block-size-worker=262144"
    "memorysetup-temp-allocator-size-background-worker=32768"
    "memorysetup-temp-allocator-size-job-worker=262144"
    "memorysetup-temp-allocator-size-preload-manager=33554432"
    "memorysetup-temp-allocator-size-nav-mesh-worker=65536"
    "memorysetup-temp-allocator-size-audio-worker=65536"
    "memorysetup-temp-allocator-size-cloud-worker=32768"
    "memorysetup-temp-allocator-size-gi-baking-worker=262144"
    "memorysetup-temp-allocator-size-gfx=262144"
Player connection [45628] Host "[IP] 169.254.234.149 [Port] 0 [Flags] 2 [Guid] 1308802071 [EditorId] 1308802071 [Version] 1048832 [Id] WindowsEditor(7,LAPTOP-05AVRVMV) [Debug] 1 [PackageName] WindowsEditor [ProjectName] Editor" joined multi-casting on [225.0.0.222:54997]...

Player connection [45628] Host "[IP] 169.254.234.149 [Port] 0 [Flags] 2 [Guid] 1308802071 [EditorId] 1308802071 [Version] 1048832 [Id] WindowsEditor(7,LAPTOP-05AVRVMV) [Debug] 1 [PackageName] WindowsEditor [ProjectName] Editor" joined alternative multi-casting on [225.0.0.222:34997]...

[Physics::Module] Initialized MultithreadedJobDispatcher with 11 workers.
Refreshing native plugins compatible for Editor in 755.08 ms, found 4 plugins.
Preloading 0 native plugins for Editor in 0.00 ms.
Initialize engine version: 2022.3.9f1 (ea401c316338)
[Subsystems] Discovering subsystems at path C:/Program Files/2022.3.9f1/Editor/Data/Resources/UnitySubsystems
[Subsystems] Discovering subsystems at path C:/Users/Test/Documents/GitHub/patrick-star-public/Assets
GfxDevice: creating device client; threaded=0; jobified=0
Direct3D:
    Version:  Direct3D 11.0 [level 11.1]
    Renderer: NVIDIA GeForce RTX 4050 Laptop GPU (ID=0x28a1)
    Vendor:   NVIDIA
    VRAM:     5921 MB
    Driver:   32.0.15.6603
Initialize mono
Mono path[0] = 'C:/Program Files/2022.3.9f1/Editor/Data/Managed'
Mono path[1] = 'C:/Program Files/2022.3.9f1/Editor/Data/MonoBleedingEdge/lib/mono/unityjit-win32'
Mono config path = 'C:/Program Files/2022.3.9f1/Editor/Data/MonoBleedingEdge/etc'
Using monoOptions --debugger-agent=transport=dt_socket,embedding=1,server=y,suspend=n,address=127.0.0.1:56916
Begin MonoManager ReloadAssembly
Registering precompiled unity dll's ...
Register platform support module: C:/Program Files/2022.3.9f1/Editor/Data/PlaybackEngines/WebGLSupport/UnityEditor.WebGL.Extensions.dll
Register platform support module: C:/Program Files/2022.3.9f1/Editor/Data/PlaybackEngines/WindowsStandaloneSupport/UnityEditor.WindowsStandalone.Extensions.dll
Registered in 0.027184 seconds.
- Loaded All Assemblies, in  1.617 seconds
Native extension for WindowsStandalone target not found
Native extension for WebGL target not found
Mono: successfully reloaded assembly
- Finished resetting the current domain, in  0.282 seconds
Domain Reload Profiling: 1891ms
	BeginReloadAssembly (220ms)
		ExecutionOrderSort (0ms)
		DisableScriptedObjects (0ms)
		BackupInstance (0ms)
		ReleaseScriptingObjects (0ms)
		CreateAndSetChildDomain (1ms)
	RebuildCommonClasses (291ms)
	RebuildNativeTypeToScriptingClass (12ms)
	initialDomainReloadingComplete (101ms)
	LoadAllAssembliesAndSetupDomain (985ms)
		LoadAssemblies (213ms)
		RebuildTransferFunctionScriptingTraits (0ms)
		AnalyzeDomain (981ms)
			TypeCache.Refresh (980ms)
				TypeCache.ScanAssembly (624ms)
			ScanForSourceGeneratedMonoScriptInfo (0ms)
			ResolveRequiredComponents (0ms)
	FinalizeReload (282ms)
		ReleaseScriptCaches (0ms)
		RebuildScriptCaches (0ms)
		SetupLoadedEditorAssemblies (211ms)
			LogAssemblyErrors (0ms)
			InitializePlatformSupportModulesInManaged (17ms)
			SetLoadedEditorAssemblies (7ms)
			RefreshPlugins (0ms)
			BeforeProcessingInitializeOnLoad (3ms)
			ProcessInitializeOnLoadAttributes (124ms)
			ProcessInitializeOnLoadMethodAttributes (60ms)
			AfterProcessingInitializeOnLoad (0ms)
			EditorAssembliesLoaded (0ms)
		ExecutionOrderSort2 (0ms)
		AwakeInstancesAfterBackupRestoration (0ms)
========================================================================
Worker process is ready to serve import requests
Begin MonoManager ReloadAssembly
Duplicate assembly 'Supabase.Realtime.dll' with different versions detected, using 'Assets/Packages/Supabase.Realtime.7.0.2/lib/netstandard2.1/Supabase.Realtime.dll, AssemblyName=Supabase.Realtime, Version=7.0.2.0, Culture=neutral, PublicKeyToken=null' and ignoring 'Assets/Packages/realtime-csharp.6.0.4/lib/netstandard2.0/Supabase.Realtime.dll, AssemblyName=Supabase.Realtime, Version=6.0.4.0, Culture=neutral, PublicKeyToken=null'.Duplicate assembly 'Supabase.Functions.dll' with different versions detected, using 'Assets/Packages/Supabase.Functions.2.0.0/lib/netstandard2.0/Supabase.Functions.dll, AssemblyName=Supabase.Functions, Version=2.0.0.0, Culture=neutral, PublicKeyToken=null' and ignoring 'Assets/Packages/functions-csharp.1.3.2/lib/netstandard2.0/Supabase.Functions.dll, AssemblyName=Supabase.Functions, Version=1.3.2.0, Culture=neutral, PublicKeyToken=null'.Duplicate assembly 'Supabase.Gotrue.dll' with different versions detected, using 'Assets/Packages/Supabase.Gotrue.6.0.3/lib/netstandard2.1/Supabase.Gotrue.dll, AssemblyName=Supabase.Gotrue, Version=6.0.3.0, Culture=neutral, PublicKeyToken=null' and ignoring 'Assets/Packages/gotrue-csharp.4.2.7/lib/netstandard2.0/Supabase.Gotrue.dll, AssemblyName=Supabase.Gotrue, Version=4.2.7.0, Culture=neutral, PublicKeyToken=null'.Duplicate assembly 'Supabase.Storage.dll' with different versions detected, using 'Assets/Packages/Supabase.Storage.2.0.2/lib/netstandard2.0/Supabase.Storage.dll, AssemblyName=Supabase.Storage, Version=2.0.2.0, Culture=neutral, PublicKeyToken=null' and ignoring 'Assets/Packages/supabase-storage-csharp.1.4.0/lib/netstandard2.0/Supabase.Storage.dll, AssemblyName=Supabase.Storage, Version=1.4.0.0, Culture=neutral, PublicKeyToken=null'.Duplicate assembly 'Supabase.Postgrest.dll' with different versions detected, using 'Assets/Packages/Supabase.Postgrest.4.0.3/lib/netstandard2.0/Supabase.Postgrest.dll, AssemblyName=Supabase.Postgrest, Version=4.0.3.0, Culture=neutral, PublicKeyToken=null' and ignoring 'Assets/Packages/postgrest-csharp.3.5.1/lib/netstandard2.0/Supabase.Postgrest.dll, AssemblyName=Supabase.Postgrest, Version=3.5.1.0, Culture=neutral, PublicKeyToken=null'.Duplicate assembly 'Supabase.dll' with different versions detected, using 'Assets/Packages/Supabase.1.1.1/lib/netstandard2.1/Supabase.dll, AssemblyName=Supabase, Version=1.1.1.0, Culture=neutral, PublicKeyToken=null' and ignoring 'Assets/Packages/supabase-csharp.0.16.2/lib/netstandard2.0/Supabase.dll, AssemblyName=Supabase, Version=0.16.2.0, Culture=neutral, PublicKeyToken=null'.- Loaded All Assemblies, in  4.090 seconds
Refreshing native plugins compatible for Editor in 57.72 ms, found 4 plugins.
Native extension for WindowsStandalone target not found
Native extension for WebGL target not found
Package Manager log level set to [2]
[Package Manager] Server::EnsureServerProcessIsRunning -- launch failed, reason: Unity was launched with the -noUpm command-line argument
[Package Manager] UpmClient::Send -- Unable to send message (not connected to UPM process).
[Package Manager] Cannot connect to Unity Package Manager local server
Mono: successfully reloaded assembly
- Finished resetting the current domain, in  1.523 seconds
Domain Reload Profiling: 5592ms
	BeginReloadAssembly (206ms)
		ExecutionOrderSort (0ms)
		DisableScriptedObjects (5ms)
		BackupInstance (0ms)
		ReleaseScriptingObjects (0ms)
		CreateAndSetChildDomain (23ms)
	RebuildCommonClasses (42ms)
	RebuildNativeTypeToScriptingClass (10ms)
	initialDomainReloadingComplete (117ms)
	LoadAllAssembliesAndSetupDomain (3695ms)
		LoadAssemblies (3256ms)
		RebuildTransferFunctionScriptingTraits (0ms)
		AnalyzeDomain (578ms)
			TypeCache.Refresh (548ms)
				TypeCache.ScanAssembly (473ms)
			ScanForSourceGeneratedMonoScriptInfo (22ms)
			ResolveRequiredComponents (7ms)
	FinalizeReload (1523ms)
		ReleaseScriptCaches (0ms)
		RebuildScriptCaches (0ms)
		SetupLoadedEditorAssemblies (1356ms)
			LogAssemblyErrors (0ms)
			InitializePlatformSupportModulesInManaged (14ms)
			SetLoadedEditorAssemblies (4ms)
			RefreshPlugins (0ms)
			BeforeProcessingInitializeOnLoad (146ms)
			ProcessInitializeOnLoadAttributes (1120ms)
			ProcessInitializeOnLoadMethodAttributes (47ms)
			AfterProcessingInitializeOnLoad (25ms)
			EditorAssembliesLoaded (0ms)
		ExecutionOrderSort2 (0ms)
		AwakeInstancesAfterBackupRestoration (10ms)
Launched and connected shader compiler UnityShaderCompiler.exe after 0.08 seconds
Refreshing native plugins compatible for Editor in 57.73 ms, found 4 plugins.
Preloading 0 native plugins for Editor in 0.00 ms.
Unloading 4658 Unused Serialized files (Serialized files now loaded: 0)
Unloading 159 unused Assets / (178.7 KB). Loaded Objects now: 5043.
Memory consumption went from 156.3 MB to 156.1 MB.
Total: 4.399800 ms (FindLiveObjects: 0.351000 ms CreateObjectMapping: 0.237400 ms MarkObjects: 3.577400 ms  DeleteObjects: 0.233300 ms)

AssetImportParameters requested are different than current active one (requested -> active):
  custom:container-demuxer-ogg: 62fdf1f143b41e24485cea50d1cbac27 -> 
  custom:video-codec-MediaFoundation-h265: 746d11721c4dcdbdad8f713fa42b33f4 -> 
  custom:video-decoder-ogg-theora: a1e56fd34408186e4bbccfd4996cb3dc -> 
  custom:framework-win-MediaFoundation: 216162199b28c13a410421893ffa2e32 -> 
  custom:CustomObjectIndexerAttribute: 756ad292c208cfabdd7b50bc23989ffe -> 
  custom:container-demuxer-webm: 4f35f7cbe854078d1ac9338744f61a02 -> 
  custom:container-muxer-webm: aa71ff27fc2769a1b78a27578f13a17b -> 
  custom:video-decoder-webm-vp8: 9c59270c3fd7afecdb556c50c9e8de78 -> 
  custom:SearchIndexIgnoredProperties: e643bd26f0fe6173181afceb89e7c659 -> 
  custom:AudioImporter_EditorPlatform: d09bf68614088b80899f8185d706f6e7 -> 
  custom:video-encoder-webm-vp8: eb34c28f22e8b96e1ab97ce403110664 -> 
  custom:audio-decoder-ogg-vorbis: bf7c407c2cedff20999df2af8eb42d56 -> 
  custom:audio-encoder-webm-vorbis: bf7c407c2cedff20999df2af8eb42d56 -> 
========================================================================
Received Prepare
Begin MonoManager ReloadAssembly
Duplicate assembly 'Supabase.Realtime.dll' with different versions detected, using 'Assets/Packages/Supabase.Realtime.7.0.2/lib/netstandard2.1/Supabase.Realtime.dll, AssemblyName=Supabase.Realtime, Version=7.0.2.0, Culture=neutral, PublicKeyToken=null' and ignoring 'Assets/Packages/realtime-csharp.6.0.4/lib/netstandard2.0/Supabase.Realtime.dll, AssemblyName=Supabase.Realtime, Version=6.0.4.0, Culture=neutral, PublicKeyToken=null'.Duplicate assembly 'Supabase.Functions.dll' with different versions detected, using 'Assets/Packages/Supabase.Functions.2.0.0/lib/netstandard2.0/Supabase.Functions.dll, AssemblyName=Supabase.Functions, Version=2.0.0.0, Culture=neutral, PublicKeyToken=null' and ignoring 'Assets/Packages/functions-csharp.1.3.2/lib/netstandard2.0/Supabase.Functions.dll, AssemblyName=Supabase.Functions, Version=1.3.2.0, Culture=neutral, PublicKeyToken=null'.Duplicate assembly 'Supabase.Gotrue.dll' with different versions detected, using 'Assets/Packages/Supabase.Gotrue.6.0.3/lib/netstandard2.1/Supabase.Gotrue.dll, AssemblyName=Supabase.Gotrue, Version=6.0.3.0, Culture=neutral, PublicKeyToken=null' and ignoring 'Assets/Packages/gotrue-csharp.4.2.7/lib/netstandard2.0/Supabase.Gotrue.dll, AssemblyName=Supabase.Gotrue, Version=4.2.7.0, Culture=neutral, PublicKeyToken=null'.Duplicate assembly 'Supabase.Storage.dll' with different versions detected, using 'Assets/Packages/Supabase.Storage.2.0.2/lib/netstandard2.0/Supabase.Storage.dll, AssemblyName=Supabase.Storage, Version=2.0.2.0, Culture=neutral, PublicKeyToken=null' and ignoring 'Assets/Packages/supabase-storage-csharp.1.4.0/lib/netstandard2.0/Supabase.Storage.dll, AssemblyName=Supabase.Storage, Version=1.4.0.0, Culture=neutral, PublicKeyToken=null'.Duplicate assembly 'Supabase.Postgrest.dll' with different versions detected, using 'Assets/Packages/Supabase.Postgrest.4.0.3/lib/netstandard2.0/Supabase.Postgrest.dll, AssemblyName=Supabase.Postgrest, Version=4.0.3.0, Culture=neutral, PublicKeyToken=null' and ignoring 'Assets/Packages/postgrest-csharp.3.5.1/lib/netstandard2.0/Supabase.Postgrest.dll, AssemblyName=Supabase.Postgrest, Version=3.5.1.0, Culture=neutral, PublicKeyToken=null'.Duplicate assembly 'Supabase.dll' with different versions detected, using 'Assets/Packages/Supabase.1.1.1/lib/netstandard2.1/Supabase.dll, AssemblyName=Supabase, Version=1.1.1.0, Culture=neutral, PublicKeyToken=null' and ignoring 'Assets/Packages/supabase-csharp.0.16.2/lib/netstandard2.0/Supabase.dll, AssemblyName=Supabase, Version=0.16.2.0, Culture=neutral, PublicKeyToken=null'.- Loaded All Assemblies, in  1.990 seconds
Refreshing native plugins compatible for Editor in 66.45 ms, found 4 plugins.
Native extension for WindowsStandalone target not found
Native extension for WebGL target not found
[Package Manager] Server::EnsureServerProcessIsRunning -- launch failed, reason: Unity was launched with the -noUpm command-line argument
[Package Manager] UpmClient::Send -- Unable to send message (not connected to UPM process).
[Package Manager] Cannot connect to Unity Package Manager local server
Mono: successfully reloaded assembly
- Finished resetting the current domain, in  2.090 seconds
Domain Reload Profiling: 4059ms
	BeginReloadAssembly (265ms)
		ExecutionOrderSort (0ms)
		DisableScriptedObjects (14ms)
		BackupInstance (0ms)
		ReleaseScriptingObjects (0ms)
		CreateAndSetChildDomain (52ms)
	RebuildCommonClasses (42ms)
	RebuildNativeTypeToScriptingClass (10ms)
	initialDomainReloadingComplete (113ms)
	LoadAllAssembliesAndSetupDomain (1538ms)
		LoadAssemblies (1636ms)
		RebuildTransferFunctionScriptingTraits (0ms)
		AnalyzeDomain (47ms)
			TypeCache.Refresh (19ms)
				TypeCache.ScanAssembly (3ms)
			ScanForSourceGeneratedMonoScriptInfo (16ms)
			ResolveRequiredComponents (10ms)
	FinalizeReload (2091ms)
		ReleaseScriptCaches (0ms)
		RebuildScriptCaches (0ms)
		SetupLoadedEditorAssemblies (854ms)
			LogAssemblyErrors (0ms)
			InitializePlatformSupportModulesInManaged (19ms)
			SetLoadedEditorAssemblies (7ms)
			RefreshPlugins (0ms)
			BeforeProcessingInitializeOnLoad (170ms)
			ProcessInitializeOnLoadAttributes (574ms)
			ProcessInitializeOnLoadMethodAttributes (48ms)
			AfterProcessingInitializeOnLoad (35ms)
			EditorAssembliesLoaded (0ms)
		ExecutionOrderSort2 (0ms)
		AwakeInstancesAfterBackupRestoration (23ms)
Refreshing native plugins compatible for Editor in 55.52 ms, found 4 plugins.
Preloading 0 native plugins for Editor in 0.00 ms.
Unloading 4632 Unused Serialized files (Serialized files now loaded: 0)
Unloading 114 unused Assets / (149.3 KB). Loaded Objects now: 5060.
Memory consumption went from 150.2 MB to 150.0 MB.
Total: 4.073700 ms (FindLiveObjects: 0.328800 ms CreateObjectMapping: 0.330300 ms MarkObjects: 3.263900 ms  DeleteObjects: 0.149900 ms)

Prepare: number of updated asset objects reloaded= 0
AssetImportParameters requested are different than current active one (requested -> active):
  custom:container-demuxer-ogg: 62fdf1f143b41e24485cea50d1cbac27 -> 
  custom:video-codec-MediaFoundation-h265: 746d11721c4dcdbdad8f713fa42b33f4 -> 
  custom:video-decoder-ogg-theora: a1e56fd34408186e4bbccfd4996cb3dc -> 
  custom:framework-win-MediaFoundation: 216162199b28c13a410421893ffa2e32 -> 
  custom:CustomObjectIndexerAttribute: 756ad292c208cfabdd7b50bc23989ffe -> 
  custom:container-demuxer-webm: 4f35f7cbe854078d1ac9338744f61a02 -> 
  custom:container-muxer-webm: aa71ff27fc2769a1b78a27578f13a17b -> 
  custom:video-decoder-webm-vp8: 9c59270c3fd7afecdb556c50c9e8de78 -> 
  custom:SearchIndexIgnoredProperties: e643bd26f0fe6173181afceb89e7c659 -> 
  custom:AudioImporter_EditorPlatform: d09bf68614088b80899f8185d706f6e7 -> 
  custom:video-encoder-webm-vp8: eb34c28f22e8b96e1ab97ce403110664 -> 
  custom:audio-decoder-ogg-vorbis: bf7c407c2cedff20999df2af8eb42d56 -> 
  custom:audio-encoder-webm-vorbis: bf7c407c2cedff20999df2af8eb42d56 -> 
========================================================================
Received Prepare
Begin MonoManager ReloadAssembly
Duplicate assembly 'Supabase.Realtime.dll' with different versions detected, using 'Assets/Packages/Supabase.Realtime.7.0.2/lib/netstandard2.1/Supabase.Realtime.dll, AssemblyName=Supabase.Realtime, Version=7.0.2.0, Culture=neutral, PublicKeyToken=null' and ignoring 'Assets/Packages/realtime-csharp.6.0.4/lib/netstandard2.0/Supabase.Realtime.dll, AssemblyName=Supabase.Realtime, Version=6.0.4.0, Culture=neutral, PublicKeyToken=null'.Duplicate assembly 'Supabase.Functions.dll' with different versions detected, using 'Assets/Packages/Supabase.Functions.2.0.0/lib/netstandard2.0/Supabase.Functions.dll, AssemblyName=Supabase.Functions, Version=2.0.0.0, Culture=neutral, PublicKeyToken=null' and ignoring 'Assets/Packages/functions-csharp.1.3.2/lib/netstandard2.0/Supabase.Functions.dll, AssemblyName=Supabase.Functions, Version=1.3.2.0, Culture=neutral, PublicKeyToken=null'.Duplicate assembly 'Supabase.Gotrue.dll' with different versions detected, using 'Assets/Packages/Supabase.Gotrue.6.0.3/lib/netstandard2.1/Supabase.Gotrue.dll, AssemblyName=Supabase.Gotrue, Version=6.0.3.0, Culture=neutral, PublicKeyToken=null' and ignoring 'Assets/Packages/gotrue-csharp.4.2.7/lib/netstandard2.0/Supabase.Gotrue.dll, AssemblyName=Supabase.Gotrue, Version=4.2.7.0, Culture=neutral, PublicKeyToken=null'.Duplicate assembly 'Supabase.Storage.dll' with different versions detected, using 'Assets/Packages/Supabase.Storage.2.0.2/lib/netstandard2.0/Supabase.Storage.dll, AssemblyName=Supabase.Storage, Version=2.0.2.0, Culture=neutral, PublicKeyToken=null' and ignoring 'Assets/Packages/supabase-storage-csharp.1.4.0/lib/netstandard2.0/Supabase.Storage.dll, AssemblyName=Supabase.Storage, Version=1.4.0.0, Culture=neutral, PublicKeyToken=null'.Duplicate assembly 'Supabase.Postgrest.dll' with different versions detected, using 'Assets/Packages/Supabase.Postgrest.4.0.3/lib/netstandard2.0/Supabase.Postgrest.dll, AssemblyName=Supabase.Postgrest, Version=4.0.3.0, Culture=neutral, PublicKeyToken=null' and ignoring 'Assets/Packages/postgrest-csharp.3.5.1/lib/netstandard2.0/Supabase.Postgrest.dll, AssemblyName=Supabase.Postgrest, Version=3.5.1.0, Culture=neutral, PublicKeyToken=null'.Duplicate assembly 'Supabase.dll' with different versions detected, using 'Assets/Packages/Supabase.1.1.1/lib/netstandard2.1/Supabase.dll, AssemblyName=Supabase, Version=1.1.1.0, Culture=neutral, PublicKeyToken=null' and ignoring 'Assets/Packages/supabase-csharp.0.16.2/lib/netstandard2.0/Supabase.dll, AssemblyName=Supabase, Version=0.16.2.0, Culture=neutral, PublicKeyToken=null'.- Loaded All Assemblies, in  1.941 seconds
Refreshing native plugins compatible for Editor in 56.07 ms, found 4 plugins.
Native extension for WindowsStandalone target not found
Native extension for WebGL target not found
[Package Manager] Server::EnsureServerProcessIsRunning -- launch failed, reason: Unity was launched with the -noUpm command-line argument
[Package Manager] UpmClient::Send -- Unable to send message (not connected to UPM process).
[Package Manager] Cannot connect to Unity Package Manager local server
Mono: successfully reloaded assembly
- Finished resetting the current domain, in  1.922 seconds
Domain Reload Profiling: 3841ms
	BeginReloadAssembly (252ms)
		ExecutionOrderSort (0ms)
		DisableScriptedObjects (14ms)
		BackupInstance (0ms)
		ReleaseScriptingObjects (0ms)
		CreateAndSetChildDomain (52ms)
	RebuildCommonClasses (40ms)
	RebuildNativeTypeToScriptingClass (13ms)
	initialDomainReloadingComplete (117ms)
	LoadAllAssembliesAndSetupDomain (1496ms)
		LoadAssemblies (1602ms)
		RebuildTransferFunctionScriptingTraits (0ms)
		AnalyzeDomain (33ms)
			TypeCache.Refresh (13ms)
				TypeCache.ScanAssembly (2ms)
			ScanForSourceGeneratedMonoScriptInfo (10ms)
			ResolveRequiredComponents (9ms)
	FinalizeReload (1923ms)
		ReleaseScriptCaches (0ms)
		RebuildScriptCaches (0ms)
		SetupLoadedEditorAssemblies (692ms)
			LogAssemblyErrors (0ms)
			InitializePlatformSupportModulesInManaged (13ms)
			SetLoadedEditorAssemblies (5ms)
			RefreshPlugins (0ms)
			BeforeProcessingInitializeOnLoad (145ms)
			ProcessInitializeOnLoadAttributes (458ms)
			ProcessInitializeOnLoadMethodAttributes (46ms)
			AfterProcessingInitializeOnLoad (25ms)
			EditorAssembliesLoaded (0ms)
		ExecutionOrderSort2 (0ms)
		AwakeInstancesAfterBackupRestoration (15ms)
Refreshing native plugins compatible for Editor in 54.98 ms, found 4 plugins.
Preloading 0 native plugins for Editor in 0.00 ms.
Unloading 4632 Unused Serialized files (Serialized files now loaded: 0)
Unloading 114 unused Assets / (149.3 KB). Loaded Objects now: 5076.
Memory consumption went from 150.2 MB to 150.0 MB.
Total: 4.030100 ms (FindLiveObjects: 0.337300 ms CreateObjectMapping: 0.278800 ms MarkObjects: 3.259200 ms  DeleteObjects: 0.154000 ms)

Prepare: number of updated asset objects reloaded= 0
AssetImportParameters requested are different than current active one (requested -> active):
  custom:container-demuxer-ogg: 62fdf1f143b41e24485cea50d1cbac27 -> 
  custom:video-codec-MediaFoundation-h265: 746d11721c4dcdbdad8f713fa42b33f4 -> 
  custom:video-decoder-ogg-theora: a1e56fd34408186e4bbccfd4996cb3dc -> 
  custom:framework-win-MediaFoundation: 216162199b28c13a410421893ffa2e32 -> 
  custom:CustomObjectIndexerAttribute: 756ad292c208cfabdd7b50bc23989ffe -> 
  custom:container-demuxer-webm: 4f35f7cbe854078d1ac9338744f61a02 -> 
  custom:container-muxer-webm: aa71ff27fc2769a1b78a27578f13a17b -> 
  custom:video-decoder-webm-vp8: 9c59270c3fd7afecdb556c50c9e8de78 -> 
  custom:SearchIndexIgnoredProperties: e643bd26f0fe6173181afceb89e7c659 -> 
  custom:AudioImporter_EditorPlatform: d09bf68614088b80899f8185d706f6e7 -> 
  custom:video-encoder-webm-vp8: eb34c28f22e8b96e1ab97ce403110664 -> 
  custom:audio-decoder-ogg-vorbis: bf7c407c2cedff20999df2af8eb42d56 -> 
  custom:audio-encoder-webm-vorbis: bf7c407c2cedff20999df2af8eb42d56 -> 
========================================================================
Received Prepare
Begin MonoManager ReloadAssembly
Duplicate assembly 'Supabase.Realtime.dll' with different versions detected, using 'Assets/Packages/Supabase.Realtime.7.0.2/lib/netstandard2.1/Supabase.Realtime.dll, AssemblyName=Supabase.Realtime, Version=7.0.2.0, Culture=neutral, PublicKeyToken=null' and ignoring 'Assets/Packages/realtime-csharp.6.0.4/lib/netstandard2.0/Supabase.Realtime.dll, AssemblyName=Supabase.Realtime, Version=6.0.4.0, Culture=neutral, PublicKeyToken=null'.Duplicate assembly 'Supabase.Functions.dll' with different versions detected, using 'Assets/Packages/Supabase.Functions.2.0.0/lib/netstandard2.0/Supabase.Functions.dll, AssemblyName=Supabase.Functions, Version=2.0.0.0, Culture=neutral, PublicKeyToken=null' and ignoring 'Assets/Packages/functions-csharp.1.3.2/lib/netstandard2.0/Supabase.Functions.dll, AssemblyName=Supabase.Functions, Version=1.3.2.0, Culture=neutral, PublicKeyToken=null'.Duplicate assembly 'Supabase.Gotrue.dll' with different versions detected, using 'Assets/Packages/Supabase.Gotrue.6.0.3/lib/netstandard2.1/Supabase.Gotrue.dll, AssemblyName=Supabase.Gotrue, Version=6.0.3.0, Culture=neutral, PublicKeyToken=null' and ignoring 'Assets/Packages/gotrue-csharp.4.2.7/lib/netstandard2.0/Supabase.Gotrue.dll, AssemblyName=Supabase.Gotrue, Version=4.2.7.0, Culture=neutral, PublicKeyToken=null'.Duplicate assembly 'Supabase.Storage.dll' with different versions detected, using 'Assets/Packages/Supabase.Storage.2.0.2/lib/netstandard2.0/Supabase.Storage.dll, AssemblyName=Supabase.Storage, Version=2.0.2.0, Culture=neutral, PublicKeyToken=null' and ignoring 'Assets/Packages/supabase-storage-csharp.1.4.0/lib/netstandard2.0/Supabase.Storage.dll, AssemblyName=Supabase.Storage, Version=1.4.0.0, Culture=neutral, PublicKeyToken=null'.Duplicate assembly 'Supabase.Postgrest.dll' with different versions detected, using 'Assets/Packages/Supabase.Postgrest.4.0.3/lib/netstandard2.0/Supabase.Postgrest.dll, AssemblyName=Supabase.Postgrest, Version=4.0.3.0, Culture=neutral, PublicKeyToken=null' and ignoring 'Assets/Packages/postgrest-csharp.3.5.1/lib/netstandard2.0/Supabase.Postgrest.dll, AssemblyName=Supabase.Postgrest, Version=3.5.1.0, Culture=neutral, PublicKeyToken=null'.Duplicate assembly 'Supabase.dll' with different versions detected, using 'Assets/Packages/Supabase.1.1.1/lib/netstandard2.1/Supabase.dll, AssemblyName=Supabase, Version=1.1.1.0, Culture=neutral, PublicKeyToken=null' and ignoring 'Assets/Packages/supabase-csharp.0.16.2/lib/netstandard2.0/Supabase.dll, AssemblyName=Supabase, Version=0.16.2.0, Culture=neutral, PublicKeyToken=null'.- Loaded All Assemblies, in  1.998 seconds
Refreshing native plugins compatible for Editor in 65.77 ms, found 4 plugins.
Native extension for WindowsStandalone target not found
Native extension for WebGL target not found
[Package Manager] Server::EnsureServerProcessIsRunning -- launch failed, reason: Unity was launched with the -noUpm command-line argument
[Package Manager] UpmClient::Send -- Unable to send message (not connected to UPM process).
[Package Manager] Cannot connect to Unity Package Manager local server
Mono: successfully reloaded assembly
- Finished resetting the current domain, in  1.902 seconds
Domain Reload Profiling: 3876ms
	BeginReloadAssembly (262ms)
		ExecutionOrderSort (0ms)
		DisableScriptedObjects (14ms)
		BackupInstance (0ms)
		ReleaseScriptingObjects (0ms)
		CreateAndSetChildDomain (51ms)
	RebuildCommonClasses (39ms)
	RebuildNativeTypeToScriptingClass (13ms)
	initialDomainReloadingComplete (110ms)
	LoadAllAssembliesAndSetupDomain (1550ms)
		LoadAssemblies (1660ms)
		RebuildTransferFunctionScriptingTraits (0ms)
		AnalyzeDomain (38ms)
			TypeCache.Refresh (15ms)
				TypeCache.ScanAssembly (3ms)
			ScanForSourceGeneratedMonoScriptInfo (12ms)
			ResolveRequiredComponents (10ms)
	FinalizeReload (1903ms)
		ReleaseScriptCaches (0ms)
		RebuildScriptCaches (0ms)
		SetupLoadedEditorAssemblies (704ms)
			LogAssemblyErrors (0ms)
			InitializePlatformSupportModulesInManaged (14ms)
			SetLoadedEditorAssemblies (5ms)
			RefreshPlugins (0ms)
			BeforeProcessingInitializeOnLoad (151ms)
			ProcessInitializeOnLoadAttributes (469ms)
			ProcessInitializeOnLoadMethodAttributes (40ms)
			AfterProcessingInitializeOnLoad (26ms)
			EditorAssembliesLoaded (0ms)
		ExecutionOrderSort2 (0ms)
		AwakeInstancesAfterBackupRestoration (16ms)
Refreshing native plugins compatible for Editor in 60.50 ms, found 4 plugins.
Preloading 0 native plugins for Editor in 0.00 ms.
Unloading 4632 Unused Serialized files (Serialized files now loaded: 0)
Unloading 114 unused Assets / (149.4 KB). Loaded Objects now: 5092.
Memory consumption went from 150.2 MB to 150.0 MB.
Total: 4.427900 ms (FindLiveObjects: 0.342300 ms CreateObjectMapping: 0.291900 ms MarkObjects: 3.643000 ms  DeleteObjects: 0.149700 ms)

Prepare: number of updated asset objects reloaded= 0
AssetImportParameters requested are different than current active one (requested -> active):
  custom:container-demuxer-ogg: 62fdf1f143b41e24485cea50d1cbac27 -> 
  custom:video-codec-MediaFoundation-h265: 746d11721c4dcdbdad8f713fa42b33f4 -> 
  custom:video-decoder-ogg-theora: a1e56fd34408186e4bbccfd4996cb3dc -> 
  custom:framework-win-MediaFoundation: 216162199b28c13a410421893ffa2e32 -> 
  custom:CustomObjectIndexerAttribute: 756ad292c208cfabdd7b50bc23989ffe -> 
  custom:container-demuxer-webm: 4f35f7cbe854078d1ac9338744f61a02 -> 
  custom:container-muxer-webm: aa71ff27fc2769a1b78a27578f13a17b -> 
  custom:video-decoder-webm-vp8: 9c59270c3fd7afecdb556c50c9e8de78 -> 
  custom:SearchIndexIgnoredProperties: e643bd26f0fe6173181afceb89e7c659 -> 
  custom:AudioImporter_EditorPlatform: d09bf68614088b80899f8185d706f6e7 -> 
  custom:video-encoder-webm-vp8: eb34c28f22e8b96e1ab97ce403110664 -> 
  custom:audio-decoder-ogg-vorbis: bf7c407c2cedff20999df2af8eb42d56 -> 
  custom:audio-encoder-webm-vorbis: bf7c407c2cedff20999df2af8eb42d56 -> 
========================================================================
Received Prepare
Begin MonoManager ReloadAssembly
Duplicate assembly 'Supabase.Realtime.dll' with different versions detected, using 'Assets/Packages/Supabase.Realtime.7.0.2/lib/netstandard2.1/Supabase.Realtime.dll, AssemblyName=Supabase.Realtime, Version=7.0.2.0, Culture=neutral, PublicKeyToken=null' and ignoring 'Assets/Packages/realtime-csharp.6.0.4/lib/netstandard2.0/Supabase.Realtime.dll, AssemblyName=Supabase.Realtime, Version=6.0.4.0, Culture=neutral, PublicKeyToken=null'.Duplicate assembly 'Supabase.Functions.dll' with different versions detected, using 'Assets/Packages/Supabase.Functions.2.0.0/lib/netstandard2.0/Supabase.Functions.dll, AssemblyName=Supabase.Functions, Version=2.0.0.0, Culture=neutral, PublicKeyToken=null' and ignoring 'Assets/Packages/functions-csharp.1.3.2/lib/netstandard2.0/Supabase.Functions.dll, AssemblyName=Supabase.Functions, Version=1.3.2.0, Culture=neutral, PublicKeyToken=null'.Duplicate assembly 'Supabase.Gotrue.dll' with different versions detected, using 'Assets/Packages/Supabase.Gotrue.6.0.3/lib/netstandard2.1/Supabase.Gotrue.dll, AssemblyName=Supabase.Gotrue, Version=6.0.3.0, Culture=neutral, PublicKeyToken=null' and ignoring 'Assets/Packages/gotrue-csharp.4.2.7/lib/netstandard2.0/Supabase.Gotrue.dll, AssemblyName=Supabase.Gotrue, Version=4.2.7.0, Culture=neutral, PublicKeyToken=null'.Duplicate assembly 'Supabase.Storage.dll' with different versions detected, using 'Assets/Packages/Supabase.Storage.2.0.2/lib/netstandard2.0/Supabase.Storage.dll, AssemblyName=Supabase.Storage, Version=2.0.2.0, Culture=neutral, PublicKeyToken=null' and ignoring 'Assets/Packages/supabase-storage-csharp.1.4.0/lib/netstandard2.0/Supabase.Storage.dll, AssemblyName=Supabase.Storage, Version=1.4.0.0, Culture=neutral, PublicKeyToken=null'.Duplicate assembly 'Supabase.Postgrest.dll' with different versions detected, using 'Assets/Packages/Supabase.Postgrest.4.0.3/lib/netstandard2.0/Supabase.Postgrest.dll, AssemblyName=Supabase.Postgrest, Version=4.0.3.0, Culture=neutral, PublicKeyToken=null' and ignoring 'Assets/Packages/postgrest-csharp.3.5.1/lib/netstandard2.0/Supabase.Postgrest.dll, AssemblyName=Supabase.Postgrest, Version=3.5.1.0, Culture=neutral, PublicKeyToken=null'.Duplicate assembly 'Supabase.dll' with different versions detected, using 'Assets/Packages/Supabase.1.1.1/lib/netstandard2.1/Supabase.dll, AssemblyName=Supabase, Version=1.1.1.0, Culture=neutral, PublicKeyToken=null' and ignoring 'Assets/Packages/supabase-csharp.0.16.2/lib/netstandard2.0/Supabase.dll, AssemblyName=Supabase, Version=0.16.2.0, Culture=neutral, PublicKeyToken=null'.- Loaded All Assemblies, in  2.988 seconds
Refreshing native plugins compatible for Editor in 69.31 ms, found 4 plugins.
Native extension for WindowsStandalone target not found
Native extension for WebGL target not found
[Package Manager] Server::EnsureServerProcessIsRunning -- launch failed, reason: Unity was launched with the -noUpm command-line argument
[Package Manager] UpmClient::Send -- Unable to send message (not connected to UPM process).
[Package Manager] Cannot connect to Unity Package Manager local server
Mono: successfully reloaded assembly
- Finished resetting the current domain, in  2.431 seconds
Domain Reload Profiling: 5393ms
	BeginReloadAssembly (554ms)
		ExecutionOrderSort (0ms)
		DisableScriptedObjects (15ms)
		BackupInstance (0ms)
		ReleaseScriptingObjects (0ms)
		CreateAndSetChildDomain (68ms)
	RebuildCommonClasses (53ms)
	RebuildNativeTypeToScriptingClass (14ms)
	initialDomainReloadingComplete (137ms)
	LoadAllAssembliesAndSetupDomain (2202ms)
		LoadAssemblies (2550ms)
		RebuildTransferFunctionScriptingTraits (0ms)
		AnalyzeDomain (21ms)
			TypeCache.Refresh (8ms)
				TypeCache.ScanAssembly (0ms)
			ScanForSourceGeneratedMonoScriptInfo (0ms)
			ResolveRequiredComponents (12ms)
	FinalizeReload (2432ms)
		ReleaseScriptCaches (0ms)
		RebuildScriptCaches (0ms)
		SetupLoadedEditorAssemblies (836ms)
			LogAssemblyErrors (0ms)
			InitializePlatformSupportModulesInManaged (17ms)
			SetLoadedEditorAssemblies (6ms)
			RefreshPlugins (0ms)
			BeforeProcessingInitializeOnLoad (183ms)
			ProcessInitializeOnLoadAttributes (554ms)
			ProcessInitializeOnLoadMethodAttributes (45ms)
			AfterProcessingInitializeOnLoad (30ms)
			EditorAssembliesLoaded (0ms)
		ExecutionOrderSort2 (0ms)
		AwakeInstancesAfterBackupRestoration (18ms)
Refreshing native plugins compatible for Editor in 58.47 ms, found 4 plugins.
Preloading 0 native plugins for Editor in 0.00 ms.
Unloading 4632 Unused Serialized files (Serialized files now loaded: 0)
Unloading 114 unused Assets / (149.3 KB). Loaded Objects now: 5108.
Memory consumption went from 150.2 MB to 150.1 MB.
Total: 3.734100 ms (FindLiveObjects: 0.312700 ms CreateObjectMapping: 0.134200 ms MarkObjects: 3.133400 ms  DeleteObjects: 0.153000 ms)

Prepare: number of updated asset objects reloaded= 0
AssetImportParameters requested are different than current active one (requested -> active):
  custom:container-demuxer-ogg: 62fdf1f143b41e24485cea50d1cbac27 -> 
  custom:video-codec-MediaFoundation-h265: 746d11721c4dcdbdad8f713fa42b33f4 -> 
  custom:video-decoder-ogg-theora: a1e56fd34408186e4bbccfd4996cb3dc -> 
  custom:framework-win-MediaFoundation: 216162199b28c13a410421893ffa2e32 -> 
  custom:CustomObjectIndexerAttribute: 756ad292c208cfabdd7b50bc23989ffe -> 
  custom:container-demuxer-webm: 4f35f7cbe854078d1ac9338744f61a02 -> 
  custom:container-muxer-webm: aa71ff27fc2769a1b78a27578f13a17b -> 
  custom:video-decoder-webm-vp8: 9c59270c3fd7afecdb556c50c9e8de78 -> 
  custom:SearchIndexIgnoredProperties: e643bd26f0fe6173181afceb89e7c659 -> 
  custom:AudioImporter_EditorPlatform: d09bf68614088b80899f8185d706f6e7 -> 
  custom:video-encoder-webm-vp8: eb34c28f22e8b96e1ab97ce403110664 -> 
  custom:audio-decoder-ogg-vorbis: bf7c407c2cedff20999df2af8eb42d56 -> 
  custom:audio-encoder-webm-vorbis: bf7c407c2cedff20999df2af8eb42d56 -> 
========================================================================
Received Prepare
Begin MonoManager ReloadAssembly
Duplicate assembly 'Supabase.Realtime.dll' with different versions detected, using 'Assets/Packages/Supabase.Realtime.7.0.2/lib/netstandard2.1/Supabase.Realtime.dll, AssemblyName=Supabase.Realtime, Version=7.0.2.0, Culture=neutral, PublicKeyToken=null' and ignoring 'Assets/Packages/realtime-csharp.6.0.4/lib/netstandard2.0/Supabase.Realtime.dll, AssemblyName=Supabase.Realtime, Version=6.0.4.0, Culture=neutral, PublicKeyToken=null'.Duplicate assembly 'Supabase.Functions.dll' with different versions detected, using 'Assets/Packages/Supabase.Functions.2.0.0/lib/netstandard2.0/Supabase.Functions.dll, AssemblyName=Supabase.Functions, Version=2.0.0.0, Culture=neutral, PublicKeyToken=null' and ignoring 'Assets/Packages/functions-csharp.1.3.2/lib/netstandard2.0/Supabase.Functions.dll, AssemblyName=Supabase.Functions, Version=1.3.2.0, Culture=neutral, PublicKeyToken=null'.Duplicate assembly 'Supabase.Gotrue.dll' with different versions detected, using 'Assets/Packages/Supabase.Gotrue.6.0.3/lib/netstandard2.1/Supabase.Gotrue.dll, AssemblyName=Supabase.Gotrue, Version=6.0.3.0, Culture=neutral, PublicKeyToken=null' and ignoring 'Assets/Packages/gotrue-csharp.4.2.7/lib/netstandard2.0/Supabase.Gotrue.dll, AssemblyName=Supabase.Gotrue, Version=4.2.7.0, Culture=neutral, PublicKeyToken=null'.Duplicate assembly 'Supabase.Storage.dll' with different versions detected, using 'Assets/Packages/Supabase.Storage.2.0.2/lib/netstandard2.0/Supabase.Storage.dll, AssemblyName=Supabase.Storage, Version=2.0.2.0, Culture=neutral, PublicKeyToken=null' and ignoring 'Assets/Packages/supabase-storage-csharp.1.4.0/lib/netstandard2.0/Supabase.Storage.dll, AssemblyName=Supabase.Storage, Version=1.4.0.0, Culture=neutral, PublicKeyToken=null'.Duplicate assembly 'Supabase.Postgrest.dll' with different versions detected, using 'Assets/Packages/Supabase.Postgrest.4.0.3/lib/netstandard2.0/Supabase.Postgrest.dll, AssemblyName=Supabase.Postgrest, Version=4.0.3.0, Culture=neutral, PublicKeyToken=null' and ignoring 'Assets/Packages/postgrest-csharp.3.5.1/lib/netstandard2.0/Supabase.Postgrest.dll, AssemblyName=Supabase.Postgrest, Version=3.5.1.0, Culture=neutral, PublicKeyToken=null'.Duplicate assembly 'Supabase.dll' with different versions detected, using 'Assets/Packages/Supabase.1.1.1/lib/netstandard2.1/Supabase.dll, AssemblyName=Supabase, Version=1.1.1.0, Culture=neutral, PublicKeyToken=null' and ignoring 'Assets/Packages/supabase-csharp.0.16.2/lib/netstandard2.0/Supabase.dll, AssemblyName=Supabase, Version=0.16.2.0, Culture=neutral, PublicKeyToken=null'.- Loaded All Assemblies, in  2.519 seconds
Refreshing native plugins compatible for Editor in 71.13 ms, found 4 plugins.
Native extension for WindowsStandalone target not found
Native extension for WebGL target not found
[Package Manager] Server::EnsureServerProcessIsRunning -- launch failed, reason: Unity was launched with the -noUpm command-line argument
[Package Manager] UpmClient::Send -- Unable to send message (not connected to UPM process).
[Package Manager] Cannot connect to Unity Package Manager local server
Mono: successfully reloaded assembly
- Finished resetting the current domain, in  2.516 seconds
Domain Reload Profiling: 5005ms
	BeginReloadAssembly (322ms)
		ExecutionOrderSort (0ms)
		DisableScriptedObjects (23ms)
		BackupInstance (0ms)
		ReleaseScriptingObjects (0ms)
		CreateAndSetChildDomain (64ms)
	RebuildCommonClasses (50ms)
	RebuildNativeTypeToScriptingClass (17ms)
	initialDomainReloadingComplete (148ms)
	LoadAllAssembliesAndSetupDomain (1952ms)
		LoadAssemblies (2108ms)
		RebuildTransferFunctionScriptingTraits (0ms)
		AnalyzeDomain (20ms)
			TypeCache.Refresh (7ms)
				TypeCache.ScanAssembly (0ms)
			ScanForSourceGeneratedMonoScriptInfo (0ms)
			ResolveRequiredComponents (12ms)
	FinalizeReload (2516ms)
		ReleaseScriptCaches (0ms)
		RebuildScriptCaches (0ms)
		SetupLoadedEditorAssemblies (963ms)
			LogAssemblyErrors (0ms)
			InitializePlatformSupportModulesInManaged (18ms)
			SetLoadedEditorAssemblies (36ms)
			RefreshPlugins (0ms)
			BeforeProcessingInitializeOnLoad (250ms)
			ProcessInitializeOnLoadAttributes (585ms)
			ProcessInitializeOnLoadMethodAttributes (46ms)
			AfterProcessingInitializeOnLoad (29ms)
			EditorAssembliesLoaded (0ms)
		ExecutionOrderSort2 (0ms)
		AwakeInstancesAfterBackupRestoration (20ms)
Refreshing native plugins compatible for Editor in 62.22 ms, found 4 plugins.
Preloading 0 native plugins for Editor in 0.00 ms.
Unloading 4632 Unused Serialized files (Serialized files now loaded: 0)
Unloading 114 unused Assets / (149.3 KB). Loaded Objects now: 5124.
Memory consumption went from 150.1 MB to 150.0 MB.
Total: 4.961400 ms (FindLiveObjects: 0.328000 ms CreateObjectMapping: 0.124800 ms MarkObjects: 4.342900 ms  DeleteObjects: 0.164400 ms)

Prepare: number of updated asset objects reloaded= 0
AssetImportParameters requested are different than current active one (requested -> active):
  custom:container-demuxer-ogg: 62fdf1f143b41e24485cea50d1cbac27 -> 
  custom:video-codec-MediaFoundation-h265: 746d11721c4dcdbdad8f713fa42b33f4 -> 
  custom:video-decoder-ogg-theora: a1e56fd34408186e4bbccfd4996cb3dc -> 
  custom:framework-win-MediaFoundation: 216162199b28c13a410421893ffa2e32 -> 
  custom:CustomObjectIndexerAttribute: 756ad292c208cfabdd7b50bc23989ffe -> 
  custom:container-demuxer-webm: 4f35f7cbe854078d1ac9338744f61a02 -> 
  custom:container-muxer-webm: aa71ff27fc2769a1b78a27578f13a17b -> 
  custom:video-decoder-webm-vp8: 9c59270c3fd7afecdb556c50c9e8de78 -> 
  custom:SearchIndexIgnoredProperties: e643bd26f0fe6173181afceb89e7c659 -> 
  custom:AudioImporter_EditorPlatform: d09bf68614088b80899f8185d706f6e7 -> 
  custom:video-encoder-webm-vp8: eb34c28f22e8b96e1ab97ce403110664 -> 
  custom:audio-decoder-ogg-vorbis: bf7c407c2cedff20999df2af8eb42d56 -> 
  custom:audio-encoder-webm-vorbis: bf7c407c2cedff20999df2af8eb42d56 -> 
========================================================================
Received Prepare
Begin MonoManager ReloadAssembly
Duplicate assembly 'Supabase.Realtime.dll' with different versions detected, using 'Assets/Packages/Supabase.Realtime.7.0.2/lib/netstandard2.1/Supabase.Realtime.dll, AssemblyName=Supabase.Realtime, Version=7.0.2.0, Culture=neutral, PublicKeyToken=null' and ignoring 'Assets/Packages/realtime-csharp.6.0.4/lib/netstandard2.0/Supabase.Realtime.dll, AssemblyName=Supabase.Realtime, Version=6.0.4.0, Culture=neutral, PublicKeyToken=null'.Duplicate assembly 'Supabase.Functions.dll' with different versions detected, using 'Assets/Packages/Supabase.Functions.2.0.0/lib/netstandard2.0/Supabase.Functions.dll, AssemblyName=Supabase.Functions, Version=2.0.0.0, Culture=neutral, PublicKeyToken=null' and ignoring 'Assets/Packages/functions-csharp.1.3.2/lib/netstandard2.0/Supabase.Functions.dll, AssemblyName=Supabase.Functions, Version=1.3.2.0, Culture=neutral, PublicKeyToken=null'.Duplicate assembly 'Supabase.Gotrue.dll' with different versions detected, using 'Assets/Packages/Supabase.Gotrue.6.0.3/lib/netstandard2.1/Supabase.Gotrue.dll, AssemblyName=Supabase.Gotrue, Version=6.0.3.0, Culture=neutral, PublicKeyToken=null' and ignoring 'Assets/Packages/gotrue-csharp.4.2.7/lib/netstandard2.0/Supabase.Gotrue.dll, AssemblyName=Supabase.Gotrue, Version=4.2.7.0, Culture=neutral, PublicKeyToken=null'.Duplicate assembly 'Supabase.Storage.dll' with different versions detected, using 'Assets/Packages/Supabase.Storage.2.0.2/lib/netstandard2.0/Supabase.Storage.dll, AssemblyName=Supabase.Storage, Version=2.0.2.0, Culture=neutral, PublicKeyToken=null' and ignoring 'Assets/Packages/supabase-storage-csharp.1.4.0/lib/netstandard2.0/Supabase.Storage.dll, AssemblyName=Supabase.Storage, Version=1.4.0.0, Culture=neutral, PublicKeyToken=null'.Duplicate assembly 'Supabase.Postgrest.dll' with different versions detected, using 'Assets/Packages/Supabase.Postgrest.4.0.3/lib/netstandard2.0/Supabase.Postgrest.dll, AssemblyName=Supabase.Postgrest, Version=4.0.3.0, Culture=neutral, PublicKeyToken=null' and ignoring 'Assets/Packages/postgrest-csharp.3.5.1/lib/netstandard2.0/Supabase.Postgrest.dll, AssemblyName=Supabase.Postgrest, Version=3.5.1.0, Culture=neutral, PublicKeyToken=null'.Duplicate assembly 'Supabase.dll' with different versions detected, using 'Assets/Packages/Supabase.1.1.1/lib/netstandard2.1/Supabase.dll, AssemblyName=Supabase, Version=1.1.1.0, Culture=neutral, PublicKeyToken=null' and ignoring 'Assets/Packages/supabase-csharp.0.16.2/lib/netstandard2.0/Supabase.dll, AssemblyName=Supabase, Version=0.16.2.0, Culture=neutral, PublicKeyToken=null'.- Loaded All Assemblies, in  2.285 seconds
Refreshing native plugins compatible for Editor in 73.35 ms, found 4 plugins.
Native extension for WindowsStandalone target not found
Native extension for WebGL target not found
[Package Manager] Server::EnsureServerProcessIsRunning -- launch failed, reason: Unity was launched with the -noUpm command-line argument
[Package Manager] UpmClient::Send -- Unable to send message (not connected to UPM process).
[Package Manager] Cannot connect to Unity Package Manager local server
Mono: successfully reloaded assembly
- Finished resetting the current domain, in  2.537 seconds
Domain Reload Profiling: 4797ms
	BeginReloadAssembly (297ms)
		ExecutionOrderSort (0ms)
		DisableScriptedObjects (18ms)
		BackupInstance (0ms)
		ReleaseScriptingObjects (0ms)
		CreateAndSetChildDomain (62ms)
	RebuildCommonClasses (48ms)
	RebuildNativeTypeToScriptingClass (14ms)
	initialDomainReloadingComplete (119ms)
	LoadAllAssembliesAndSetupDomain (1781ms)
		LoadAssemblies (1924ms)
		RebuildTransferFunctionScriptingTraits (0ms)
		AnalyzeDomain (19ms)
			TypeCache.Refresh (7ms)
				TypeCache.ScanAssembly (0ms)
			ScanForSourceGeneratedMonoScriptInfo (0ms)
			ResolveRequiredComponents (11ms)
	FinalizeReload (2538ms)
		ReleaseScriptCaches (0ms)
		RebuildScriptCaches (0ms)
		SetupLoadedEditorAssemblies (983ms)
			LogAssemblyErrors (0ms)
			InitializePlatformSupportModulesInManaged (20ms)
			SetLoadedEditorAssemblies (7ms)
			RefreshPlugins (0ms)
			BeforeProcessingInitializeOnLoad (219ms)
			ProcessInitializeOnLoadAttributes (651ms)
			ProcessInitializeOnLoadMethodAttributes (51ms)
			AfterProcessingInitializeOnLoad (34ms)
			EditorAssembliesLoaded (1ms)
		ExecutionOrderSort2 (0ms)
		AwakeInstancesAfterBackupRestoration (21ms)
Refreshing native plugins compatible for Editor in 63.90 ms, found 4 plugins.
Preloading 0 native plugins for Editor in 0.00 ms.
Unloading 4632 Unused Serialized files (Serialized files now loaded: 0)
Unloading 114 unused Assets / (149.4 KB). Loaded Objects now: 5140.
Memory consumption went from 150.2 MB to 150.1 MB.
Total: 5.192400 ms (FindLiveObjects: 0.344800 ms CreateObjectMapping: 0.347300 ms MarkObjects: 4.311900 ms  DeleteObjects: 0.187500 ms)

Prepare: number of updated asset objects reloaded= 0
AssetImportParameters requested are different than current active one (requested -> active):
  custom:container-demuxer-ogg: 62fdf1f143b41e24485cea50d1cbac27 -> 
  custom:video-codec-MediaFoundation-h265: 746d11721c4dcdbdad8f713fa42b33f4 -> 
  custom:video-decoder-ogg-theora: a1e56fd34408186e4bbccfd4996cb3dc -> 
  custom:framework-win-MediaFoundation: 216162199b28c13a410421893ffa2e32 -> 
  custom:CustomObjectIndexerAttribute: 756ad292c208cfabdd7b50bc23989ffe -> 
  custom:container-demuxer-webm: 4f35f7cbe854078d1ac9338744f61a02 -> 
  custom:container-muxer-webm: aa71ff27fc2769a1b78a27578f13a17b -> 
  custom:video-decoder-webm-vp8: 9c59270c3fd7afecdb556c50c9e8de78 -> 
  custom:SearchIndexIgnoredProperties: e643bd26f0fe6173181afceb89e7c659 -> 
  custom:AudioImporter_EditorPlatform: d09bf68614088b80899f8185d706f6e7 -> 
  custom:video-encoder-webm-vp8: eb34c28f22e8b96e1ab97ce403110664 -> 
  custom:audio-decoder-ogg-vorbis: bf7c407c2cedff20999df2af8eb42d56 -> 
  custom:audio-encoder-webm-vorbis: bf7c407c2cedff20999df2af8eb42d56 -> 
========================================================================
Received Prepare
Begin MonoManager ReloadAssembly
Duplicate assembly 'Supabase.Realtime.dll' with different versions detected, using 'Assets/Packages/Supabase.Realtime.7.0.2/lib/netstandard2.1/Supabase.Realtime.dll, AssemblyName=Supabase.Realtime, Version=7.0.2.0, Culture=neutral, PublicKeyToken=null' and ignoring 'Assets/Packages/realtime-csharp.6.0.4/lib/netstandard2.0/Supabase.Realtime.dll, AssemblyName=Supabase.Realtime, Version=6.0.4.0, Culture=neutral, PublicKeyToken=null'.Duplicate assembly 'Supabase.Functions.dll' with different versions detected, using 'Assets/Packages/Supabase.Functions.2.0.0/lib/netstandard2.0/Supabase.Functions.dll, AssemblyName=Supabase.Functions, Version=2.0.0.0, Culture=neutral, PublicKeyToken=null' and ignoring 'Assets/Packages/functions-csharp.1.3.2/lib/netstandard2.0/Supabase.Functions.dll, AssemblyName=Supabase.Functions, Version=1.3.2.0, Culture=neutral, PublicKeyToken=null'.Duplicate assembly 'Supabase.Gotrue.dll' with different versions detected, using 'Assets/Packages/Supabase.Gotrue.6.0.3/lib/netstandard2.1/Supabase.Gotrue.dll, AssemblyName=Supabase.Gotrue, Version=6.0.3.0, Culture=neutral, PublicKeyToken=null' and ignoring 'Assets/Packages/gotrue-csharp.4.2.7/lib/netstandard2.0/Supabase.Gotrue.dll, AssemblyName=Supabase.Gotrue, Version=4.2.7.0, Culture=neutral, PublicKeyToken=null'.Duplicate assembly 'Supabase.Storage.dll' with different versions detected, using 'Assets/Packages/Supabase.Storage.2.0.2/lib/netstandard2.0/Supabase.Storage.dll, AssemblyName=Supabase.Storage, Version=2.0.2.0, Culture=neutral, PublicKeyToken=null' and ignoring 'Assets/Packages/supabase-storage-csharp.1.4.0/lib/netstandard2.0/Supabase.Storage.dll, AssemblyName=Supabase.Storage, Version=1.4.0.0, Culture=neutral, PublicKeyToken=null'.Duplicate assembly 'Supabase.Postgrest.dll' with different versions detected, using 'Assets/Packages/Supabase.Postgrest.4.0.3/lib/netstandard2.0/Supabase.Postgrest.dll, AssemblyName=Supabase.Postgrest, Version=4.0.3.0, Culture=neutral, PublicKeyToken=null' and ignoring 'Assets/Packages/postgrest-csharp.3.5.1/lib/netstandard2.0/Supabase.Postgrest.dll, AssemblyName=Supabase.Postgrest, Version=3.5.1.0, Culture=neutral, PublicKeyToken=null'.Duplicate assembly 'Supabase.dll' with different versions detected, using 'Assets/Packages/Supabase.1.1.1/lib/netstandard2.1/Supabase.dll, AssemblyName=Supabase, Version=1.1.1.0, Culture=neutral, PublicKeyToken=null' and ignoring 'Assets/Packages/supabase-csharp.0.16.2/lib/netstandard2.0/Supabase.dll, AssemblyName=Supabase, Version=0.16.2.0, Culture=neutral, PublicKeyToken=null'.- Loaded All Assemblies, in  2.046 seconds
Refreshing native plugins compatible for Editor in 53.12 ms, found 4 plugins.
Native extension for WindowsStandalone target not found
Native extension for WebGL target not found
[Package Manager] Server::EnsureServerProcessIsRunning -- launch failed, reason: Unity was launched with the -noUpm command-line argument
[Package Manager] UpmClient::Send -- Unable to send message (not connected to UPM process).
[Package Manager] Cannot connect to Unity Package Manager local server
Mono: successfully reloaded assembly
- Finished resetting the current domain, in  2.044 seconds
Domain Reload Profiling: 4070ms
	BeginReloadAssembly (278ms)
		ExecutionOrderSort (0ms)
		DisableScriptedObjects (14ms)
		BackupInstance (0ms)
		ReleaseScriptingObjects (0ms)
		CreateAndSetChildDomain (52ms)
	RebuildCommonClasses (45ms)
	RebuildNativeTypeToScriptingClass (10ms)
	initialDomainReloadingComplete (112ms)
	LoadAllAssembliesAndSetupDomain (1580ms)
		LoadAssemblies (1706ms)
		RebuildTransferFunctionScriptingTraits (0ms)
		AnalyzeDomain (35ms)
			TypeCache.Refresh (13ms)
				TypeCache.ScanAssembly (3ms)
			ScanForSourceGeneratedMonoScriptInfo (12ms)
			ResolveRequiredComponents (9ms)
	FinalizeReload (2044ms)
		ReleaseScriptCaches (0ms)
		RebuildScriptCaches (0ms)
		SetupLoadedEditorAssemblies (772ms)
			LogAssemblyErrors (0ms)
			InitializePlatformSupportModulesInManaged (17ms)
			SetLoadedEditorAssemblies (5ms)
			RefreshPlugins (0ms)
			BeforeProcessingInitializeOnLoad (167ms)
			ProcessInitializeOnLoadAttributes (515ms)
			ProcessInitializeOnLoadMethodAttributes (44ms)
			AfterProcessingInitializeOnLoad (24ms)
			EditorAssembliesLoaded (0ms)
		ExecutionOrderSort2 (0ms)
		AwakeInstancesAfterBackupRestoration (17ms)
Refreshing native plugins compatible for Editor in 55.81 ms, found 4 plugins.
Preloading 0 native plugins for Editor in 0.00 ms.
Unloading 4632 Unused Serialized files (Serialized files now loaded: 0)
Unloading 114 unused Assets / (149.3 KB). Loaded Objects now: 5156.
Memory consumption went from 150.2 MB to 150.1 MB.
Total: 3.934900 ms (FindLiveObjects: 0.316500 ms CreateObjectMapping: 0.134300 ms MarkObjects: 3.328200 ms  DeleteObjects: 0.155000 ms)

Prepare: number of updated asset objects reloaded= 0
AssetImportParameters requested are different than current active one (requested -> active):
  custom:container-demuxer-ogg: 62fdf1f143b41e24485cea50d1cbac27 -> 
  custom:video-codec-MediaFoundation-h265: 746d11721c4dcdbdad8f713fa42b33f4 -> 
  custom:video-decoder-ogg-theora: a1e56fd34408186e4bbccfd4996cb3dc -> 
  custom:framework-win-MediaFoundation: 216162199b28c13a410421893ffa2e32 -> 
  custom:CustomObjectIndexerAttribute: 756ad292c208cfabdd7b50bc23989ffe -> 
  custom:container-demuxer-webm: 4f35f7cbe854078d1ac9338744f61a02 -> 
  custom:container-muxer-webm: aa71ff27fc2769a1b78a27578f13a17b -> 
  custom:video-decoder-webm-vp8: 9c59270c3fd7afecdb556c50c9e8de78 -> 
  custom:SearchIndexIgnoredProperties: e643bd26f0fe6173181afceb89e7c659 -> 
  custom:AudioImporter_EditorPlatform: d09bf68614088b80899f8185d706f6e7 -> 
  custom:video-encoder-webm-vp8: eb34c28f22e8b96e1ab97ce403110664 -> 
  custom:audio-decoder-ogg-vorbis: bf7c407c2cedff20999df2af8eb42d56 -> 
  custom:audio-encoder-webm-vorbis: bf7c407c2cedff20999df2af8eb42d56 -> 
========================================================================
Received Prepare
Begin MonoManager ReloadAssembly
Duplicate assembly 'Supabase.Realtime.dll' with different versions detected, using 'Assets/Packages/Supabase.Realtime.7.0.2/lib/netstandard2.1/Supabase.Realtime.dll, AssemblyName=Supabase.Realtime, Version=7.0.2.0, Culture=neutral, PublicKeyToken=null' and ignoring 'Assets/Packages/realtime-csharp.6.0.4/lib/netstandard2.0/Supabase.Realtime.dll, AssemblyName=Supabase.Realtime, Version=6.0.4.0, Culture=neutral, PublicKeyToken=null'.Duplicate assembly 'Supabase.Functions.dll' with different versions detected, using 'Assets/Packages/Supabase.Functions.2.0.0/lib/netstandard2.0/Supabase.Functions.dll, AssemblyName=Supabase.Functions, Version=2.0.0.0, Culture=neutral, PublicKeyToken=null' and ignoring 'Assets/Packages/functions-csharp.1.3.2/lib/netstandard2.0/Supabase.Functions.dll, AssemblyName=Supabase.Functions, Version=1.3.2.0, Culture=neutral, PublicKeyToken=null'.Duplicate assembly 'Supabase.Gotrue.dll' with different versions detected, using 'Assets/Packages/Supabase.Gotrue.6.0.3/lib/netstandard2.1/Supabase.Gotrue.dll, AssemblyName=Supabase.Gotrue, Version=6.0.3.0, Culture=neutral, PublicKeyToken=null' and ignoring 'Assets/Packages/gotrue-csharp.4.2.7/lib/netstandard2.0/Supabase.Gotrue.dll, AssemblyName=Supabase.Gotrue, Version=4.2.7.0, Culture=neutral, PublicKeyToken=null'.Duplicate assembly 'Supabase.Storage.dll' with different versions detected, using 'Assets/Packages/Supabase.Storage.2.0.2/lib/netstandard2.0/Supabase.Storage.dll, AssemblyName=Supabase.Storage, Version=2.0.2.0, Culture=neutral, PublicKeyToken=null' and ignoring 'Assets/Packages/supabase-storage-csharp.1.4.0/lib/netstandard2.0/Supabase.Storage.dll, AssemblyName=Supabase.Storage, Version=1.4.0.0, Culture=neutral, PublicKeyToken=null'.Duplicate assembly 'Supabase.Postgrest.dll' with different versions detected, using 'Assets/Packages/Supabase.Postgrest.4.0.3/lib/netstandard2.0/Supabase.Postgrest.dll, AssemblyName=Supabase.Postgrest, Version=4.0.3.0, Culture=neutral, PublicKeyToken=null' and ignoring 'Assets/Packages/postgrest-csharp.3.5.1/lib/netstandard2.0/Supabase.Postgrest.dll, AssemblyName=Supabase.Postgrest, Version=3.5.1.0, Culture=neutral, PublicKeyToken=null'.Duplicate assembly 'Supabase.dll' with different versions detected, using 'Assets/Packages/Supabase.1.1.1/lib/netstandard2.1/Supabase.dll, AssemblyName=Supabase, Version=1.1.1.0, Culture=neutral, PublicKeyToken=null' and ignoring 'Assets/Packages/supabase-csharp.0.16.2/lib/netstandard2.0/Supabase.dll, AssemblyName=Supabase, Version=0.16.2.0, Culture=neutral, PublicKeyToken=null'.- Loaded All Assemblies, in  2.441 seconds
Refreshing native plugins compatible for Editor in 71.12 ms, found 4 plugins.
Native extension for WindowsStandalone target not found
Native extension for WebGL target not found
[Package Manager] Server::EnsureServerProcessIsRunning -- launch failed, reason: Unity was launched with the -noUpm command-line argument
[Package Manager] UpmClient::Send -- Unable to send message (not connected to UPM process).
[Package Manager] Cannot connect to Unity Package Manager local server
Mono: successfully reloaded assembly
- Finished resetting the current domain, in  2.429 seconds
Domain Reload Profiling: 4843ms
	BeginReloadAssembly (322ms)
		ExecutionOrderSort (0ms)
		DisableScriptedObjects (19ms)
		BackupInstance (0ms)
		ReleaseScriptingObjects (0ms)
		CreateAndSetChildDomain (67ms)
	RebuildCommonClasses (47ms)
	RebuildNativeTypeToScriptingClass (16ms)
	initialDomainReloadingComplete (128ms)
	LoadAllAssembliesAndSetupDomain (1900ms)
		LoadAssemblies (2057ms)
		RebuildTransferFunctionScriptingTraits (0ms)
		AnalyzeDomain (21ms)
			TypeCache.Refresh (8ms)
				TypeCache.ScanAssembly (0ms)
			ScanForSourceGeneratedMonoScriptInfo (0ms)
			ResolveRequiredComponents (12ms)
	FinalizeReload (2429ms)
		ReleaseScriptCaches (0ms)
		RebuildScriptCaches (0ms)
		SetupLoadedEditorAssemblies (905ms)
			LogAssemblyErrors (0ms)
			InitializePlatformSupportModulesInManaged (17ms)
			SetLoadedEditorAssemblies (6ms)
			RefreshPlugins (0ms)
			BeforeProcessingInitializeOnLoad (184ms)
			ProcessInitializeOnLoadAttributes (610ms)
			ProcessInitializeOnLoadMethodAttributes (55ms)
			AfterProcessingInitializeOnLoad (32ms)
			EditorAssembliesLoaded (0ms)
		ExecutionOrderSort2 (0ms)
		AwakeInstancesAfterBackupRestoration (21ms)
Refreshing native plugins compatible for Editor in 78.03 ms, found 4 plugins.
Preloading 0 native plugins for Editor in 0.00 ms.
Unloading 4632 Unused Serialized files (Serialized files now loaded: 0)
Unloading 114 unused Assets / (149.3 KB). Loaded Objects now: 5172.
Memory consumption went from 150.3 MB to 150.1 MB.
Total: 4.523900 ms (FindLiveObjects: 0.374500 ms CreateObjectMapping: 0.179900 ms MarkObjects: 3.776600 ms  DeleteObjects: 0.191800 ms)

Prepare: number of updated asset objects reloaded= 0
AssetImportParameters requested are different than current active one (requested -> active):
  custom:container-demuxer-ogg: 62fdf1f143b41e24485cea50d1cbac27 -> 
  custom:video-codec-MediaFoundation-h265: 746d11721c4dcdbdad8f713fa42b33f4 -> 
  custom:video-decoder-ogg-theora: a1e56fd34408186e4bbccfd4996cb3dc -> 
  custom:framework-win-MediaFoundation: 216162199b28c13a410421893ffa2e32 -> 
  custom:CustomObjectIndexerAttribute: 756ad292c208cfabdd7b50bc23989ffe -> 
  custom:container-demuxer-webm: 4f35f7cbe854078d1ac9338744f61a02 -> 
  custom:container-muxer-webm: aa71ff27fc2769a1b78a27578f13a17b -> 
  custom:video-decoder-webm-vp8: 9c59270c3fd7afecdb556c50c9e8de78 -> 
  custom:SearchIndexIgnoredProperties: e643bd26f0fe6173181afceb89e7c659 -> 
  custom:AudioImporter_EditorPlatform: d09bf68614088b80899f8185d706f6e7 -> 
  custom:video-encoder-webm-vp8: eb34c28f22e8b96e1ab97ce403110664 -> 
  custom:audio-decoder-ogg-vorbis: bf7c407c2cedff20999df2af8eb42d56 -> 
  custom:audio-encoder-webm-vorbis: bf7c407c2cedff20999df2af8eb42d56 -> 
========================================================================
Received Prepare
Begin MonoManager ReloadAssembly
Duplicate assembly 'Supabase.Realtime.dll' with different versions detected, using 'Assets/Packages/Supabase.Realtime.7.0.2/lib/netstandard2.1/Supabase.Realtime.dll, AssemblyName=Supabase.Realtime, Version=7.0.2.0, Culture=neutral, PublicKeyToken=null' and ignoring 'Assets/Packages/realtime-csharp.6.0.4/lib/netstandard2.0/Supabase.Realtime.dll, AssemblyName=Supabase.Realtime, Version=6.0.4.0, Culture=neutral, PublicKeyToken=null'.Duplicate assembly 'Supabase.Functions.dll' with different versions detected, using 'Assets/Packages/Supabase.Functions.2.0.0/lib/netstandard2.0/Supabase.Functions.dll, AssemblyName=Supabase.Functions, Version=2.0.0.0, Culture=neutral, PublicKeyToken=null' and ignoring 'Assets/Packages/functions-csharp.1.3.2/lib/netstandard2.0/Supabase.Functions.dll, AssemblyName=Supabase.Functions, Version=1.3.2.0, Culture=neutral, PublicKeyToken=null'.Duplicate assembly 'Supabase.Gotrue.dll' with different versions detected, using 'Assets/Packages/Supabase.Gotrue.6.0.3/lib/netstandard2.1/Supabase.Gotrue.dll, AssemblyName=Supabase.Gotrue, Version=6.0.3.0, Culture=neutral, PublicKeyToken=null' and ignoring 'Assets/Packages/gotrue-csharp.4.2.7/lib/netstandard2.0/Supabase.Gotrue.dll, AssemblyName=Supabase.Gotrue, Version=4.2.7.0, Culture=neutral, PublicKeyToken=null'.Duplicate assembly 'Supabase.Storage.dll' with different versions detected, using 'Assets/Packages/Supabase.Storage.2.0.2/lib/netstandard2.0/Supabase.Storage.dll, AssemblyName=Supabase.Storage, Version=2.0.2.0, Culture=neutral, PublicKeyToken=null' and ignoring 'Assets/Packages/supabase-storage-csharp.1.4.0/lib/netstandard2.0/Supabase.Storage.dll, AssemblyName=Supabase.Storage, Version=1.4.0.0, Culture=neutral, PublicKeyToken=null'.Duplicate assembly 'Supabase.Postgrest.dll' with different versions detected, using 'Assets/Packages/Supabase.Postgrest.4.0.3/lib/netstandard2.0/Supabase.Postgrest.dll, AssemblyName=Supabase.Postgrest, Version=4.0.3.0, Culture=neutral, PublicKeyToken=null' and ignoring 'Assets/Packages/postgrest-csharp.3.5.1/lib/netstandard2.0/Supabase.Postgrest.dll, AssemblyName=Supabase.Postgrest, Version=3.5.1.0, Culture=neutral, PublicKeyToken=null'.Duplicate assembly 'Supabase.dll' with different versions detected, using 'Assets/Packages/Supabase.1.1.1/lib/netstandard2.1/Supabase.dll, AssemblyName=Supabase, Version=1.1.1.0, Culture=neutral, PublicKeyToken=null' and ignoring 'Assets/Packages/supabase-csharp.0.16.2/lib/netstandard2.0/Supabase.dll, AssemblyName=Supabase, Version=0.16.2.0, Culture=neutral, PublicKeyToken=null'.- Loaded All Assemblies, in  2.242 seconds
Refreshing native plugins compatible for Editor in 63.05 ms, found 4 plugins.
Native extension for WindowsStandalone target not found
Native extension for WebGL target not found
[Package Manager] Server::EnsureServerProcessIsRunning -- launch failed, reason: Unity was launched with the -noUpm command-line argument
[Package Manager] UpmClient::Send -- Unable to send message (not connected to UPM process).
[Package Manager] Cannot connect to Unity Package Manager local server
Mono: successfully reloaded assembly
- Finished resetting the current domain, in  2.048 seconds
Domain Reload Profiling: 4267ms
	BeginReloadAssembly (300ms)
		ExecutionOrderSort (0ms)
		DisableScriptedObjects (15ms)
		BackupInstance (0ms)
		ReleaseScriptingObjects (0ms)
		CreateAndSetChildDomain (60ms)
	RebuildCommonClasses (51ms)
	RebuildNativeTypeToScriptingClass (13ms)
	initialDomainReloadingComplete (133ms)
	LoadAllAssembliesAndSetupDomain (1722ms)
		LoadAssemblies (1844ms)
		RebuildTransferFunctionScriptingTraits (0ms)
		AnalyzeDomain (46ms)
			TypeCache.Refresh (16ms)
				TypeCache.ScanAssembly (3ms)
			ScanForSourceGeneratedMonoScriptInfo (15ms)
			ResolveRequiredComponents (14ms)
	FinalizeReload (2048ms)
		ReleaseScriptCaches (0ms)
		RebuildScriptCaches (0ms)
		SetupLoadedEditorAssemblies (765ms)
			LogAssemblyErrors (0ms)
			InitializePlatformSupportModulesInManaged (14ms)
			SetLoadedEditorAssemblies (7ms)
			RefreshPlugins (0ms)
			BeforeProcessingInitializeOnLoad (157ms)
			ProcessInitializeOnLoadAttributes (512ms)
			ProcessInitializeOnLoadMethodAttributes (45ms)
			AfterProcessingInitializeOnLoad (29ms)
			EditorAssembliesLoaded (0ms)
		ExecutionOrderSort2 (0ms)
		AwakeInstancesAfterBackupRestoration (17ms)
Refreshing native plugins compatible for Editor in 75.29 ms, found 4 plugins.
Preloading 0 native plugins for Editor in 0.00 ms.
Unloading 4632 Unused Serialized files (Serialized files now loaded: 0)
Unloading 114 unused Assets / (149.4 KB). Loaded Objects now: 5188.
Memory consumption went from 150.3 MB to 150.1 MB.
Total: 4.558700 ms (FindLiveObjects: 0.351700 ms CreateObjectMapping: 0.146200 ms MarkObjects: 3.901400 ms  DeleteObjects: 0.158500 ms)

Prepare: number of updated asset objects reloaded= 0
AssetImportParameters requested are different than current active one (requested -> active):
  custom:container-demuxer-ogg: 62fdf1f143b41e24485cea50d1cbac27 -> 
  custom:video-codec-MediaFoundation-h265: 746d11721c4dcdbdad8f713fa42b33f4 -> 
  custom:video-decoder-ogg-theora: a1e56fd34408186e4bbccfd4996cb3dc -> 
  custom:framework-win-MediaFoundation: 216162199b28c13a410421893ffa2e32 -> 
  custom:CustomObjectIndexerAttribute: 756ad292c208cfabdd7b50bc23989ffe -> 
  custom:container-demuxer-webm: 4f35f7cbe854078d1ac9338744f61a02 -> 
  custom:container-muxer-webm: aa71ff27fc2769a1b78a27578f13a17b -> 
  custom:video-decoder-webm-vp8: 9c59270c3fd7afecdb556c50c9e8de78 -> 
  custom:SearchIndexIgnoredProperties: e643bd26f0fe6173181afceb89e7c659 -> 
  custom:AudioImporter_EditorPlatform: d09bf68614088b80899f8185d706f6e7 -> 
  custom:video-encoder-webm-vp8: eb34c28f22e8b96e1ab97ce403110664 -> 
  custom:audio-decoder-ogg-vorbis: bf7c407c2cedff20999df2af8eb42d56 -> 
  custom:audio-encoder-webm-vorbis: bf7c407c2cedff20999df2af8eb42d56 -> 
========================================================================
Received Prepare
Begin MonoManager ReloadAssembly
Duplicate assembly 'Supabase.Realtime.dll' with different versions detected, using 'Assets/Packages/Supabase.Realtime.7.0.2/lib/netstandard2.1/Supabase.Realtime.dll, AssemblyName=Supabase.Realtime, Version=7.0.2.0, Culture=neutral, PublicKeyToken=null' and ignoring 'Assets/Packages/realtime-csharp.6.0.4/lib/netstandard2.0/Supabase.Realtime.dll, AssemblyName=Supabase.Realtime, Version=6.0.4.0, Culture=neutral, PublicKeyToken=null'.Duplicate assembly 'Supabase.Functions.dll' with different versions detected, using 'Assets/Packages/Supabase.Functions.2.0.0/lib/netstandard2.0/Supabase.Functions.dll, AssemblyName=Supabase.Functions, Version=2.0.0.0, Culture=neutral, PublicKeyToken=null' and ignoring 'Assets/Packages/functions-csharp.1.3.2/lib/netstandard2.0/Supabase.Functions.dll, AssemblyName=Supabase.Functions, Version=1.3.2.0, Culture=neutral, PublicKeyToken=null'.Duplicate assembly 'Supabase.Gotrue.dll' with different versions detected, using 'Assets/Packages/Supabase.Gotrue.6.0.3/lib/netstandard2.1/Supabase.Gotrue.dll, AssemblyName=Supabase.Gotrue, Version=6.0.3.0, Culture=neutral, PublicKeyToken=null' and ignoring 'Assets/Packages/gotrue-csharp.4.2.7/lib/netstandard2.0/Supabase.Gotrue.dll, AssemblyName=Supabase.Gotrue, Version=4.2.7.0, Culture=neutral, PublicKeyToken=null'.Duplicate assembly 'Supabase.Storage.dll' with different versions detected, using 'Assets/Packages/Supabase.Storage.2.0.2/lib/netstandard2.0/Supabase.Storage.dll, AssemblyName=Supabase.Storage, Version=2.0.2.0, Culture=neutral, PublicKeyToken=null' and ignoring 'Assets/Packages/supabase-storage-csharp.1.4.0/lib/netstandard2.0/Supabase.Storage.dll, AssemblyName=Supabase.Storage, Version=1.4.0.0, Culture=neutral, PublicKeyToken=null'.Duplicate assembly 'Supabase.Postgrest.dll' with different versions detected, using 'Assets/Packages/Supabase.Postgrest.4.0.3/lib/netstandard2.0/Supabase.Postgrest.dll, AssemblyName=Supabase.Postgrest, Version=4.0.3.0, Culture=neutral, PublicKeyToken=null' and ignoring 'Assets/Packages/postgrest-csharp.3.5.1/lib/netstandard2.0/Supabase.Postgrest.dll, AssemblyName=Supabase.Postgrest, Version=3.5.1.0, Culture=neutral, PublicKeyToken=null'.Duplicate assembly 'Supabase.dll' with different versions detected, using 'Assets/Packages/Supabase.1.1.1/lib/netstandard2.1/Supabase.dll, AssemblyName=Supabase, Version=1.1.1.0, Culture=neutral, PublicKeyToken=null' and ignoring 'Assets/Packages/supabase-csharp.0.16.2/lib/netstandard2.0/Supabase.dll, AssemblyName=Supabase, Version=0.16.2.0, Culture=neutral, PublicKeyToken=null'.- Loaded All Assemblies, in  2.278 seconds
Refreshing native plugins compatible for Editor in 66.71 ms, found 4 plugins.
Native extension for WindowsStandalone target not found
Native extension for WebGL target not found
[Package Manager] Server::EnsureServerProcessIsRunning -- launch failed, reason: Unity was launched with the -noUpm command-line argument
[Package Manager] UpmClient::Send -- Unable to send message (not connected to UPM process).
[Package Manager] Cannot connect to Unity Package Manager local server
Mono: successfully reloaded assembly
- Finished resetting the current domain, in  2.301 seconds
Domain Reload Profiling: 4555ms
	BeginReloadAssembly (280ms)
		ExecutionOrderSort (0ms)
		DisableScriptedObjects (14ms)
		BackupInstance (0ms)
		ReleaseScriptingObjects (0ms)
		CreateAndSetChildDomain (55ms)
	RebuildCommonClasses (40ms)
	RebuildNativeTypeToScriptingClass (12ms)
	initialDomainReloadingComplete (119ms)
	LoadAllAssembliesAndSetupDomain (1801ms)
		LoadAssemblies (1940ms)
		RebuildTransferFunctionScriptingTraits (0ms)
		AnalyzeDomain (19ms)
			TypeCache.Refresh (7ms)
				TypeCache.ScanAssembly (0ms)
			ScanForSourceGeneratedMonoScriptInfo (0ms)
			ResolveRequiredComponents (11ms)
	FinalizeReload (2302ms)
		ReleaseScriptCaches (0ms)
		RebuildScriptCaches (0ms)
		SetupLoadedEditorAssemblies (910ms)
			LogAssemblyErrors (0ms)
			InitializePlatformSupportModulesInManaged (16ms)
			SetLoadedEditorAssemblies (7ms)
			RefreshPlugins (0ms)
			BeforeProcessingInitializeOnLoad (200ms)
			ProcessInitializeOnLoadAttributes (608ms)
			ProcessInitializeOnLoadMethodAttributes (50ms)
			AfterProcessingInitializeOnLoad (30ms)
			EditorAssembliesLoaded (0ms)
		ExecutionOrderSort2 (0ms)
		AwakeInstancesAfterBackupRestoration (20ms)
Refreshing native plugins compatible for Editor in 66.20 ms, found 4 plugins.
Preloading 0 native plugins for Editor in 0.00 ms.
Unloading 4632 Unused Serialized files (Serialized files now loaded: 0)
Unloading 114 unused Assets / (149.2 KB). Loaded Objects now: 5204.
Memory consumption went from 150.2 MB to 150.1 MB.
Total: 5.070000 ms (FindLiveObjects: 0.456600 ms CreateObjectMapping: 0.386500 ms MarkObjects: 4.067300 ms  DeleteObjects: 0.158900 ms)

Prepare: number of updated asset objects reloaded= 0
AssetImportParameters requested are different than current active one (requested -> active):
  custom:container-demuxer-ogg: 62fdf1f143b41e24485cea50d1cbac27 -> 
  custom:video-codec-MediaFoundation-h265: 746d11721c4dcdbdad8f713fa42b33f4 -> 
  custom:video-decoder-ogg-theora: a1e56fd34408186e4bbccfd4996cb3dc -> 
  custom:framework-win-MediaFoundation: 216162199b28c13a410421893ffa2e32 -> 
  custom:CustomObjectIndexerAttribute: 756ad292c208cfabdd7b50bc23989ffe -> 
  custom:container-demuxer-webm: 4f35f7cbe854078d1ac9338744f61a02 -> 
  custom:container-muxer-webm: aa71ff27fc2769a1b78a27578f13a17b -> 
  custom:video-decoder-webm-vp8: 9c59270c3fd7afecdb556c50c9e8de78 -> 
  custom:SearchIndexIgnoredProperties: e643bd26f0fe6173181afceb89e7c659 -> 
  custom:AudioImporter_EditorPlatform: d09bf68614088b80899f8185d706f6e7 -> 
  custom:video-encoder-webm-vp8: eb34c28f22e8b96e1ab97ce403110664 -> 
  custom:audio-decoder-ogg-vorbis: bf7c407c2cedff20999df2af8eb42d56 -> 
  custom:audio-encoder-webm-vorbis: bf7c407c2cedff20999df2af8eb42d56 -> 
========================================================================
Received Prepare
Begin MonoManager ReloadAssembly
Duplicate assembly 'Supabase.Realtime.dll' with different versions detected, using 'Assets/Packages/Supabase.Realtime.7.0.2/lib/netstandard2.1/Supabase.Realtime.dll, AssemblyName=Supabase.Realtime, Version=7.0.2.0, Culture=neutral, PublicKeyToken=null' and ignoring 'Assets/Packages/realtime-csharp.6.0.4/lib/netstandard2.0/Supabase.Realtime.dll, AssemblyName=Supabase.Realtime, Version=6.0.4.0, Culture=neutral, PublicKeyToken=null'.Duplicate assembly 'Supabase.Functions.dll' with different versions detected, using 'Assets/Packages/Supabase.Functions.2.0.0/lib/netstandard2.0/Supabase.Functions.dll, AssemblyName=Supabase.Functions, Version=2.0.0.0, Culture=neutral, PublicKeyToken=null' and ignoring 'Assets/Packages/functions-csharp.1.3.2/lib/netstandard2.0/Supabase.Functions.dll, AssemblyName=Supabase.Functions, Version=1.3.2.0, Culture=neutral, PublicKeyToken=null'.Duplicate assembly 'Supabase.Gotrue.dll' with different versions detected, using 'Assets/Packages/Supabase.Gotrue.6.0.3/lib/netstandard2.1/Supabase.Gotrue.dll, AssemblyName=Supabase.Gotrue, Version=6.0.3.0, Culture=neutral, PublicKeyToken=null' and ignoring 'Assets/Packages/gotrue-csharp.4.2.7/lib/netstandard2.0/Supabase.Gotrue.dll, AssemblyName=Supabase.Gotrue, Version=4.2.7.0, Culture=neutral, PublicKeyToken=null'.Duplicate assembly 'Supabase.Storage.dll' with different versions detected, using 'Assets/Packages/Supabase.Storage.2.0.2/lib/netstandard2.0/Supabase.Storage.dll, AssemblyName=Supabase.Storage, Version=2.0.2.0, Culture=neutral, PublicKeyToken=null' and ignoring 'Assets/Packages/supabase-storage-csharp.1.4.0/lib/netstandard2.0/Supabase.Storage.dll, AssemblyName=Supabase.Storage, Version=1.4.0.0, Culture=neutral, PublicKeyToken=null'.Duplicate assembly 'Supabase.Postgrest.dll' with different versions detected, using 'Assets/Packages/Supabase.Postgrest.4.0.3/lib/netstandard2.0/Supabase.Postgrest.dll, AssemblyName=Supabase.Postgrest, Version=4.0.3.0, Culture=neutral, PublicKeyToken=null' and ignoring 'Assets/Packages/postgrest-csharp.3.5.1/lib/netstandard2.0/Supabase.Postgrest.dll, AssemblyName=Supabase.Postgrest, Version=3.5.1.0, Culture=neutral, PublicKeyToken=null'.Duplicate assembly 'Supabase.dll' with different versions detected, using 'Assets/Packages/Supabase.1.1.1/lib/netstandard2.1/Supabase.dll, AssemblyName=Supabase, Version=1.1.1.0, Culture=neutral, PublicKeyToken=null' and ignoring 'Assets/Packages/supabase-csharp.0.16.2/lib/netstandard2.0/Supabase.dll, AssemblyName=Supabase, Version=0.16.2.0, Culture=neutral, PublicKeyToken=null'.- Loaded All Assemblies, in  2.295 seconds
Refreshing native plugins compatible for Editor in 68.25 ms, found 4 plugins.
Native extension for WindowsStandalone target not found
Native extension for WebGL target not found
[Package Manager] Server::EnsureServerProcessIsRunning -- launch failed, reason: Unity was launched with the -noUpm command-line argument
[Package Manager] UpmClient::Send -- Unable to send message (not connected to UPM process).
[Package Manager] Cannot connect to Unity Package Manager local server
Mono: successfully reloaded assembly
- Finished resetting the current domain, in  2.373 seconds
Domain Reload Profiling: 4637ms
	BeginReloadAssembly (308ms)
		ExecutionOrderSort (0ms)
		DisableScriptedObjects (15ms)
		BackupInstance (0ms)
		ReleaseScriptingObjects (0ms)
		CreateAndSetChildDomain (60ms)
	RebuildCommonClasses (50ms)
	RebuildNativeTypeToScriptingClass (16ms)
	initialDomainReloadingComplete (141ms)
	LoadAllAssembliesAndSetupDomain (1749ms)
		LoadAssemblies (1888ms)
		RebuildTransferFunctionScriptingTraits (0ms)
		AnalyzeDomain (39ms)
			TypeCache.Refresh (14ms)
				TypeCache.ScanAssembly (3ms)
			ScanForSourceGeneratedMonoScriptInfo (11ms)
			ResolveRequiredComponents (12ms)
	FinalizeReload (2374ms)
		ReleaseScriptCaches (0ms)
		RebuildScriptCaches (0ms)
		SetupLoadedEditorAssemblies (886ms)
			LogAssemblyErrors (0ms)
			InitializePlatformSupportModulesInManaged (17ms)
			SetLoadedEditorAssemblies (6ms)
			RefreshPlugins (0ms)
			BeforeProcessingInitializeOnLoad (187ms)
			ProcessInitializeOnLoadAttributes (591ms)
			ProcessInitializeOnLoadMethodAttributes (50ms)
			AfterProcessingInitializeOnLoad (35ms)
			EditorAssembliesLoaded (0ms)
		ExecutionOrderSort2 (0ms)
		AwakeInstancesAfterBackupRestoration (22ms)
Refreshing native plugins compatible for Editor in 62.92 ms, found 4 plugins.
Preloading 0 native plugins for Editor in 0.00 ms.
Unloading 4632 Unused Serialized files (Serialized files now loaded: 0)
Unloading 114 unused Assets / (149.4 KB). Loaded Objects now: 5220.
Memory consumption went from 150.3 MB to 150.1 MB.
Total: 6.061200 ms (FindLiveObjects: 0.339900 ms CreateObjectMapping: 0.290900 ms MarkObjects: 5.232100 ms  DeleteObjects: 0.197000 ms)

Prepare: number of updated asset objects reloaded= 0
AssetImportParameters requested are different than current active one (requested -> active):
  custom:container-demuxer-ogg: 62fdf1f143b41e24485cea50d1cbac27 -> 
  custom:video-codec-MediaFoundation-h265: 746d11721c4dcdbdad8f713fa42b33f4 -> 
  custom:video-decoder-ogg-theora: a1e56fd34408186e4bbccfd4996cb3dc -> 
  custom:framework-win-MediaFoundation: 216162199b28c13a410421893ffa2e32 -> 
  custom:CustomObjectIndexerAttribute: 756ad292c208cfabdd7b50bc23989ffe -> 
  custom:container-demuxer-webm: 4f35f7cbe854078d1ac9338744f61a02 -> 
  custom:container-muxer-webm: aa71ff27fc2769a1b78a27578f13a17b -> 
  custom:video-decoder-webm-vp8: 9c59270c3fd7afecdb556c50c9e8de78 -> 
  custom:SearchIndexIgnoredProperties: e643bd26f0fe6173181afceb89e7c659 -> 
  custom:AudioImporter_EditorPlatform: d09bf68614088b80899f8185d706f6e7 -> 
  custom:video-encoder-webm-vp8: eb34c28f22e8b96e1ab97ce403110664 -> 
  custom:audio-decoder-ogg-vorbis: bf7c407c2cedff20999df2af8eb42d56 -> 
  custom:audio-encoder-webm-vorbis: bf7c407c2cedff20999df2af8eb42d56 -> 
========================================================================
Received Prepare
Begin MonoManager ReloadAssembly
Duplicate assembly 'Supabase.Realtime.dll' with different versions detected, using 'Assets/Packages/Supabase.Realtime.7.0.2/lib/netstandard2.1/Supabase.Realtime.dll, AssemblyName=Supabase.Realtime, Version=7.0.2.0, Culture=neutral, PublicKeyToken=null' and ignoring 'Assets/Packages/realtime-csharp.6.0.4/lib/netstandard2.0/Supabase.Realtime.dll, AssemblyName=Supabase.Realtime, Version=6.0.4.0, Culture=neutral, PublicKeyToken=null'.Duplicate assembly 'Supabase.Functions.dll' with different versions detected, using 'Assets/Packages/Supabase.Functions.2.0.0/lib/netstandard2.0/Supabase.Functions.dll, AssemblyName=Supabase.Functions, Version=2.0.0.0, Culture=neutral, PublicKeyToken=null' and ignoring 'Assets/Packages/functions-csharp.1.3.2/lib/netstandard2.0/Supabase.Functions.dll, AssemblyName=Supabase.Functions, Version=1.3.2.0, Culture=neutral, PublicKeyToken=null'.Duplicate assembly 'Supabase.Gotrue.dll' with different versions detected, using 'Assets/Packages/Supabase.Gotrue.6.0.3/lib/netstandard2.1/Supabase.Gotrue.dll, AssemblyName=Supabase.Gotrue, Version=6.0.3.0, Culture=neutral, PublicKeyToken=null' and ignoring 'Assets/Packages/gotrue-csharp.4.2.7/lib/netstandard2.0/Supabase.Gotrue.dll, AssemblyName=Supabase.Gotrue, Version=4.2.7.0, Culture=neutral, PublicKeyToken=null'.Duplicate assembly 'Supabase.Storage.dll' with different versions detected, using 'Assets/Packages/Supabase.Storage.2.0.2/lib/netstandard2.0/Supabase.Storage.dll, AssemblyName=Supabase.Storage, Version=2.0.2.0, Culture=neutral, PublicKeyToken=null' and ignoring 'Assets/Packages/supabase-storage-csharp.1.4.0/lib/netstandard2.0/Supabase.Storage.dll, AssemblyName=Supabase.Storage, Version=1.4.0.0, Culture=neutral, PublicKeyToken=null'.Duplicate assembly 'Supabase.Postgrest.dll' with different versions detected, using 'Assets/Packages/Supabase.Postgrest.4.0.3/lib/netstandard2.0/Supabase.Postgrest.dll, AssemblyName=Supabase.Postgrest, Version=4.0.3.0, Culture=neutral, PublicKeyToken=null' and ignoring 'Assets/Packages/postgrest-csharp.3.5.1/lib/netstandard2.0/Supabase.Postgrest.dll, AssemblyName=Supabase.Postgrest, Version=3.5.1.0, Culture=neutral, PublicKeyToken=null'.Duplicate assembly 'Supabase.dll' with different versions detected, using 'Assets/Packages/Supabase.1.1.1/lib/netstandard2.1/Supabase.dll, AssemblyName=Supabase, Version=1.1.1.0, Culture=neutral, PublicKeyToken=null' and ignoring 'Assets/Packages/supabase-csharp.0.16.2/lib/netstandard2.0/Supabase.dll, AssemblyName=Supabase, Version=0.16.2.0, Culture=neutral, PublicKeyToken=null'.- Loaded All Assemblies, in  2.498 seconds
Refreshing native plugins compatible for Editor in 81.99 ms, found 4 plugins.
Native extension for WindowsStandalone target not found
Native extension for WebGL target not found
[Package Manager] Server::EnsureServerProcessIsRunning -- launch failed, reason: Unity was launched with the -noUpm command-line argument
[Package Manager] UpmClient::Send -- Unable to send message (not connected to UPM process).
[Package Manager] Cannot connect to Unity Package Manager local server
Mono: successfully reloaded assembly
- Finished resetting the current domain, in  2.924 seconds
Domain Reload Profiling: 5392ms
	BeginReloadAssembly (321ms)
		ExecutionOrderSort (0ms)
		DisableScriptedObjects (16ms)
		BackupInstance (0ms)
		ReleaseScriptingObjects (0ms)
		CreateAndSetChildDomain (65ms)
	RebuildCommonClasses (53ms)
	RebuildNativeTypeToScriptingClass (17ms)
	initialDomainReloadingComplete (142ms)
	LoadAllAssembliesAndSetupDomain (1934ms)
		LoadAssemblies (2089ms)
		RebuildTransferFunctionScriptingTraits (0ms)
		AnalyzeDomain (24ms)
			TypeCache.Refresh (8ms)
				TypeCache.ScanAssembly (0ms)
			ScanForSourceGeneratedMonoScriptInfo (0ms)
			ResolveRequiredComponents (14ms)
	FinalizeReload (2924ms)
		ReleaseScriptCaches (0ms)
		RebuildScriptCaches (0ms)
		SetupLoadedEditorAssemblies (1012ms)
			LogAssemblyErrors (0ms)
			InitializePlatformSupportModulesInManaged (17ms)
			SetLoadedEditorAssemblies (5ms)
			RefreshPlugins (0ms)
			BeforeProcessingInitializeOnLoad (195ms)
			ProcessInitializeOnLoadAttributes (703ms)
			ProcessInitializeOnLoadMethodAttributes (49ms)
			AfterProcessingInitializeOnLoad (43ms)
			EditorAssembliesLoaded (0ms)
		ExecutionOrderSort2 (0ms)
		AwakeInstancesAfterBackupRestoration (23ms)
Refreshing native plugins compatible for Editor in 61.60 ms, found 4 plugins.
Preloading 0 native plugins for Editor in 0.00 ms.
Unloading 4632 Unused Serialized files (Serialized files now loaded: 0)
Unloading 114 unused Assets / (149.3 KB). Loaded Objects now: 5236.
Memory consumption went from 150.3 MB to 150.1 MB.
Total: 6.014800 ms (FindLiveObjects: 0.713400 ms CreateObjectMapping: 0.304500 ms MarkObjects: 4.768100 ms  DeleteObjects: 0.226500 ms)

Prepare: number of updated asset objects reloaded= 0
AssetImportParameters requested are different than current active one (requested -> active):
  custom:container-demuxer-ogg: 62fdf1f143b41e24485cea50d1cbac27 -> 
  custom:video-codec-MediaFoundation-h265: 746d11721c4dcdbdad8f713fa42b33f4 -> 
  custom:video-decoder-ogg-theora: a1e56fd34408186e4bbccfd4996cb3dc -> 
  custom:framework-win-MediaFoundation: 216162199b28c13a410421893ffa2e32 -> 
  custom:CustomObjectIndexerAttribute: 756ad292c208cfabdd7b50bc23989ffe -> 
  custom:container-demuxer-webm: 4f35f7cbe854078d1ac9338744f61a02 -> 
  custom:container-muxer-webm: aa71ff27fc2769a1b78a27578f13a17b -> 
  custom:video-decoder-webm-vp8: 9c59270c3fd7afecdb556c50c9e8de78 -> 
  custom:SearchIndexIgnoredProperties: e643bd26f0fe6173181afceb89e7c659 -> 
  custom:AudioImporter_EditorPlatform: d09bf68614088b80899f8185d706f6e7 -> 
  custom:video-encoder-webm-vp8: eb34c28f22e8b96e1ab97ce403110664 -> 
  custom:audio-decoder-ogg-vorbis: bf7c407c2cedff20999df2af8eb42d56 -> 
  custom:audio-encoder-webm-vorbis: bf7c407c2cedff20999df2af8eb42d56 -> 
========================================================================
Received Prepare
Begin MonoManager ReloadAssembly
Duplicate assembly 'Supabase.Realtime.dll' with different versions detected, using 'Assets/Packages/Supabase.Realtime.7.0.2/lib/netstandard2.1/Supabase.Realtime.dll, AssemblyName=Supabase.Realtime, Version=7.0.2.0, Culture=neutral, PublicKeyToken=null' and ignoring 'Assets/Packages/realtime-csharp.6.0.4/lib/netstandard2.0/Supabase.Realtime.dll, AssemblyName=Supabase.Realtime, Version=6.0.4.0, Culture=neutral, PublicKeyToken=null'.Duplicate assembly 'Supabase.Functions.dll' with different versions detected, using 'Assets/Packages/Supabase.Functions.2.0.0/lib/netstandard2.0/Supabase.Functions.dll, AssemblyName=Supabase.Functions, Version=2.0.0.0, Culture=neutral, PublicKeyToken=null' and ignoring 'Assets/Packages/functions-csharp.1.3.2/lib/netstandard2.0/Supabase.Functions.dll, AssemblyName=Supabase.Functions, Version=1.3.2.0, Culture=neutral, PublicKeyToken=null'.Duplicate assembly 'Supabase.Gotrue.dll' with different versions detected, using 'Assets/Packages/Supabase.Gotrue.6.0.3/lib/netstandard2.1/Supabase.Gotrue.dll, AssemblyName=Supabase.Gotrue, Version=6.0.3.0, Culture=neutral, PublicKeyToken=null' and ignoring 'Assets/Packages/gotrue-csharp.4.2.7/lib/netstandard2.0/Supabase.Gotrue.dll, AssemblyName=Supabase.Gotrue, Version=4.2.7.0, Culture=neutral, PublicKeyToken=null'.Duplicate assembly 'Supabase.Storage.dll' with different versions detected, using 'Assets/Packages/Supabase.Storage.2.0.2/lib/netstandard2.0/Supabase.Storage.dll, AssemblyName=Supabase.Storage, Version=2.0.2.0, Culture=neutral, PublicKeyToken=null' and ignoring 'Assets/Packages/supabase-storage-csharp.1.4.0/lib/netstandard2.0/Supabase.Storage.dll, AssemblyName=Supabase.Storage, Version=1.4.0.0, Culture=neutral, PublicKeyToken=null'.Duplicate assembly 'Supabase.Postgrest.dll' with different versions detected, using 'Assets/Packages/Supabase.Postgrest.4.0.3/lib/netstandard2.0/Supabase.Postgrest.dll, AssemblyName=Supabase.Postgrest, Version=4.0.3.0, Culture=neutral, PublicKeyToken=null' and ignoring 'Assets/Packages/postgrest-csharp.3.5.1/lib/netstandard2.0/Supabase.Postgrest.dll, AssemblyName=Supabase.Postgrest, Version=3.5.1.0, Culture=neutral, PublicKeyToken=null'.Duplicate assembly 'Supabase.dll' with different versions detected, using 'Assets/Packages/Supabase.1.1.1/lib/netstandard2.1/Supabase.dll, AssemblyName=Supabase, Version=1.1.1.0, Culture=neutral, PublicKeyToken=null' and ignoring 'Assets/Packages/supabase-csharp.0.16.2/lib/netstandard2.0/Supabase.dll, AssemblyName=Supabase, Version=0.16.2.0, Culture=neutral, PublicKeyToken=null'.- Loaded All Assemblies, in  2.035 seconds
Refreshing native plugins compatible for Editor in 63.55 ms, found 4 plugins.
Native extension for WindowsStandalone target not found
Native extension for WebGL target not found
[Package Manager] Server::EnsureServerProcessIsRunning -- launch failed, reason: Unity was launched with the -noUpm command-line argument
[Package Manager] UpmClient::Send -- Unable to send message (not connected to UPM process).
[Package Manager] Cannot connect to Unity Package Manager local server
Mono: successfully reloaded assembly
- Finished resetting the current domain, in  2.177 seconds
Domain Reload Profiling: 4188ms
	BeginReloadAssembly (281ms)
		ExecutionOrderSort (0ms)
		DisableScriptedObjects (18ms)
		BackupInstance (0ms)
		ReleaseScriptingObjects (0ms)
		CreateAndSetChildDomain (57ms)
	RebuildCommonClasses (43ms)
	RebuildNativeTypeToScriptingClass (19ms)
	initialDomainReloadingComplete (117ms)
	LoadAllAssembliesAndSetupDomain (1551ms)
		LoadAssemblies (1666ms)
		RebuildTransferFunctionScriptingTraits (0ms)
		AnalyzeDomain (35ms)
			TypeCache.Refresh (14ms)
				TypeCache.ScanAssembly (3ms)
			ScanForSourceGeneratedMonoScriptInfo (10ms)
			ResolveRequiredComponents (10ms)
	FinalizeReload (2177ms)
		ReleaseScriptCaches (0ms)
		RebuildScriptCaches (0ms)
		SetupLoadedEditorAssemblies (826ms)
			LogAssemblyErrors (0ms)
			InitializePlatformSupportModulesInManaged (13ms)
			SetLoadedEditorAssemblies (5ms)
			RefreshPlugins (0ms)
			BeforeProcessingInitializeOnLoad (190ms)
			ProcessInitializeOnLoadAttributes (545ms)
			ProcessInitializeOnLoadMethodAttributes (43ms)
			AfterProcessingInitializeOnLoad (30ms)
			EditorAssembliesLoaded (0ms)
		ExecutionOrderSort2 (0ms)
		AwakeInstancesAfterBackupRestoration (19ms)
Refreshing native plugins compatible for Editor in 59.60 ms, found 4 plugins.
Preloading 0 native plugins for Editor in 0.00 ms.
Unloading 4632 Unused Serialized files (Serialized files now loaded: 0)
Unloading 114 unused Assets / (149.4 KB). Loaded Objects now: 5252.
Memory consumption went from 150.3 MB to 150.2 MB.
Total: 4.599000 ms (FindLiveObjects: 0.366500 ms CreateObjectMapping: 0.340500 ms MarkObjects: 3.717500 ms  DeleteObjects: 0.173900 ms)

Prepare: number of updated asset objects reloaded= 0
AssetImportParameters requested are different than current active one (requested -> active):
  custom:container-demuxer-ogg: 62fdf1f143b41e24485cea50d1cbac27 -> 
  custom:video-codec-MediaFoundation-h265: 746d11721c4dcdbdad8f713fa42b33f4 -> 
  custom:video-decoder-ogg-theora: a1e56fd34408186e4bbccfd4996cb3dc -> 
  custom:framework-win-MediaFoundation: 216162199b28c13a410421893ffa2e32 -> 
  custom:CustomObjectIndexerAttribute: 756ad292c208cfabdd7b50bc23989ffe -> 
  custom:container-demuxer-webm: 4f35f7cbe854078d1ac9338744f61a02 -> 
  custom:container-muxer-webm: aa71ff27fc2769a1b78a27578f13a17b -> 
  custom:video-decoder-webm-vp8: 9c59270c3fd7afecdb556c50c9e8de78 -> 
  custom:SearchIndexIgnoredProperties: e643bd26f0fe6173181afceb89e7c659 -> 
  custom:AudioImporter_EditorPlatform: d09bf68614088b80899f8185d706f6e7 -> 
  custom:video-encoder-webm-vp8: eb34c28f22e8b96e1ab97ce403110664 -> 
  custom:audio-decoder-ogg-vorbis: bf7c407c2cedff20999df2af8eb42d56 -> 
  custom:audio-encoder-webm-vorbis: bf7c407c2cedff20999df2af8eb42d56 -> 
========================================================================
Received Prepare
Begin MonoManager ReloadAssembly
Duplicate assembly 'Supabase.Realtime.dll' with different versions detected, using 'Assets/Packages/Supabase.Realtime.7.0.2/lib/netstandard2.1/Supabase.Realtime.dll, AssemblyName=Supabase.Realtime, Version=7.0.2.0, Culture=neutral, PublicKeyToken=null' and ignoring 'Assets/Packages/realtime-csharp.6.0.4/lib/netstandard2.0/Supabase.Realtime.dll, AssemblyName=Supabase.Realtime, Version=6.0.4.0, Culture=neutral, PublicKeyToken=null'.Duplicate assembly 'Supabase.Functions.dll' with different versions detected, using 'Assets/Packages/Supabase.Functions.2.0.0/lib/netstandard2.0/Supabase.Functions.dll, AssemblyName=Supabase.Functions, Version=2.0.0.0, Culture=neutral, PublicKeyToken=null' and ignoring 'Assets/Packages/functions-csharp.1.3.2/lib/netstandard2.0/Supabase.Functions.dll, AssemblyName=Supabase.Functions, Version=1.3.2.0, Culture=neutral, PublicKeyToken=null'.Duplicate assembly 'Supabase.Gotrue.dll' with different versions detected, using 'Assets/Packages/Supabase.Gotrue.6.0.3/lib/netstandard2.1/Supabase.Gotrue.dll, AssemblyName=Supabase.Gotrue, Version=6.0.3.0, Culture=neutral, PublicKeyToken=null' and ignoring 'Assets/Packages/gotrue-csharp.4.2.7/lib/netstandard2.0/Supabase.Gotrue.dll, AssemblyName=Supabase.Gotrue, Version=4.2.7.0, Culture=neutral, PublicKeyToken=null'.Duplicate assembly 'Supabase.Storage.dll' with different versions detected, using 'Assets/Packages/Supabase.Storage.2.0.2/lib/netstandard2.0/Supabase.Storage.dll, AssemblyName=Supabase.Storage, Version=2.0.2.0, Culture=neutral, PublicKeyToken=null' and ignoring 'Assets/Packages/supabase-storage-csharp.1.4.0/lib/netstandard2.0/Supabase.Storage.dll, AssemblyName=Supabase.Storage, Version=1.4.0.0, Culture=neutral, PublicKeyToken=null'.Duplicate assembly 'Supabase.Postgrest.dll' with different versions detected, using 'Assets/Packages/Supabase.Postgrest.4.0.3/lib/netstandard2.0/Supabase.Postgrest.dll, AssemblyName=Supabase.Postgrest, Version=4.0.3.0, Culture=neutral, PublicKeyToken=null' and ignoring 'Assets/Packages/postgrest-csharp.3.5.1/lib/netstandard2.0/Supabase.Postgrest.dll, AssemblyName=Supabase.Postgrest, Version=3.5.1.0, Culture=neutral, PublicKeyToken=null'.Duplicate assembly 'Supabase.dll' with different versions detected, using 'Assets/Packages/Supabase.1.1.1/lib/netstandard2.1/Supabase.dll, AssemblyName=Supabase, Version=1.1.1.0, Culture=neutral, PublicKeyToken=null' and ignoring 'Assets/Packages/supabase-csharp.0.16.2/lib/netstandard2.0/Supabase.dll, AssemblyName=Supabase, Version=0.16.2.0, Culture=neutral, PublicKeyToken=null'.- Loaded All Assemblies, in  2.554 seconds
Refreshing native plugins compatible for Editor in 83.26 ms, found 4 plugins.
Native extension for WindowsStandalone target not found
Native extension for WebGL target not found
[Package Manager] Server::EnsureServerProcessIsRunning -- launch failed, reason: Unity was launched with the -noUpm command-line argument
[Package Manager] UpmClient::Send -- Unable to send message (not connected to UPM process).
[Package Manager] Cannot connect to Unity Package Manager local server
Mono: successfully reloaded assembly
- Finished resetting the current domain, in  2.700 seconds
Domain Reload Profiling: 5231ms
	BeginReloadAssembly (289ms)
		ExecutionOrderSort (0ms)
		DisableScriptedObjects (18ms)
		BackupInstance (0ms)
		ReleaseScriptingObjects (0ms)
		CreateAndSetChildDomain (59ms)
	RebuildCommonClasses (42ms)
	RebuildNativeTypeToScriptingClass (12ms)
	initialDomainReloadingComplete (116ms)
	LoadAllAssembliesAndSetupDomain (2072ms)
		LoadAssemblies (2202ms)
		RebuildTransferFunctionScriptingTraits (0ms)
		AnalyzeDomain (26ms)
			TypeCache.Refresh (8ms)
				TypeCache.ScanAssembly (0ms)
			ScanForSourceGeneratedMonoScriptInfo (0ms)
			ResolveRequiredComponents (15ms)
	FinalizeReload (2701ms)
		ReleaseScriptCaches (0ms)
		RebuildScriptCaches (0ms)
		SetupLoadedEditorAssemblies (994ms)
			LogAssemblyErrors (0ms)
			InitializePlatformSupportModulesInManaged (22ms)
			SetLoadedEditorAssemblies (8ms)
			RefreshPlugins (0ms)
			BeforeProcessingInitializeOnLoad (210ms)
			ProcessInitializeOnLoadAttributes (663ms)
			ProcessInitializeOnLoadMethodAttributes (55ms)
			AfterProcessingInitializeOnLoad (35ms)
			EditorAssembliesLoaded (1ms)
		ExecutionOrderSort2 (0ms)
		AwakeInstancesAfterBackupRestoration (31ms)
Refreshing native plugins compatible for Editor in 72.42 ms, found 4 plugins.
Preloading 0 native plugins for Editor in 0.00 ms.
Unloading 4632 Unused Serialized files (Serialized files now loaded: 0)
Unloading 114 unused Assets / (149.3 KB). Loaded Objects now: 5268.
Memory consumption went from 150.3 MB to 150.2 MB.
Total: 6.288300 ms (FindLiveObjects: 0.502000 ms CreateObjectMapping: 0.169100 ms MarkObjects: 5.373300 ms  DeleteObjects: 0.242700 ms)

Prepare: number of updated asset objects reloaded= 0
AssetImportParameters requested are different than current active one (requested -> active):
  custom:container-demuxer-ogg: 62fdf1f143b41e24485cea50d1cbac27 -> 
  custom:video-codec-MediaFoundation-h265: 746d11721c4dcdbdad8f713fa42b33f4 -> 
  custom:video-decoder-ogg-theora: a1e56fd34408186e4bbccfd4996cb3dc -> 
  custom:framework-win-MediaFoundation: 216162199b28c13a410421893ffa2e32 -> 
  custom:CustomObjectIndexerAttribute: 756ad292c208cfabdd7b50bc23989ffe -> 
  custom:container-demuxer-webm: 4f35f7cbe854078d1ac9338744f61a02 -> 
  custom:container-muxer-webm: aa71ff27fc2769a1b78a27578f13a17b -> 
  custom:video-decoder-webm-vp8: 9c59270c3fd7afecdb556c50c9e8de78 -> 
  custom:SearchIndexIgnoredProperties: e643bd26f0fe6173181afceb89e7c659 -> 
  custom:AudioImporter_EditorPlatform: d09bf68614088b80899f8185d706f6e7 -> 
  custom:video-encoder-webm-vp8: eb34c28f22e8b96e1ab97ce403110664 -> 
  custom:audio-decoder-ogg-vorbis: bf7c407c2cedff20999df2af8eb42d56 -> 
  custom:audio-encoder-webm-vorbis: bf7c407c2cedff20999df2af8eb42d56 -> 
