Using pre-set license
Built from '2022.3/staging' branch; Version is '2022.3.9f1 (ea401c316338) revision 15351836'; Using compiler version '192829333'; Build Type 'Release'
OS: 'Windows 10  (10.0.19045) 64bit CoreSingleLanguage' Language: 'en' Physical Memory: 23761 MB
BatchMode: 1, IsHumanControllingUs: 0, StartBugReporterOnCrash: 0, Is64bit: 1, IsPro: 1

COMMAND LINE ARGUMENTS:
C:\Program Files\2022.3.9f1\Editor\Unity.exe
-adb2
-batchMode
-noUpm
-name
AssetImportWorker2
-projectPath
C:/Users/Test/Documents/GitHub/patrick-star-public
-logFile
Logs/AssetImportWorker2.log
-srvPort
60551
Successfully changed project path to: C:/Users/Test/Documents/GitHub/patrick-star-public
C:/Users/Test/Documents/GitHub/patrick-star-public
[UnityMemory] Configuration Parameters - Can be set up in boot.config
    "memorysetup-bucket-allocator-granularity=16"
    "memorysetup-bucket-allocator-bucket-count=8"
    "memorysetup-bucket-allocator-block-size=33554432"
    "memorysetup-bucket-allocator-block-count=8"
    "memorysetup-main-allocator-block-size=16777216"
    "memorysetup-thread-allocator-block-size=16777216"
    "memorysetup-gfx-main-allocator-block-size=16777216"
    "memorysetup-gfx-thread-allocator-block-size=16777216"
    "memorysetup-cache-allocator-block-size=4194304"
    "memorysetup-typetree-allocator-block-size=2097152"
    "memorysetup-profiler-bucket-allocator-granularity=16"
    "memorysetup-profiler-bucket-allocator-bucket-count=8"
    "memorysetup-profiler-bucket-allocator-block-size=33554432"
    "memorysetup-profiler-bucket-allocator-block-count=8"
    "memorysetup-profiler-allocator-block-size=16777216"
    "memorysetup-profiler-editor-allocator-block-size=1048576"
    "memorysetup-temp-allocator-size-main=16777216"
    "memorysetup-job-temp-allocator-block-size=2097152"
    "memorysetup-job-temp-allocator-block-size-background=1048576"
    "memorysetup-job-temp-allocator-reduction-small-platforms=262144"
    "memorysetup-allocator-temp-initial-block-size-main=262144"
    "memorysetup-allocator-temp-initial-block-size-worker=262144"
    "memorysetup-temp-allocator-size-background-worker=32768"
    "memorysetup-temp-allocator-size-job-worker=262144"
    "memorysetup-temp-allocator-size-preload-manager=33554432"
    "memorysetup-temp-allocator-size-nav-mesh-worker=65536"
    "memorysetup-temp-allocator-size-audio-worker=65536"
    "memorysetup-temp-allocator-size-cloud-worker=32768"
    "memorysetup-temp-allocator-size-gi-baking-worker=262144"
    "memorysetup-temp-allocator-size-gfx=262144"
Player connection [41740] Host "[IP] 169.254.130.64 [Port] 0 [Flags] 2 [Guid] 381982066 [EditorId] 381982066 [Version] 1048832 [Id] WindowsEditor(7,LAPTOP-05AVRVMV) [Debug] 1 [PackageName] WindowsEditor [ProjectName] Editor" joined multi-casting on [225.0.0.222:54997]...

Player connection [41740] Host "[IP] 169.254.130.64 [Port] 0 [Flags] 2 [Guid] 381982066 [EditorId] 381982066 [Version] 1048832 [Id] WindowsEditor(7,LAPTOP-05AVRVMV) [Debug] 1 [PackageName] WindowsEditor [ProjectName] Editor" joined alternative multi-casting on [225.0.0.222:34997]...

[Physics::Module] Initialized MultithreadedJobDispatcher with 11 workers.
Refreshing native plugins compatible for Editor in 25.82 ms, found 4 plugins.
Preloading 0 native plugins for Editor in 0.00 ms.
Initialize engine version: 2022.3.9f1 (ea401c316338)
[Subsystems] Discovering subsystems at path C:/Program Files/2022.3.9f1/Editor/Data/Resources/UnitySubsystems
[Subsystems] Discovering subsystems at path C:/Users/Test/Documents/GitHub/patrick-star-public/Assets
GfxDevice: creating device client; threaded=0; jobified=0
Direct3D:
    Version:  Direct3D 11.0 [level 11.1]
    Renderer: NVIDIA GeForce RTX 4050 Laptop GPU (ID=0x28a1)
    Vendor:   NVIDIA
    VRAM:     5921 MB
    Driver:   32.0.15.6603
Initialize mono
Mono path[0] = 'C:/Program Files/2022.3.9f1/Editor/Data/Managed'
Mono path[1] = 'C:/Program Files/2022.3.9f1/Editor/Data/MonoBleedingEdge/lib/mono/unityjit-win32'
Mono config path = 'C:/Program Files/2022.3.9f1/Editor/Data/MonoBleedingEdge/etc'
Using monoOptions --debugger-agent=transport=dt_socket,embedding=1,server=y,suspend=n,address=127.0.0.1:56600
Begin MonoManager ReloadAssembly
Registering precompiled unity dll's ...
Register platform support module: C:/Program Files/2022.3.9f1/Editor/Data/PlaybackEngines/WebGLSupport/UnityEditor.WebGL.Extensions.dll
Register platform support module: C:/Program Files/2022.3.9f1/Editor/Data/PlaybackEngines/WindowsStandaloneSupport/UnityEditor.WindowsStandalone.Extensions.dll
Registered in 0.022028 seconds.
- Loaded All Assemblies, in  0.413 seconds
Native extension for WindowsStandalone target not found
Native extension for WebGL target not found
Mono: successfully reloaded assembly
- Finished resetting the current domain, in  0.270 seconds
Domain Reload Profiling: 677ms
	BeginReloadAssembly (140ms)
		ExecutionOrderSort (0ms)
		DisableScriptedObjects (0ms)
		BackupInstance (0ms)
		ReleaseScriptingObjects (0ms)
		CreateAndSetChildDomain (1ms)
	RebuildCommonClasses (36ms)
	RebuildNativeTypeToScriptingClass (8ms)
	initialDomainReloadingComplete (86ms)
	LoadAllAssembliesAndSetupDomain (136ms)
		LoadAssemblies (135ms)
		RebuildTransferFunctionScriptingTraits (0ms)
		AnalyzeDomain (133ms)
			TypeCache.Refresh (131ms)
				TypeCache.ScanAssembly (118ms)
			ScanForSourceGeneratedMonoScriptInfo (0ms)
			ResolveRequiredComponents (1ms)
	FinalizeReload (270ms)
		ReleaseScriptCaches (0ms)
		RebuildScriptCaches (0ms)
		SetupLoadedEditorAssemblies (211ms)
			LogAssemblyErrors (0ms)
			InitializePlatformSupportModulesInManaged (19ms)
			SetLoadedEditorAssemblies (5ms)
			RefreshPlugins (0ms)
			BeforeProcessingInitializeOnLoad (2ms)
			ProcessInitializeOnLoadAttributes (132ms)
			ProcessInitializeOnLoadMethodAttributes (52ms)
			AfterProcessingInitializeOnLoad (0ms)
			EditorAssembliesLoaded (0ms)
		ExecutionOrderSort2 (0ms)
		AwakeInstancesAfterBackupRestoration (0ms)
========================================================================
Worker process is ready to serve import requests
Begin MonoManager ReloadAssembly
- Loaded All Assemblies, in  0.942 seconds
Refreshing native plugins compatible for Editor in 12.29 ms, found 4 plugins.
Native extension for WindowsStandalone target not found
Native extension for WebGL target not found
Mono: successfully reloaded assembly
- Finished resetting the current domain, in  0.870 seconds
Domain Reload Profiling: 1795ms
	BeginReloadAssembly (208ms)
		ExecutionOrderSort (0ms)
		DisableScriptedObjects (5ms)
		BackupInstance (0ms)
		ReleaseScriptingObjects (0ms)
		CreateAndSetChildDomain (23ms)
	RebuildCommonClasses (38ms)
	RebuildNativeTypeToScriptingClass (9ms)
	initialDomainReloadingComplete (71ms)
	LoadAllAssembliesAndSetupDomain (598ms)
		LoadAssemblies (555ms)
		RebuildTransferFunctionScriptingTraits (0ms)
		AnalyzeDomain (180ms)
			TypeCache.Refresh (153ms)
				TypeCache.ScanAssembly (138ms)
			ScanForSourceGeneratedMonoScriptInfo (20ms)
			ResolveRequiredComponents (6ms)
	FinalizeReload (871ms)
		ReleaseScriptCaches (0ms)
		RebuildScriptCaches (0ms)
		SetupLoadedEditorAssemblies (694ms)
			LogAssemblyErrors (0ms)
			InitializePlatformSupportModulesInManaged (16ms)
			SetLoadedEditorAssemblies (4ms)
			RefreshPlugins (0ms)
			BeforeProcessingInitializeOnLoad (122ms)
			ProcessInitializeOnLoadAttributes (498ms)
			ProcessInitializeOnLoadMethodAttributes (32ms)
			AfterProcessingInitializeOnLoad (22ms)
			EditorAssembliesLoaded (0ms)
		ExecutionOrderSort2 (0ms)
		AwakeInstancesAfterBackupRestoration (10ms)
Launched and connected shader compiler UnityShaderCompiler.exe after 0.06 seconds
Refreshing native plugins compatible for Editor in 13.23 ms, found 4 plugins.
Preloading 0 native plugins for Editor in 0.00 ms.
Unloading 4239 Unused Serialized files (Serialized files now loaded: 0)
Unloading 85 unused Assets / (318.3 KB). Loaded Objects now: 4692.
Memory consumption went from 141.5 MB to 141.2 MB.
Total: 3.932500 ms (FindLiveObjects: 0.316200 ms CreateObjectMapping: 0.137400 ms MarkObjects: 3.222500 ms  DeleteObjects: 0.255100 ms)

AssetImportParameters requested are different than current active one (requested -> active):
  custom:container-demuxer-ogg: 62fdf1f143b41e24485cea50d1cbac27 -> 
  custom:video-codec-MediaFoundation-h265: 746d11721c4dcdbdad8f713fa42b33f4 -> 
  custom:video-decoder-ogg-theora: a1e56fd34408186e4bbccfd4996cb3dc -> 
  custom:framework-win-MediaFoundation: 216162199b28c13a410421893ffa2e32 -> 
  custom:CustomObjectIndexerAttribute: 756ad292c208cfabdd7b50bc23989ffe -> 
  custom:container-demuxer-webm: 4f35f7cbe854078d1ac9338744f61a02 -> 
  custom:container-muxer-webm: aa71ff27fc2769a1b78a27578f13a17b -> 
  custom:video-decoder-webm-vp8: 9c59270c3fd7afecdb556c50c9e8de78 -> 
  custom:SearchIndexIgnoredProperties: e643bd26f0fe6173181afceb89e7c659 -> 
  custom:AudioImporter_EditorPlatform: d09bf68614088b80899f8185d706f6e7 -> 
  custom:video-encoder-webm-vp8: eb34c28f22e8b96e1ab97ce403110664 -> 
  custom:audio-decoder-ogg-vorbis: bf7c407c2cedff20999df2af8eb42d56 -> 
  custom:audio-encoder-webm-vorbis: bf7c407c2cedff20999df2af8eb42d56 -> 
========================================================================
Received Import Request.
  Time since last request: 727612.653647 seconds.
  path: Assets/Graphics/Surroundings/Medieval_Castle/Tiles/brick_9.png
  artifactKey: Guid(76fc3ecd247b1e049a125e5eeef95ec0) Importer(815301076,1909f56bfc062723c751e8b465ee728b)
Start importing Assets/Graphics/Surroundings/Medieval_Castle/Tiles/brick_9.png using Guid(76fc3ecd247b1e049a125e5eeef95ec0) Importer(815301076,1909f56bfc062723c751e8b465ee728b)  -> (artifact id: 'a3a72c9182e10f8907ed4d926d3a7116') in 0.134213 seconds
Number of updated asset objects reloaded before import = 0
Number of asset objects unloaded after import = 3
========================================================================
Received Import Request.
  Time since last request: 42.735599 seconds.
  path: Assets/Graphics/Surroundings/Medieval_Castle/Tiles/brick_12.png
  artifactKey: Guid(7e60f51a7eb7e2e4bb9a21821727daf5) Importer(815301076,1909f56bfc062723c751e8b465ee728b)
Start importing Assets/Graphics/Surroundings/Medieval_Castle/Tiles/brick_12.png using Guid(7e60f51a7eb7e2e4bb9a21821727daf5) Importer(815301076,1909f56bfc062723c751e8b465ee728b)  -> (artifact id: '9e02b4cd602a4ee9ebf9b9ff8be6bedb') in 0.035430 seconds
Number of updated asset objects reloaded before import = 0
Number of asset objects unloaded after import = 3
========================================================================
Received Import Request.
  Time since last request: 25.674846 seconds.
  path: Assets/Graphics/Surroundings/Medieval_Castle/Tiles/brick_14.png
  artifactKey: Guid(5e3ab61836760cd49887fc5dc9aafcda) Importer(815301076,1909f56bfc062723c751e8b465ee728b)
Start importing Assets/Graphics/Surroundings/Medieval_Castle/Tiles/brick_14.png using Guid(5e3ab61836760cd49887fc5dc9aafcda) Importer(815301076,1909f56bfc062723c751e8b465ee728b)  -> (artifact id: '93e05ab0e3789457c4ce469bbdc08f0f') in 0.044631 seconds
Number of updated asset objects reloaded before import = 0
Number of asset objects unloaded after import = 3
========================================================================
Received Import Request.
  Time since last request: 0.000018 seconds.
  path: Assets/Graphics/Surroundings/Medieval_Castle/Tiles/brick_side_left_1.png
  artifactKey: Guid(aa3862d8737be4944907802e10279e62) Importer(815301076,1909f56bfc062723c751e8b465ee728b)
Start importing Assets/Graphics/Surroundings/Medieval_Castle/Tiles/brick_side_left_1.png using Guid(aa3862d8737be4944907802e10279e62) Importer(815301076,1909f56bfc062723c751e8b465ee728b)  -> (artifact id: '4cac3dbe1b15e8465d93ac362f6bff1a') in 0.046974 seconds
Number of updated asset objects reloaded before import = 0
Number of asset objects unloaded after import = 3
========================================================================
Received Import Request.
  Time since last request: 0.000018 seconds.
  path: Assets/Graphics/Surroundings/Medieval_Castle/Tiles/brick_side_left_2.png
  artifactKey: Guid(a26b128cf9fa2564e96985f75eb1b3ae) Importer(815301076,1909f56bfc062723c751e8b465ee728b)
Start importing Assets/Graphics/Surroundings/Medieval_Castle/Tiles/brick_side_left_2.png using Guid(a26b128cf9fa2564e96985f75eb1b3ae) Importer(815301076,1909f56bfc062723c751e8b465ee728b)  -> (artifact id: '641cf1336e86b2cd307251d50dc914fd') in 0.045061 seconds
Number of updated asset objects reloaded before import = 0
Number of asset objects unloaded after import = 3
========================================================================
Received Import Request.
  Time since last request: 0.017564 seconds.
  path: Assets/Graphics/Surroundings/Medieval_Castle/Tiles/brick_side_right_2.png
  artifactKey: Guid(170e0f16a361a9f42ab79ac66a0b0b05) Importer(815301076,1909f56bfc062723c751e8b465ee728b)
Start importing Assets/Graphics/Surroundings/Medieval_Castle/Tiles/brick_side_right_2.png using Guid(170e0f16a361a9f42ab79ac66a0b0b05) Importer(815301076,1909f56bfc062723c751e8b465ee728b)  -> (artifact id: '48ea9e5e05862c435e0deeda7d8dcad7') in 0.046006 seconds
Number of updated asset objects reloaded before import = 0
Number of asset objects unloaded after import = 3
========================================================================
Received Import Request.
  Time since last request: 0.000015 seconds.
  path: Assets/Graphics/Surroundings/Medieval_Castle/Tiles/ceiling_2.png
  artifactKey: Guid(a0f92ffd401f6ed44bd416e2e52add54) Importer(815301076,1909f56bfc062723c751e8b465ee728b)
Start importing Assets/Graphics/Surroundings/Medieval_Castle/Tiles/ceiling_2.png using Guid(a0f92ffd401f6ed44bd416e2e52add54) Importer(815301076,1909f56bfc062723c751e8b465ee728b)  -> (artifact id: 'cd70258261b140a8e1e09a1d50afec2e') in 0.047021 seconds
Number of updated asset objects reloaded before import = 0
Number of asset objects unloaded after import = 3
========================================================================
Received Import Request.
  Time since last request: 0.147897 seconds.
  path: Assets/Graphics/Surroundings/Medieval_Castle/Tiles/ceiling_3.png
  artifactKey: Guid(5cb467aafc67c8f4e9963f2054de8f6b) Importer(815301076,1909f56bfc062723c751e8b465ee728b)
Start importing Assets/Graphics/Surroundings/Medieval_Castle/Tiles/ceiling_3.png using Guid(5cb467aafc67c8f4e9963f2054de8f6b) Importer(815301076,1909f56bfc062723c751e8b465ee728b)  -> (artifact id: '47815f83758ffa885b5fa72974f2f793') in 0.046961 seconds
Number of updated asset objects reloaded before import = 0
Number of asset objects unloaded after import = 3
========================================================================
Received Import Request.
  Time since last request: 0.013961 seconds.
  path: Assets/Graphics/Surroundings/Medieval_Castle/Tiles/ceiling_corner_left.png
  artifactKey: Guid(4e49ce01b36a98e4ab7543a6a5d46b3a) Importer(815301076,1909f56bfc062723c751e8b465ee728b)
Start importing Assets/Graphics/Surroundings/Medieval_Castle/Tiles/ceiling_corner_left.png using Guid(4e49ce01b36a98e4ab7543a6a5d46b3a) Importer(815301076,1909f56bfc062723c751e8b465ee728b)  -> (artifact id: '280e5219e50aad086cf68772b8b2e452') in 0.051933 seconds
Number of updated asset objects reloaded before import = 0
Number of asset objects unloaded after import = 3
========================================================================
Received Import Request.
  Time since last request: 0.000057 seconds.
  path: Assets/Graphics/Surroundings/Medieval_Castle/Tiles/column_3.png
  artifactKey: Guid(6f96e51e35b1f5843add46383d9ea0c4) Importer(815301076,1909f56bfc062723c751e8b465ee728b)
Start importing Assets/Graphics/Surroundings/Medieval_Castle/Tiles/column_3.png using Guid(6f96e51e35b1f5843add46383d9ea0c4) Importer(815301076,1909f56bfc062723c751e8b465ee728b)  -> (artifact id: 'c9222c001570b4b9ecd6dae5c3c5e621') in 0.041711 seconds
Number of updated asset objects reloaded before import = 0
Number of asset objects unloaded after import = 3
========================================================================
Received Import Request.
  Time since last request: 0.000032 seconds.
  path: Assets/Graphics/Surroundings/Medieval_Castle/Tiles/column_5.png
  artifactKey: Guid(9766537c54c445c48af63db6a8b9639a) Importer(815301076,1909f56bfc062723c751e8b465ee728b)
Start importing Assets/Graphics/Surroundings/Medieval_Castle/Tiles/column_5.png using Guid(9766537c54c445c48af63db6a8b9639a) Importer(815301076,1909f56bfc062723c751e8b465ee728b)  -> (artifact id: '6afbb755e8fc2ac5df956a6ff1ff4968') in 0.040407 seconds
Number of updated asset objects reloaded before import = 0
Number of asset objects unloaded after import = 3
========================================================================
Received Import Request.
  Time since last request: 0.000030 seconds.
  path: Assets/Graphics/Surroundings/Medieval_Castle/Tiles/damaged_brick_2.png
  artifactKey: Guid(94da0f710e3e2d04fbb4d1218a34f8f2) Importer(815301076,1909f56bfc062723c751e8b465ee728b)
Start importing Assets/Graphics/Surroundings/Medieval_Castle/Tiles/damaged_brick_2.png using Guid(94da0f710e3e2d04fbb4d1218a34f8f2) Importer(815301076,1909f56bfc062723c751e8b465ee728b)  -> (artifact id: '61079987ae2a8a5fae9e9df236f29621') in 0.039716 seconds
Number of updated asset objects reloaded before import = 0
Number of asset objects unloaded after import = 3
========================================================================
Received Import Request.
  Time since last request: 0.000016 seconds.
  path: Assets/Graphics/Surroundings/Medieval_Castle/Tiles/floor_tile_1.png
  artifactKey: Guid(7f1c70acd3a44df4594d7d5a99659736) Importer(815301076,1909f56bfc062723c751e8b465ee728b)
Start importing Assets/Graphics/Surroundings/Medieval_Castle/Tiles/floor_tile_1.png using Guid(7f1c70acd3a44df4594d7d5a99659736) Importer(815301076,1909f56bfc062723c751e8b465ee728b)  -> (artifact id: '66e47fc3cda93e39f781009b871bbc9f') in 0.041321 seconds
Number of updated asset objects reloaded before import = 0
Number of asset objects unloaded after import = 3
========================================================================
Received Import Request.
  Time since last request: 0.000019 seconds.
  path: Assets/Graphics/Surroundings/Medieval_Castle/Tiles/floor_tile_carpet_2.png
  artifactKey: Guid(85be1dce0299c4648a5579365f7b7043) Importer(815301076,1909f56bfc062723c751e8b465ee728b)
Start importing Assets/Graphics/Surroundings/Medieval_Castle/Tiles/floor_tile_carpet_2.png using Guid(85be1dce0299c4648a5579365f7b7043) Importer(815301076,1909f56bfc062723c751e8b465ee728b)  -> (artifact id: '1e5bc83465080bb54b23ce998618633a') in 0.041643 seconds
Number of updated asset objects reloaded before import = 0
Number of asset objects unloaded after import = 3
========================================================================
Received Import Request.
  Time since last request: 0.000013 seconds.
  path: Assets/Graphics/Surroundings/Medieval_Castle/Tiles/damaged_brick_4.png
  artifactKey: Guid(2756cc9e3198ace4882018e4c0253357) Importer(815301076,1909f56bfc062723c751e8b465ee728b)
Start importing Assets/Graphics/Surroundings/Medieval_Castle/Tiles/damaged_brick_4.png using Guid(2756cc9e3198ace4882018e4c0253357) Importer(815301076,1909f56bfc062723c751e8b465ee728b)  -> (artifact id: '1223a5ef9def9e04f6d1032281042d00') in 0.045094 seconds
Number of updated asset objects reloaded before import = 0
Number of asset objects unloaded after import = 3
========================================================================
Received Import Request.
  Time since last request: 0.000014 seconds.
  path: Assets/Graphics/Surroundings/Medieval_Castle/Tiles/floor_wood_3.png
  artifactKey: Guid(33670aaabecaca341967114438806ce5) Importer(815301076,1909f56bfc062723c751e8b465ee728b)
Start importing Assets/Graphics/Surroundings/Medieval_Castle/Tiles/floor_wood_3.png using Guid(33670aaabecaca341967114438806ce5) Importer(815301076,1909f56bfc062723c751e8b465ee728b)  -> (artifact id: 'b3c92d14a9c6ecd4dcb83ba5c62262a6') in 0.038326 seconds
Number of updated asset objects reloaded before import = 0
Number of asset objects unloaded after import = 3
========================================================================
Received Import Request.
  Time since last request: 0.000022 seconds.
  path: Assets/Graphics/Surroundings/Medieval_Castle/Tiles/floor_wood_4.png
  artifactKey: Guid(80f9ef17abe22504cac3f7a5fb835db9) Importer(815301076,1909f56bfc062723c751e8b465ee728b)
Start importing Assets/Graphics/Surroundings/Medieval_Castle/Tiles/floor_wood_4.png using Guid(80f9ef17abe22504cac3f7a5fb835db9) Importer(815301076,1909f56bfc062723c751e8b465ee728b)  -> (artifact id: 'c9d5680bfd66e906823fca150e8cd172') in 0.039640 seconds
Number of updated asset objects reloaded before import = 0
Number of asset objects unloaded after import = 3
========================================================================
Received Import Request.
  Time since last request: 0.000026 seconds.
  path: Assets/Graphics/Surroundings/Medieval_Castle/Tiles/floor_wood_carpet_corner_right.png
  artifactKey: Guid(09d057c432179ab418c91313ce991ddd) Importer(815301076,1909f56bfc062723c751e8b465ee728b)
Start importing Assets/Graphics/Surroundings/Medieval_Castle/Tiles/floor_wood_carpet_corner_right.png using Guid(09d057c432179ab418c91313ce991ddd) Importer(815301076,1909f56bfc062723c751e8b465ee728b)  -> (artifact id: '215293c909ff908d04b9e42139158ce9') in 0.040646 seconds
Number of updated asset objects reloaded before import = 0
Number of asset objects unloaded after import = 3
========================================================================
Received Import Request.
  Time since last request: 0.000071 seconds.
  path: Assets/Graphics/Surroundings/Medieval_Castle/Tiles/floor_wood_corner_right.png
  artifactKey: Guid(8b4bf8446429a0c4a93c889afb76094b) Importer(815301076,1909f56bfc062723c751e8b465ee728b)
Start importing Assets/Graphics/Surroundings/Medieval_Castle/Tiles/floor_wood_corner_right.png using Guid(8b4bf8446429a0c4a93c889afb76094b) Importer(815301076,1909f56bfc062723c751e8b465ee728b)  -> (artifact id: '985d9ef2ffc55cc2e28b3255d56b5c13') in 0.041587 seconds
Number of updated asset objects reloaded before import = 0
Number of asset objects unloaded after import = 3
========================================================================
Received Import Request.
  Time since last request: 0.000021 seconds.
  path: Assets/Graphics/Surroundings/Medieval_Castle/Tiles/damaged_brick_3.png
  artifactKey: Guid(b9f4667dd135ffb41bdaa37f4af99a86) Importer(815301076,1909f56bfc062723c751e8b465ee728b)
Start importing Assets/Graphics/Surroundings/Medieval_Castle/Tiles/damaged_brick_3.png using Guid(b9f4667dd135ffb41bdaa37f4af99a86) Importer(815301076,1909f56bfc062723c751e8b465ee728b)  -> (artifact id: '8ae3dd6de63e4dc62fa8e8ca40de6849') in 0.035663 seconds
Number of updated asset objects reloaded before import = 0
Number of asset objects unloaded after import = 3
========================================================================
Received Import Request.
  Time since last request: 0.000020 seconds.
  path: Assets/Graphics/Surroundings/Medieval_Castle/Tiles/column_6.png
  artifactKey: Guid(5188f6b3dbd3d8b44a3dd95b3c2580cc) Importer(815301076,1909f56bfc062723c751e8b465ee728b)
Start importing Assets/Graphics/Surroundings/Medieval_Castle/Tiles/column_6.png using Guid(5188f6b3dbd3d8b44a3dd95b3c2580cc) Importer(815301076,1909f56bfc062723c751e8b465ee728b)  -> (artifact id: '477c6e62ff662bbecfae1cc408b188cb') in 0.039452 seconds
Number of updated asset objects reloaded before import = 0
Number of asset objects unloaded after import = 3
========================================================================
Received Import Request.
  Time since last request: 0.000021 seconds.
  path: Assets/Graphics/Surroundings/Medieval_Castle/Tiles/floor_tile_corner_right.png
  artifactKey: Guid(8bcda0a82f1b8e544b0c8fc5454e9768) Importer(815301076,1909f56bfc062723c751e8b465ee728b)
Start importing Assets/Graphics/Surroundings/Medieval_Castle/Tiles/floor_tile_corner_right.png using Guid(8bcda0a82f1b8e544b0c8fc5454e9768) Importer(815301076,1909f56bfc062723c751e8b465ee728b)  -> (artifact id: '8cec1388c23348187d11dbdfa3f52439') in 0.034456 seconds
Number of updated asset objects reloaded before import = 0
Number of asset objects unloaded after import = 3
========================================================================
Received Import Request.
  Time since last request: 0.000019 seconds.
  path: Assets/Graphics/Surroundings/Medieval_Castle/Tiles/floor_tile_wood_transition_1.png
  artifactKey: Guid(c660dbe07f0c56942af9e856a7cf802c) Importer(815301076,1909f56bfc062723c751e8b465ee728b)
Start importing Assets/Graphics/Surroundings/Medieval_Castle/Tiles/floor_tile_wood_transition_1.png using Guid(c660dbe07f0c56942af9e856a7cf802c) Importer(815301076,1909f56bfc062723c751e8b465ee728b)  -> (artifact id: '3edbd1fabb297c99a508902767b25178') in 0.038560 seconds
Number of updated asset objects reloaded before import = 0
Number of asset objects unloaded after import = 3
========================================================================
Received Import Request.
  Time since last request: 0.000016 seconds.
  path: Assets/Graphics/Surroundings/Medieval_Castle/Tiles/floor_tile_wood_carpet_transition_1.png
  artifactKey: Guid(63899952d16801348a1883f8cb1fd45e) Importer(815301076,1909f56bfc062723c751e8b465ee728b)
Start importing Assets/Graphics/Surroundings/Medieval_Castle/Tiles/floor_tile_wood_carpet_transition_1.png using Guid(63899952d16801348a1883f8cb1fd45e) Importer(815301076,1909f56bfc062723c751e8b465ee728b)  -> (artifact id: '01834e29e5b2d013e6ce0e2a41a518cc') in 0.051982 seconds
Number of updated asset objects reloaded before import = 0
Number of asset objects unloaded after import = 3
========================================================================
Received Import Request.
  Time since last request: 0.000022 seconds.
  path: Assets/Graphics/Surroundings/Medieval_Castle/Tiles/floor_tile_4.png
  artifactKey: Guid(26075e6099ebb844aaf0a6405ebb02f6) Importer(815301076,1909f56bfc062723c751e8b465ee728b)
Start importing Assets/Graphics/Surroundings/Medieval_Castle/Tiles/floor_tile_4.png using Guid(26075e6099ebb844aaf0a6405ebb02f6) Importer(815301076,1909f56bfc062723c751e8b465ee728b)  -> (artifact id: '083a3cb01e1f7ce79cefc033701c9d02') in 0.036672 seconds
Number of updated asset objects reloaded before import = 0
Number of asset objects unloaded after import = 3
========================================================================
Received Import Request.
  Time since last request: 0.000013 seconds.
  path: Assets/Graphics/Surroundings/Medieval_Castle/Tiles/column_7.png
  artifactKey: Guid(59096f70d9fbf9b4bbb3d4344fdf3aa4) Importer(815301076,1909f56bfc062723c751e8b465ee728b)
Start importing Assets/Graphics/Surroundings/Medieval_Castle/Tiles/column_7.png using Guid(59096f70d9fbf9b4bbb3d4344fdf3aa4) Importer(815301076,1909f56bfc062723c751e8b465ee728b)  -> (artifact id: '614e57ee6660ab71ef7fe053eabd41ec') in 0.035297 seconds
Number of updated asset objects reloaded before import = 0
Number of asset objects unloaded after import = 3
========================================================================
Received Import Request.
  Time since last request: 0.000017 seconds.
  path: Assets/Graphics/Surroundings/Medieval_Castle/Tiles/floor_wood_carpet_2.png
  artifactKey: Guid(586d33d84cdf68245becf72eadd41656) Importer(815301076,1909f56bfc062723c751e8b465ee728b)
Start importing Assets/Graphics/Surroundings/Medieval_Castle/Tiles/floor_wood_carpet_2.png using Guid(586d33d84cdf68245becf72eadd41656) Importer(815301076,1909f56bfc062723c751e8b465ee728b)  -> (artifact id: 'e2584cad8b549472772bc51b4df2115f') in 0.039571 seconds
Number of updated asset objects reloaded before import = 0
Number of asset objects unloaded after import = 3
========================================================================
Received Import Request.
  Time since last request: 0.000017 seconds.
  path: Assets/Graphics/Surroundings/Medieval_Castle/Tiles/ceiling_transparent_2.png
  artifactKey: Guid(41702cd2b8d2cf949b785fa581caba6f) Importer(815301076,1909f56bfc062723c751e8b465ee728b)
Start importing Assets/Graphics/Surroundings/Medieval_Castle/Tiles/ceiling_transparent_2.png using Guid(41702cd2b8d2cf949b785fa581caba6f) Importer(815301076,1909f56bfc062723c751e8b465ee728b)  -> (artifact id: '674ac3745c85a6de2ad19416df894373') in 0.039085 seconds
Number of updated asset objects reloaded before import = 0
Number of asset objects unloaded after import = 3
========================================================================
Received Import Request.
  Time since last request: 0.000016 seconds.
  path: Assets/Graphics/Surroundings/Medieval_Castle/Tiles/floor_wood_carpet_4.png
  artifactKey: Guid(838e285c495df804797a20a6d6d966fe) Importer(815301076,1909f56bfc062723c751e8b465ee728b)
Start importing Assets/Graphics/Surroundings/Medieval_Castle/Tiles/floor_wood_carpet_4.png using Guid(838e285c495df804797a20a6d6d966fe) Importer(815301076,1909f56bfc062723c751e8b465ee728b)  -> (artifact id: '687ea65822b9b563d6b02692bd45f48d') in 0.035191 seconds
Number of updated asset objects reloaded before import = 0
Number of asset objects unloaded after import = 3
========================================================================
Received Import Request.
  Time since last request: 0.000013 seconds.
  path: Assets/Graphics/Surroundings/Medieval_Castle/Tiles/floor_tile_carpet_corner_right.png
  artifactKey: Guid(a20a063dcf71dda499e2dbe79c1dcc96) Importer(815301076,1909f56bfc062723c751e8b465ee728b)
Start importing Assets/Graphics/Surroundings/Medieval_Castle/Tiles/floor_tile_carpet_corner_right.png using Guid(a20a063dcf71dda499e2dbe79c1dcc96) Importer(815301076,1909f56bfc062723c751e8b465ee728b)  -> (artifact id: '958bc7ec3f03763f63fb0bdba95bc29f') in 0.035113 seconds
Number of updated asset objects reloaded before import = 0
Number of asset objects unloaded after import = 3
========================================================================
Received Import Request.
  Time since last request: 0.000017 seconds.
  path: Assets/Graphics/Surroundings/Medieval_Castle/Tiles/column_1.png
  artifactKey: Guid(dbd55f869feae2249a4bd1a408a0d275) Importer(815301076,1909f56bfc062723c751e8b465ee728b)
Start importing Assets/Graphics/Surroundings/Medieval_Castle/Tiles/column_1.png using Guid(dbd55f869feae2249a4bd1a408a0d275) Importer(815301076,1909f56bfc062723c751e8b465ee728b)  -> (artifact id: '2c44fd6d67804d395d59dd453bce1454') in 0.036380 seconds
Number of updated asset objects reloaded before import = 0
Number of asset objects unloaded after import = 3
========================================================================
Received Import Request.
  Time since last request: 1.237961 seconds.
  path: Assets/Graphics/Surroundings/Medieval_Castle/Tiles/floor_tile_carpet_3.png
  artifactKey: Guid(3bf14cf8d4ad48f40941b737ca5ec32c) Importer(815301076,1909f56bfc062723c751e8b465ee728b)
Start importing Assets/Graphics/Surroundings/Medieval_Castle/Tiles/floor_tile_carpet_3.png using Guid(3bf14cf8d4ad48f40941b737ca5ec32c) Importer(815301076,1909f56bfc062723c751e8b465ee728b)  -> (artifact id: '0e90256b63dd6b919513f1b23f3c3a6d') in 0.039453 seconds
Number of updated asset objects reloaded before import = 0
Number of asset objects unloaded after import = 3
========================================================================
Received Import Request.
  Time since last request: 86.900085 seconds.
  path: Assets/Graphics/Surroundings/Medieval_Castle/Background/layer_1.png
  artifactKey: Guid(be8c9daed4a4fed4cbc669e1c42e6de0) Importer(815301076,1909f56bfc062723c751e8b465ee728b)
Start importing Assets/Graphics/Surroundings/Medieval_Castle/Background/layer_1.png using Guid(be8c9daed4a4fed4cbc669e1c42e6de0) Importer(815301076,1909f56bfc062723c751e8b465ee728b)  -> (artifact id: '0d9aaa9d40715a66ebe267925c0196c9') in 0.036227 seconds
Number of updated asset objects reloaded before import = 0
Number of asset objects unloaded after import = 3
========================================================================
Received Import Request.
  Time since last request: 0.000014 seconds.
  path: Assets/Graphics/Surroundings/Medieval_Castle/Background/layer_3.png
  artifactKey: Guid(8aece87d29dd54f46b72dc064351c1c1) Importer(815301076,1909f56bfc062723c751e8b465ee728b)
Start importing Assets/Graphics/Surroundings/Medieval_Castle/Background/layer_3.png using Guid(8aece87d29dd54f46b72dc064351c1c1) Importer(815301076,1909f56bfc062723c751e8b465ee728b)  -> (artifact id: '8c6533a38cbb508bf8a82290ac4a07a6') in 0.032031 seconds
Number of updated asset objects reloaded before import = 0
Number of asset objects unloaded after import = 3
========================================================================
Received Import Request.
  Time since last request: 0.388481 seconds.
  path: Assets/Graphics/Surroundings/Medieval_Castle/HUD/bar.png
  artifactKey: Guid(16dcc94508854574889d26653c5d770c) Importer(815301076,1909f56bfc062723c751e8b465ee728b)
Start importing Assets/Graphics/Surroundings/Medieval_Castle/HUD/bar.png using Guid(16dcc94508854574889d26653c5d770c) Importer(815301076,1909f56bfc062723c751e8b465ee728b)  -> (artifact id: 'e5db16abe2dd1b3b5deaae24c1a6dca1') in 0.041402 seconds
Number of updated asset objects reloaded before import = 0
Number of asset objects unloaded after import = 3
========================================================================
Received Import Request.
  Time since last request: 0.000015 seconds.
  path: Assets/Graphics/Surroundings/Medieval_Castle/HUD/health_bar.png
  artifactKey: Guid(826dda4e978ab274a8677210b252df0a) Importer(815301076,1909f56bfc062723c751e8b465ee728b)
Start importing Assets/Graphics/Surroundings/Medieval_Castle/HUD/health_bar.png using Guid(826dda4e978ab274a8677210b252df0a) Importer(815301076,1909f56bfc062723c751e8b465ee728b)  -> (artifact id: '0eb3542a5bb90620f479b34282832508') in 0.035592 seconds
Number of updated asset objects reloaded before import = 0
Number of asset objects unloaded after import = 3
========================================================================
Received Import Request.
  Time since last request: 0.845005 seconds.
  path: Assets/Graphics/Surroundings/Medieval_Castle/Decorations/axe.png
  artifactKey: Guid(b61ebe29b3b0db44bbbbfccc4dcc3be8) Importer(815301076,1909f56bfc062723c751e8b465ee728b)
Start importing Assets/Graphics/Surroundings/Medieval_Castle/Decorations/axe.png using Guid(b61ebe29b3b0db44bbbbfccc4dcc3be8) Importer(815301076,1909f56bfc062723c751e8b465ee728b)  -> (artifact id: '632225f6b2729eb5d31ff8ddad9fe2f7') in 0.035114 seconds
Number of updated asset objects reloaded before import = 0
Number of asset objects unloaded after import = 3
========================================================================
Received Import Request.
  Time since last request: 0.005555 seconds.
  path: Assets/Graphics/Surroundings/Medieval_Castle/Decorations/barrel.png
  artifactKey: Guid(1e978af5c6e774446add94e8d0cf72bf) Importer(815301076,1909f56bfc062723c751e8b465ee728b)
Start importing Assets/Graphics/Surroundings/Medieval_Castle/Decorations/barrel.png using Guid(1e978af5c6e774446add94e8d0cf72bf) Importer(815301076,1909f56bfc062723c751e8b465ee728b)  -> (artifact id: '99ef0ac0b3f29136f8c41e2b9413304a') in 0.035758 seconds
Number of updated asset objects reloaded before import = 0
Number of asset objects unloaded after import = 3
========================================================================
Received Import Request.
  Time since last request: 0.000021 seconds.
  path: Assets/Graphics/Surroundings/Medieval_Castle/Decorations/bookshelf_2.png
  artifactKey: Guid(550795fa2a3ca1145933d021eccf3a03) Importer(815301076,1909f56bfc062723c751e8b465ee728b)
Start importing Assets/Graphics/Surroundings/Medieval_Castle/Decorations/bookshelf_2.png using Guid(550795fa2a3ca1145933d021eccf3a03) Importer(815301076,1909f56bfc062723c751e8b465ee728b)  -> (artifact id: '9b6068ca31df0498540c31903af81136') in 0.039863 seconds
Number of updated asset objects reloaded before import = 0
Number of asset objects unloaded after import = 3
========================================================================
Received Import Request.
  Time since last request: 0.000013 seconds.
  path: Assets/Graphics/Surroundings/Medieval_Castle/Decorations/chair_2.png
  artifactKey: Guid(75c47b8b553cd8f45927b73d1fdd0f78) Importer(815301076,1909f56bfc062723c751e8b465ee728b)
Start importing Assets/Graphics/Surroundings/Medieval_Castle/Decorations/chair_2.png using Guid(75c47b8b553cd8f45927b73d1fdd0f78) Importer(815301076,1909f56bfc062723c751e8b465ee728b)  -> (artifact id: '33c7d4a1d9124679ddde1238687f4e1b') in 0.036024 seconds
Number of updated asset objects reloaded before import = 0
Number of asset objects unloaded after import = 3
========================================================================
Received Import Request.
  Time since last request: 0.000020 seconds.
  path: Assets/Graphics/Surroundings/Medieval_Castle/Decorations/crate_3.png
  artifactKey: Guid(42c70be15deaaac4c87c36616632ed1c) Importer(815301076,1909f56bfc062723c751e8b465ee728b)
Start importing Assets/Graphics/Surroundings/Medieval_Castle/Decorations/crate_3.png using Guid(42c70be15deaaac4c87c36616632ed1c) Importer(815301076,1909f56bfc062723c751e8b465ee728b)  -> (artifact id: '0be3e7096fa723a65feda3ac03c6a34b') in 0.035453 seconds
Number of updated asset objects reloaded before import = 0
Number of asset objects unloaded after import = 3
========================================================================
Received Import Request.
  Time since last request: 0.000016 seconds.
  path: Assets/Graphics/Surroundings/Medieval_Castle/Decorations/crate_2.png
  artifactKey: Guid(61529b5e56ddbe94e9ab642de5dd827a) Importer(815301076,1909f56bfc062723c751e8b465ee728b)
Start importing Assets/Graphics/Surroundings/Medieval_Castle/Decorations/crate_2.png using Guid(61529b5e56ddbe94e9ab642de5dd827a) Importer(815301076,1909f56bfc062723c751e8b465ee728b)  -> (artifact id: '81678ed167033670ef30376a7bd45313') in 0.034378 seconds
Number of updated asset objects reloaded before import = 0
Number of asset objects unloaded after import = 3
========================================================================
Received Import Request.
  Time since last request: 0.000013 seconds.
  path: Assets/Graphics/Surroundings/Medieval_Castle/Decorations/books.png
  artifactKey: Guid(6dafea31fe94dd149a8ce1a0ef196bab) Importer(815301076,1909f56bfc062723c751e8b465ee728b)
Start importing Assets/Graphics/Surroundings/Medieval_Castle/Decorations/books.png using Guid(6dafea31fe94dd149a8ce1a0ef196bab) Importer(815301076,1909f56bfc062723c751e8b465ee728b)  -> (artifact id: '578fb7989387bee6feea140bc2d7cd75') in 0.034411 seconds
Number of updated asset objects reloaded before import = 0
Number of asset objects unloaded after import = 3
========================================================================
Received Import Request.
  Time since last request: 3.500460 seconds.
  path: Assets/Graphics/Surroundings/Medieval_Castle/Tiles/Tile Assets
  artifactKey: Guid(596e4d494af484244a6571493ba8570b) Importer(815301076,1909f56bfc062723c751e8b465ee728b)
Start importing Assets/Graphics/Surroundings/Medieval_Castle/Tiles/Tile Assets using Guid(596e4d494af484244a6571493ba8570b) Importer(815301076,1909f56bfc062723c751e8b465ee728b)  -> (artifact id: 'eaf31ec3bbd12f736b221b0f87b8f72a') in 0.000650 seconds
Number of updated asset objects reloaded before import = 0
Number of asset objects unloaded after import = 0
========================================================================
Received Import Request.
  Time since last request: 2.527945 seconds.
  path: Assets/Graphics/Surroundings/Medieval_Castle/Tiles/Tile Assets/floor_tile_1.asset
  artifactKey: Guid(4270e79c5cd212e43bfd08fc26be29b4) Importer(815301076,1909f56bfc062723c751e8b465ee728b)
Start importing Assets/Graphics/Surroundings/Medieval_Castle/Tiles/Tile Assets/floor_tile_1.asset using Guid(4270e79c5cd212e43bfd08fc26be29b4) Importer(815301076,1909f56bfc062723c751e8b465ee728b)  -> (artifact id: '80776d7bee061cd371425313abee8239') in 0.019844 seconds
Number of updated asset objects reloaded before import = 0
Number of asset objects unloaded after import = 3
========================================================================
Received Import Request.
  Time since last request: 0.000023 seconds.
  path: Assets/Graphics/Surroundings/Medieval_Castle/Tiles/Tile Assets/floor_tile_3.asset
  artifactKey: Guid(60dccf8ebe75bfa46b23f0d5c37eeac1) Importer(815301076,1909f56bfc062723c751e8b465ee728b)
Start importing Assets/Graphics/Surroundings/Medieval_Castle/Tiles/Tile Assets/floor_tile_3.asset using Guid(60dccf8ebe75bfa46b23f0d5c37eeac1) Importer(815301076,1909f56bfc062723c751e8b465ee728b)  -> (artifact id: 'c163f0d9dd92f7b34692e5466e2b4ebd') in 0.012984 seconds
Number of updated asset objects reloaded before import = 0
Number of asset objects unloaded after import = 3
========================================================================
Received Import Request.
  Time since last request: 0.000017 seconds.
  path: Assets/Graphics/Surroundings/Medieval_Castle/Tiles/Tile Assets/floor_tile_carpet_1.asset
  artifactKey: Guid(564a664bc50cb204ab14fa004e0dafbb) Importer(815301076,1909f56bfc062723c751e8b465ee728b)
Start importing Assets/Graphics/Surroundings/Medieval_Castle/Tiles/Tile Assets/floor_tile_carpet_1.asset using Guid(564a664bc50cb204ab14fa004e0dafbb) Importer(815301076,1909f56bfc062723c751e8b465ee728b)  -> (artifact id: '2c023c295ea9cfecbb07e041283d580a') in 0.013562 seconds
Number of updated asset objects reloaded before import = 0
Number of asset objects unloaded after import = 3
========================================================================
Received Import Request.
  Time since last request: 0.001930 seconds.
  path: Assets/Graphics/Surroundings/Medieval_Castle/Tiles/Tile Assets/floor_tile_carpet_3.asset
  artifactKey: Guid(3b1f44d22e1fcfe46806be3311ab4980) Importer(815301076,1909f56bfc062723c751e8b465ee728b)
Start importing Assets/Graphics/Surroundings/Medieval_Castle/Tiles/Tile Assets/floor_tile_carpet_3.asset using Guid(3b1f44d22e1fcfe46806be3311ab4980) Importer(815301076,1909f56bfc062723c751e8b465ee728b)  -> (artifact id: '51a9257b9bd815bd36e52e5df6da2805') in 0.010805 seconds
Number of updated asset objects reloaded before import = 0
Number of asset objects unloaded after import = 3
========================================================================
Received Import Request.
  Time since last request: 10.743782 seconds.
  path: Assets/Graphics/Surroundings/Medieval_Castle/Tiles/lion_column_3.png
  artifactKey: Guid(67db3e7628870614fb88d635e819a010) Importer(815301076,1909f56bfc062723c751e8b465ee728b)
Start importing Assets/Graphics/Surroundings/Medieval_Castle/Tiles/lion_column_3.png using Guid(67db3e7628870614fb88d635e819a010) Importer(815301076,1909f56bfc062723c751e8b465ee728b)  -> (artifact id: 'c3e3cbe2c76df9b161499c646d8d1664') in 0.033478 seconds
Number of updated asset objects reloaded before import = 0
Number of asset objects unloaded after import = 3
========================================================================
Received Import Request.
  Time since last request: 0.000019 seconds.
  path: Assets/Graphics/Surroundings/Medieval_Castle/Tiles/lion_column_5.png
  artifactKey: Guid(734cff3d334c21d4fb05bde8ecd88af2) Importer(815301076,1909f56bfc062723c751e8b465ee728b)
Start importing Assets/Graphics/Surroundings/Medieval_Castle/Tiles/lion_column_5.png using Guid(734cff3d334c21d4fb05bde8ecd88af2) Importer(815301076,1909f56bfc062723c751e8b465ee728b)  -> (artifact id: 'b2420fd9fd623d4059b991a2c5faeb8c') in 0.034617 seconds
Number of updated asset objects reloaded before import = 0
Number of asset objects unloaded after import = 3
========================================================================
Received Import Request.
  Time since last request: 0.000024 seconds.
  path: Assets/Graphics/Surroundings/Medieval_Castle/Tiles/lion_column_10.png
  artifactKey: Guid(e5aebf0fa27829942b58bc10749dec4c) Importer(815301076,1909f56bfc062723c751e8b465ee728b)
Start importing Assets/Graphics/Surroundings/Medieval_Castle/Tiles/lion_column_10.png using Guid(e5aebf0fa27829942b58bc10749dec4c) Importer(815301076,1909f56bfc062723c751e8b465ee728b)  -> (artifact id: 'f7e561ee52c948c97da12c79e99b128f') in 0.032824 seconds
Number of updated asset objects reloaded before import = 0
Number of asset objects unloaded after import = 3
Editor requested this worker to shutdown with reason: Scaling down because of idle timeout
TcpMessagingSession - receive error: operation aborted. errorcode: 995, details: The I/O operation has been aborted because of either a thread exit or an application request.
AssetImportWorker is now disconnected from the server
Process exiting
Exiting without the bug reporter. Application will terminate with return code 0