Using pre-set license
Built from '2022.3/staging' branch; Version is '2022.3.9f1 (ea401c316338) revision 15351836'; Using compiler version '192829333'; Build Type 'Release'
OS: 'Windows 10  (10.0.19045) 64bit CoreSingleLanguage' Language: 'en' Physical Memory: 23761 MB
BatchMode: 1, IsHumanControllingUs: 0, StartBugReporterOnCrash: 0, Is64bit: 1, IsPro: 1

COMMAND LINE ARGUMENTS:
C:\Program Files\2022.3.9f1\Editor\Unity.exe
-adb2
-batchMode
-noUpm
-name
AssetImportWorker4
-projectPath
C:/Users/Test/Documents/GitHub/patrick-star-public
-logFile
Logs/AssetImportWorker4.log
-srvPort
51519
Successfully changed project path to: C:/Users/Test/Documents/GitHub/patrick-star-public
C:/Users/Test/Documents/GitHub/patrick-star-public
[UnityMemory] Configuration Parameters - Can be set up in boot.config
    "memorysetup-bucket-allocator-granularity=16"
    "memorysetup-bucket-allocator-bucket-count=8"
    "memorysetup-bucket-allocator-block-size=33554432"
    "memorysetup-bucket-allocator-block-count=8"
    "memorysetup-main-allocator-block-size=16777216"
    "memorysetup-thread-allocator-block-size=16777216"
    "memorysetup-gfx-main-allocator-block-size=16777216"
    "memorysetup-gfx-thread-allocator-block-size=16777216"
    "memorysetup-cache-allocator-block-size=4194304"
    "memorysetup-typetree-allocator-block-size=2097152"
    "memorysetup-profiler-bucket-allocator-granularity=16"
    "memorysetup-profiler-bucket-allocator-bucket-count=8"
    "memorysetup-profiler-bucket-allocator-block-size=33554432"
    "memorysetup-profiler-bucket-allocator-block-count=8"
    "memorysetup-profiler-allocator-block-size=16777216"
    "memorysetup-profiler-editor-allocator-block-size=1048576"
    "memorysetup-temp-allocator-size-main=16777216"
    "memorysetup-job-temp-allocator-block-size=2097152"
    "memorysetup-job-temp-allocator-block-size-background=1048576"
    "memorysetup-job-temp-allocator-reduction-small-platforms=262144"
    "memorysetup-allocator-temp-initial-block-size-main=262144"
    "memorysetup-allocator-temp-initial-block-size-worker=262144"
    "memorysetup-temp-allocator-size-background-worker=32768"
    "memorysetup-temp-allocator-size-job-worker=262144"
    "memorysetup-temp-allocator-size-preload-manager=33554432"
    "memorysetup-temp-allocator-size-nav-mesh-worker=65536"
    "memorysetup-temp-allocator-size-audio-worker=65536"
    "memorysetup-temp-allocator-size-cloud-worker=32768"
    "memorysetup-temp-allocator-size-gi-baking-worker=262144"
    "memorysetup-temp-allocator-size-gfx=262144"
Player connection [38496] Host "[IP] 169.254.130.64 [Port] 0 [Flags] 2 [Guid] 2879129319 [EditorId] 2879129319 [Version] 1048832 [Id] WindowsEditor(7,LAPTOP-05AVRVMV) [Debug] 1 [PackageName] WindowsEditor [ProjectName] Editor" joined multi-casting on [225.0.0.222:54997]...

Player connection [38496] Host "[IP] 169.254.130.64 [Port] 0 [Flags] 2 [Guid] 2879129319 [EditorId] 2879129319 [Version] 1048832 [Id] WindowsEditor(7,LAPTOP-05AVRVMV) [Debug] 1 [PackageName] WindowsEditor [ProjectName] Editor" joined alternative multi-casting on [225.0.0.222:34997]...

[Physics::Module] Initialized MultithreadedJobDispatcher with 11 workers.
Refreshing native plugins compatible for Editor in 961.48 ms, found 4 plugins.
Preloading 0 native plugins for Editor in 0.00 ms.
Initialize engine version: 2022.3.9f1 (ea401c316338)
[Subsystems] Discovering subsystems at path C:/Program Files/2022.3.9f1/Editor/Data/Resources/UnitySubsystems
[Subsystems] Discovering subsystems at path C:/Users/Test/Documents/GitHub/patrick-star-public/Assets
GfxDevice: creating device client; threaded=0; jobified=0
Direct3D:
    Version:  Direct3D 11.0 [level 11.1]
    Renderer: NVIDIA GeForce RTX 4050 Laptop GPU (ID=0x28a1)
    Vendor:   NVIDIA
    VRAM:     5921 MB
    Driver:   32.0.15.6603
Initialize mono
Mono path[0] = 'C:/Program Files/2022.3.9f1/Editor/Data/Managed'
Mono path[1] = 'C:/Program Files/2022.3.9f1/Editor/Data/MonoBleedingEdge/lib/mono/unityjit-win32'
Mono config path = 'C:/Program Files/2022.3.9f1/Editor/Data/MonoBleedingEdge/etc'
Using monoOptions --debugger-agent=transport=dt_socket,embedding=1,server=y,suspend=n,address=127.0.0.1:56204
Begin MonoManager ReloadAssembly
Registering precompiled unity dll's ...
Register platform support module: C:/Program Files/2022.3.9f1/Editor/Data/PlaybackEngines/WebGLSupport/UnityEditor.WebGL.Extensions.dll
Register platform support module: C:/Program Files/2022.3.9f1/Editor/Data/PlaybackEngines/WindowsStandaloneSupport/UnityEditor.WindowsStandalone.Extensions.dll
Registered in 0.030854 seconds.
- Loaded All Assemblies, in  0.625 seconds
Native extension for WindowsStandalone target not found
Native extension for WebGL target not found
Mono: successfully reloaded assembly
- Finished resetting the current domain, in  0.265 seconds
Domain Reload Profiling: 883ms
	BeginReloadAssembly (199ms)
		ExecutionOrderSort (0ms)
		DisableScriptedObjects (0ms)
		BackupInstance (0ms)
		ReleaseScriptingObjects (0ms)
		CreateAndSetChildDomain (1ms)
	RebuildCommonClasses (48ms)
	RebuildNativeTypeToScriptingClass (13ms)
	initialDomainReloadingComplete (104ms)
	LoadAllAssembliesAndSetupDomain (254ms)
		LoadAssemblies (188ms)
		RebuildTransferFunctionScriptingTraits (0ms)
		AnalyzeDomain (250ms)
			TypeCache.Refresh (248ms)
				TypeCache.ScanAssembly (235ms)
			ScanForSourceGeneratedMonoScriptInfo (0ms)
			ResolveRequiredComponents (0ms)
	FinalizeReload (265ms)
		ReleaseScriptCaches (0ms)
		RebuildScriptCaches (0ms)
		SetupLoadedEditorAssemblies (213ms)
			LogAssemblyErrors (0ms)
			InitializePlatformSupportModulesInManaged (16ms)
			SetLoadedEditorAssemblies (6ms)
			RefreshPlugins (0ms)
			BeforeProcessingInitializeOnLoad (4ms)
			ProcessInitializeOnLoadAttributes (124ms)
			ProcessInitializeOnLoadMethodAttributes (63ms)
			AfterProcessingInitializeOnLoad (0ms)
			EditorAssembliesLoaded (0ms)
		ExecutionOrderSort2 (0ms)
		AwakeInstancesAfterBackupRestoration (0ms)
========================================================================
Worker process is ready to serve import requests
Begin MonoManager ReloadAssembly
Duplicate assembly 'Supabase.Realtime.dll' with different versions detected, using 'Assets/Packages/Supabase.Realtime.7.0.2/lib/netstandard2.1/Supabase.Realtime.dll, AssemblyName=Supabase.Realtime, Version=7.0.2.0, Culture=neutral, PublicKeyToken=null' and ignoring 'Assets/Packages/realtime-csharp.6.0.4/lib/netstandard2.0/Supabase.Realtime.dll, AssemblyName=Supabase.Realtime, Version=6.0.4.0, Culture=neutral, PublicKeyToken=null'.Duplicate assembly 'Supabase.Functions.dll' with different versions detected, using 'Assets/Packages/Supabase.Functions.2.0.0/lib/netstandard2.0/Supabase.Functions.dll, AssemblyName=Supabase.Functions, Version=2.0.0.0, Culture=neutral, PublicKeyToken=null' and ignoring 'Assets/Packages/functions-csharp.1.3.2/lib/netstandard2.0/Supabase.Functions.dll, AssemblyName=Supabase.Functions, Version=1.3.2.0, Culture=neutral, PublicKeyToken=null'.Duplicate assembly 'Supabase.Gotrue.dll' with different versions detected, using 'Assets/Packages/Supabase.Gotrue.6.0.3/lib/netstandard2.1/Supabase.Gotrue.dll, AssemblyName=Supabase.Gotrue, Version=6.0.3.0, Culture=neutral, PublicKeyToken=null' and ignoring 'Assets/Packages/gotrue-csharp.4.2.7/lib/netstandard2.0/Supabase.Gotrue.dll, AssemblyName=Supabase.Gotrue, Version=4.2.7.0, Culture=neutral, PublicKeyToken=null'.Duplicate assembly 'Supabase.Storage.dll' with different versions detected, using 'Assets/Packages/Supabase.Storage.2.0.2/lib/netstandard2.0/Supabase.Storage.dll, AssemblyName=Supabase.Storage, Version=2.0.2.0, Culture=neutral, PublicKeyToken=null' and ignoring 'Assets/Packages/supabase-storage-csharp.1.4.0/lib/netstandard2.0/Supabase.Storage.dll, AssemblyName=Supabase.Storage, Version=1.4.0.0, Culture=neutral, PublicKeyToken=null'.Duplicate assembly 'Supabase.Postgrest.dll' with different versions detected, using 'Assets/Packages/Supabase.Postgrest.4.0.3/lib/netstandard2.0/Supabase.Postgrest.dll, AssemblyName=Supabase.Postgrest, Version=4.0.3.0, Culture=neutral, PublicKeyToken=null' and ignoring 'Assets/Packages/postgrest-csharp.3.5.1/lib/netstandard2.0/Supabase.Postgrest.dll, AssemblyName=Supabase.Postgrest, Version=3.5.1.0, Culture=neutral, PublicKeyToken=null'.Duplicate assembly 'Supabase.dll' with different versions detected, using 'Assets/Packages/Supabase.1.1.1/lib/netstandard2.1/Supabase.dll, AssemblyName=Supabase, Version=1.1.1.0, Culture=neutral, PublicKeyToken=null' and ignoring 'Assets/Packages/supabase-csharp.0.16.2/lib/netstandard2.0/Supabase.dll, AssemblyName=Supabase, Version=0.16.2.0, Culture=neutral, PublicKeyToken=null'.- Loaded All Assemblies, in  2.089 seconds
Refreshing native plugins compatible for Editor in 50.39 ms, found 4 plugins.
Native extension for WindowsStandalone target not found
Native extension for WebGL target not found
Package Manager log level set to [2]
[Package Manager] Server::EnsureServerProcessIsRunning -- launch failed, reason: Unity was launched with the -noUpm command-line argument
[Package Manager] UpmClient::Send -- Unable to send message (not connected to UPM process).
[Package Manager] Cannot connect to Unity Package Manager local server
Mono: successfully reloaded assembly
- Finished resetting the current domain, in  1.521 seconds
Domain Reload Profiling: 3588ms
	BeginReloadAssembly (213ms)
		ExecutionOrderSort (0ms)
		DisableScriptedObjects (6ms)
		BackupInstance (0ms)
		ReleaseScriptingObjects (0ms)
		CreateAndSetChildDomain (27ms)
	RebuildCommonClasses (36ms)
	RebuildNativeTypeToScriptingClass (9ms)
	initialDomainReloadingComplete (122ms)
	LoadAllAssembliesAndSetupDomain (1686ms)
		LoadAssemblies (1506ms)
		RebuildTransferFunctionScriptingTraits (0ms)
		AnalyzeDomain (316ms)
			TypeCache.Refresh (283ms)
				TypeCache.ScanAssembly (259ms)
			ScanForSourceGeneratedMonoScriptInfo (23ms)
			ResolveRequiredComponents (9ms)
	FinalizeReload (1521ms)
		ReleaseScriptCaches (0ms)
		RebuildScriptCaches (0ms)
		SetupLoadedEditorAssemblies (1373ms)
			LogAssemblyErrors (0ms)
			InitializePlatformSupportModulesInManaged (13ms)
			SetLoadedEditorAssemblies (3ms)
			RefreshPlugins (0ms)
			BeforeProcessingInitializeOnLoad (131ms)
			ProcessInitializeOnLoadAttributes (1154ms)
			ProcessInitializeOnLoadMethodAttributes (50ms)
			AfterProcessingInitializeOnLoad (21ms)
			EditorAssembliesLoaded (0ms)
		ExecutionOrderSort2 (0ms)
		AwakeInstancesAfterBackupRestoration (11ms)
Launched and connected shader compiler UnityShaderCompiler.exe after 0.07 seconds
Refreshing native plugins compatible for Editor in 55.06 ms, found 4 plugins.
Preloading 0 native plugins for Editor in 0.00 ms.
Unloading 4668 Unused Serialized files (Serialized files now loaded: 0)
Unloading 159 unused Assets / (178.3 KB). Loaded Objects now: 5054.
Memory consumption went from 156.5 MB to 156.3 MB.
Total: 4.695600 ms (FindLiveObjects: 0.385100 ms CreateObjectMapping: 0.314500 ms MarkObjects: 3.727400 ms  DeleteObjects: 0.267600 ms)

AssetImportParameters requested are different than current active one (requested -> active):
  custom:container-demuxer-ogg: 62fdf1f143b41e24485cea50d1cbac27 -> 
  custom:video-codec-MediaFoundation-h265: 746d11721c4dcdbdad8f713fa42b33f4 -> 
  custom:video-decoder-ogg-theora: a1e56fd34408186e4bbccfd4996cb3dc -> 
  custom:framework-win-MediaFoundation: 216162199b28c13a410421893ffa2e32 -> 
  custom:scripting/monoscript/fileName/PersistenceManager.cs: 98e77eb91caedf44c4fbda8268028271 -> 3cfb95b9518f7574002af04ec57606d8
  custom:CustomObjectIndexerAttribute: 756ad292c208cfabdd7b50bc23989ffe -> 
  custom:container-demuxer-webm: 4f35f7cbe854078d1ac9338744f61a02 -> 
  custom:container-muxer-webm: aa71ff27fc2769a1b78a27578f13a17b -> 
  custom:video-decoder-webm-vp8: 9c59270c3fd7afecdb556c50c9e8de78 -> 
  custom:SearchIndexIgnoredProperties: e643bd26f0fe6173181afceb89e7c659 -> 
  custom:AudioImporter_EditorPlatform: d09bf68614088b80899f8185d706f6e7 -> 
  custom:video-encoder-webm-vp8: eb34c28f22e8b96e1ab97ce403110664 -> 
  custom:audio-decoder-ogg-vorbis: bf7c407c2cedff20999df2af8eb42d56 -> 
  custom:audio-encoder-webm-vorbis: bf7c407c2cedff20999df2af8eb42d56 -> 
========================================================================
Received Prepare
Begin MonoManager ReloadAssembly
Duplicate assembly 'Supabase.Realtime.dll' with different versions detected, using 'Assets/Packages/Supabase.Realtime.7.0.2/lib/netstandard2.1/Supabase.Realtime.dll, AssemblyName=Supabase.Realtime, Version=7.0.2.0, Culture=neutral, PublicKeyToken=null' and ignoring 'Assets/Packages/realtime-csharp.6.0.4/lib/netstandard2.0/Supabase.Realtime.dll, AssemblyName=Supabase.Realtime, Version=6.0.4.0, Culture=neutral, PublicKeyToken=null'.Duplicate assembly 'Supabase.Functions.dll' with different versions detected, using 'Assets/Packages/Supabase.Functions.2.0.0/lib/netstandard2.0/Supabase.Functions.dll, AssemblyName=Supabase.Functions, Version=2.0.0.0, Culture=neutral, PublicKeyToken=null' and ignoring 'Assets/Packages/functions-csharp.1.3.2/lib/netstandard2.0/Supabase.Functions.dll, AssemblyName=Supabase.Functions, Version=1.3.2.0, Culture=neutral, PublicKeyToken=null'.Duplicate assembly 'Supabase.Gotrue.dll' with different versions detected, using 'Assets/Packages/Supabase.Gotrue.6.0.3/lib/netstandard2.1/Supabase.Gotrue.dll, AssemblyName=Supabase.Gotrue, Version=6.0.3.0, Culture=neutral, PublicKeyToken=null' and ignoring 'Assets/Packages/gotrue-csharp.4.2.7/lib/netstandard2.0/Supabase.Gotrue.dll, AssemblyName=Supabase.Gotrue, Version=4.2.7.0, Culture=neutral, PublicKeyToken=null'.Duplicate assembly 'Supabase.Storage.dll' with different versions detected, using 'Assets/Packages/Supabase.Storage.2.0.2/lib/netstandard2.0/Supabase.Storage.dll, AssemblyName=Supabase.Storage, Version=2.0.2.0, Culture=neutral, PublicKeyToken=null' and ignoring 'Assets/Packages/supabase-storage-csharp.1.4.0/lib/netstandard2.0/Supabase.Storage.dll, AssemblyName=Supabase.Storage, Version=1.4.0.0, Culture=neutral, PublicKeyToken=null'.Duplicate assembly 'Supabase.Postgrest.dll' with different versions detected, using 'Assets/Packages/Supabase.Postgrest.4.0.3/lib/netstandard2.0/Supabase.Postgrest.dll, AssemblyName=Supabase.Postgrest, Version=4.0.3.0, Culture=neutral, PublicKeyToken=null' and ignoring 'Assets/Packages/postgrest-csharp.3.5.1/lib/netstandard2.0/Supabase.Postgrest.dll, AssemblyName=Supabase.Postgrest, Version=3.5.1.0, Culture=neutral, PublicKeyToken=null'.Duplicate assembly 'Supabase.dll' with different versions detected, using 'Assets/Packages/Supabase.1.1.1/lib/netstandard2.1/Supabase.dll, AssemblyName=Supabase, Version=1.1.1.0, Culture=neutral, PublicKeyToken=null' and ignoring 'Assets/Packages/supabase-csharp.0.16.2/lib/netstandard2.0/Supabase.dll, AssemblyName=Supabase, Version=0.16.2.0, Culture=neutral, PublicKeyToken=null'.- Loaded All Assemblies, in  2.024 seconds
Refreshing native plugins compatible for Editor in 56.46 ms, found 4 plugins.
Native extension for WindowsStandalone target not found
Native extension for WebGL target not found
[Package Manager] Server::EnsureServerProcessIsRunning -- launch failed, reason: Unity was launched with the -noUpm command-line argument
[Package Manager] UpmClient::Send -- Unable to send message (not connected to UPM process).
[Package Manager] Cannot connect to Unity Package Manager local server
Mono: successfully reloaded assembly
- Finished resetting the current domain, in  2.518 seconds
Domain Reload Profiling: 4519ms
	BeginReloadAssembly (249ms)
		ExecutionOrderSort (0ms)
		DisableScriptedObjects (13ms)
		BackupInstance (0ms)
		ReleaseScriptingObjects (0ms)
		CreateAndSetChildDomain (51ms)
	RebuildCommonClasses (39ms)
	RebuildNativeTypeToScriptingClass (11ms)
	initialDomainReloadingComplete (135ms)
	LoadAllAssembliesAndSetupDomain (1566ms)
		LoadAssemblies (1662ms)
		RebuildTransferFunctionScriptingTraits (0ms)
		AnalyzeDomain (41ms)
			TypeCache.Refresh (15ms)
				TypeCache.ScanAssembly (4ms)
			ScanForSourceGeneratedMonoScriptInfo (11ms)
			ResolveRequiredComponents (15ms)
	FinalizeReload (2518ms)
		ReleaseScriptCaches (0ms)
		RebuildScriptCaches (0ms)
		SetupLoadedEditorAssemblies (726ms)
			LogAssemblyErrors (0ms)
			InitializePlatformSupportModulesInManaged (13ms)
			SetLoadedEditorAssemblies (4ms)
			RefreshPlugins (0ms)
			BeforeProcessingInitializeOnLoad (152ms)
			ProcessInitializeOnLoadAttributes (489ms)
			ProcessInitializeOnLoadMethodAttributes (41ms)
			AfterProcessingInitializeOnLoad (26ms)
			EditorAssembliesLoaded (1ms)
		ExecutionOrderSort2 (0ms)
		AwakeInstancesAfterBackupRestoration (16ms)
Refreshing native plugins compatible for Editor in 52.85 ms, found 4 plugins.
Preloading 0 native plugins for Editor in 0.00 ms.
Unloading 4642 Unused Serialized files (Serialized files now loaded: 0)
Unloading 114 unused Assets / (149.3 KB). Loaded Objects now: 5071.
Memory consumption went from 150.4 MB to 150.3 MB.
Total: 3.873800 ms (FindLiveObjects: 0.303100 ms CreateObjectMapping: 0.273900 ms MarkObjects: 3.037200 ms  DeleteObjects: 0.258800 ms)

Prepare: number of updated asset objects reloaded= 0
AssetImportParameters requested are different than current active one (requested -> active):
  custom:container-demuxer-ogg: 62fdf1f143b41e24485cea50d1cbac27 -> 
  custom:video-codec-MediaFoundation-h265: 746d11721c4dcdbdad8f713fa42b33f4 -> 
  custom:video-decoder-ogg-theora: a1e56fd34408186e4bbccfd4996cb3dc -> 
  custom:framework-win-MediaFoundation: 216162199b28c13a410421893ffa2e32 -> 
  custom:scripting/monoscript/fileName/PersistenceManager.cs: 98e77eb91caedf44c4fbda8268028271 -> 3cfb95b9518f7574002af04ec57606d8
  custom:CustomObjectIndexerAttribute: 756ad292c208cfabdd7b50bc23989ffe -> 
  custom:container-demuxer-webm: 4f35f7cbe854078d1ac9338744f61a02 -> 
  custom:container-muxer-webm: aa71ff27fc2769a1b78a27578f13a17b -> 
  custom:video-decoder-webm-vp8: 9c59270c3fd7afecdb556c50c9e8de78 -> 
  custom:SearchIndexIgnoredProperties: e643bd26f0fe6173181afceb89e7c659 -> 
  custom:AudioImporter_EditorPlatform: d09bf68614088b80899f8185d706f6e7 -> 
  custom:video-encoder-webm-vp8: eb34c28f22e8b96e1ab97ce403110664 -> 
  custom:audio-decoder-ogg-vorbis: bf7c407c2cedff20999df2af8eb42d56 -> 
  custom:audio-encoder-webm-vorbis: bf7c407c2cedff20999df2af8eb42d56 -> 
========================================================================
Received Prepare
Begin MonoManager ReloadAssembly
Duplicate assembly 'Supabase.Realtime.dll' with different versions detected, using 'Assets/Packages/Supabase.Realtime.7.0.2/lib/netstandard2.1/Supabase.Realtime.dll, AssemblyName=Supabase.Realtime, Version=7.0.2.0, Culture=neutral, PublicKeyToken=null' and ignoring 'Assets/Packages/realtime-csharp.6.0.4/lib/netstandard2.0/Supabase.Realtime.dll, AssemblyName=Supabase.Realtime, Version=6.0.4.0, Culture=neutral, PublicKeyToken=null'.Duplicate assembly 'Supabase.Functions.dll' with different versions detected, using 'Assets/Packages/Supabase.Functions.2.0.0/lib/netstandard2.0/Supabase.Functions.dll, AssemblyName=Supabase.Functions, Version=2.0.0.0, Culture=neutral, PublicKeyToken=null' and ignoring 'Assets/Packages/functions-csharp.1.3.2/lib/netstandard2.0/Supabase.Functions.dll, AssemblyName=Supabase.Functions, Version=1.3.2.0, Culture=neutral, PublicKeyToken=null'.Duplicate assembly 'Supabase.Gotrue.dll' with different versions detected, using 'Assets/Packages/Supabase.Gotrue.6.0.3/lib/netstandard2.1/Supabase.Gotrue.dll, AssemblyName=Supabase.Gotrue, Version=6.0.3.0, Culture=neutral, PublicKeyToken=null' and ignoring 'Assets/Packages/gotrue-csharp.4.2.7/lib/netstandard2.0/Supabase.Gotrue.dll, AssemblyName=Supabase.Gotrue, Version=4.2.7.0, Culture=neutral, PublicKeyToken=null'.Duplicate assembly 'Supabase.Storage.dll' with different versions detected, using 'Assets/Packages/Supabase.Storage.2.0.2/lib/netstandard2.0/Supabase.Storage.dll, AssemblyName=Supabase.Storage, Version=2.0.2.0, Culture=neutral, PublicKeyToken=null' and ignoring 'Assets/Packages/supabase-storage-csharp.1.4.0/lib/netstandard2.0/Supabase.Storage.dll, AssemblyName=Supabase.Storage, Version=1.4.0.0, Culture=neutral, PublicKeyToken=null'.Duplicate assembly 'Supabase.Postgrest.dll' with different versions detected, using 'Assets/Packages/Supabase.Postgrest.4.0.3/lib/netstandard2.0/Supabase.Postgrest.dll, AssemblyName=Supabase.Postgrest, Version=4.0.3.0, Culture=neutral, PublicKeyToken=null' and ignoring 'Assets/Packages/postgrest-csharp.3.5.1/lib/netstandard2.0/Supabase.Postgrest.dll, AssemblyName=Supabase.Postgrest, Version=3.5.1.0, Culture=neutral, PublicKeyToken=null'.Duplicate assembly 'Supabase.dll' with different versions detected, using 'Assets/Packages/Supabase.1.1.1/lib/netstandard2.1/Supabase.dll, AssemblyName=Supabase, Version=1.1.1.0, Culture=neutral, PublicKeyToken=null' and ignoring 'Assets/Packages/supabase-csharp.0.16.2/lib/netstandard2.0/Supabase.dll, AssemblyName=Supabase, Version=0.16.2.0, Culture=neutral, PublicKeyToken=null'.- Loaded All Assemblies, in  2.727 seconds
Refreshing native plugins compatible for Editor in 67.97 ms, found 4 plugins.
Native extension for WindowsStandalone target not found
Native extension for WebGL target not found
[Package Manager] Server::EnsureServerProcessIsRunning -- launch failed, reason: Unity was launched with the -noUpm command-line argument
[Package Manager] UpmClient::Send -- Unable to send message (not connected to UPM process).
[Package Manager] Cannot connect to Unity Package Manager local server
Mono: successfully reloaded assembly
- Finished resetting the current domain, in  2.473 seconds
Domain Reload Profiling: 5174ms
	BeginReloadAssembly (341ms)
		ExecutionOrderSort (0ms)
		DisableScriptedObjects (21ms)
		BackupInstance (0ms)
		ReleaseScriptingObjects (0ms)
		CreateAndSetChildDomain (63ms)
	RebuildCommonClasses (54ms)
	RebuildNativeTypeToScriptingClass (16ms)
	initialDomainReloadingComplete (163ms)
	LoadAllAssembliesAndSetupDomain (2127ms)
		LoadAssemblies (2281ms)
		RebuildTransferFunctionScriptingTraits (0ms)
		AnalyzeDomain (49ms)
			TypeCache.Refresh (21ms)
				TypeCache.ScanAssembly (6ms)
			ScanForSourceGeneratedMonoScriptInfo (15ms)
			ResolveRequiredComponents (12ms)
	FinalizeReload (2474ms)
		ReleaseScriptCaches (0ms)
		RebuildScriptCaches (0ms)
		SetupLoadedEditorAssemblies (1003ms)
			LogAssemblyErrors (0ms)
			InitializePlatformSupportModulesInManaged (17ms)
			SetLoadedEditorAssemblies (7ms)
			RefreshPlugins (0ms)
			BeforeProcessingInitializeOnLoad (188ms)
			ProcessInitializeOnLoadAttributes (706ms)
			ProcessInitializeOnLoadMethodAttributes (54ms)
			AfterProcessingInitializeOnLoad (32ms)
			EditorAssembliesLoaded (0ms)
		ExecutionOrderSort2 (0ms)
		AwakeInstancesAfterBackupRestoration (24ms)
Refreshing native plugins compatible for Editor in 76.92 ms, found 4 plugins.
Preloading 0 native plugins for Editor in 0.00 ms.
Unloading 4642 Unused Serialized files (Serialized files now loaded: 0)
Unloading 114 unused Assets / (149.3 KB). Loaded Objects now: 5087.
Memory consumption went from 150.4 MB to 150.3 MB.
Total: 6.691400 ms (FindLiveObjects: 0.656400 ms CreateObjectMapping: 0.502800 ms MarkObjects: 5.231600 ms  DeleteObjects: 0.298900 ms)

Prepare: number of updated asset objects reloaded= 0
AssetImportParameters requested are different than current active one (requested -> active):
  custom:container-demuxer-ogg: 62fdf1f143b41e24485cea50d1cbac27 -> 
  custom:video-codec-MediaFoundation-h265: 746d11721c4dcdbdad8f713fa42b33f4 -> 
  custom:video-decoder-ogg-theora: a1e56fd34408186e4bbccfd4996cb3dc -> 
  custom:framework-win-MediaFoundation: 216162199b28c13a410421893ffa2e32 -> 
  custom:scripting/monoscript/fileName/PersistenceManager.cs: 98e77eb91caedf44c4fbda8268028271 -> 3cfb95b9518f7574002af04ec57606d8
  custom:CustomObjectIndexerAttribute: 756ad292c208cfabdd7b50bc23989ffe -> 
  custom:container-demuxer-webm: 4f35f7cbe854078d1ac9338744f61a02 -> 
  custom:container-muxer-webm: aa71ff27fc2769a1b78a27578f13a17b -> 
  custom:video-decoder-webm-vp8: 9c59270c3fd7afecdb556c50c9e8de78 -> 
  custom:SearchIndexIgnoredProperties: e643bd26f0fe6173181afceb89e7c659 -> 
  custom:AudioImporter_EditorPlatform: d09bf68614088b80899f8185d706f6e7 -> 
  custom:video-encoder-webm-vp8: eb34c28f22e8b96e1ab97ce403110664 -> 
  custom:audio-decoder-ogg-vorbis: bf7c407c2cedff20999df2af8eb42d56 -> 
  custom:audio-encoder-webm-vorbis: bf7c407c2cedff20999df2af8eb42d56 -> 
========================================================================
Received Prepare
Begin MonoManager ReloadAssembly
Duplicate assembly 'Supabase.Realtime.dll' with different versions detected, using 'Assets/Packages/Supabase.Realtime.7.0.2/lib/netstandard2.1/Supabase.Realtime.dll, AssemblyName=Supabase.Realtime, Version=7.0.2.0, Culture=neutral, PublicKeyToken=null' and ignoring 'Assets/Packages/realtime-csharp.6.0.4/lib/netstandard2.0/Supabase.Realtime.dll, AssemblyName=Supabase.Realtime, Version=6.0.4.0, Culture=neutral, PublicKeyToken=null'.Duplicate assembly 'Supabase.Functions.dll' with different versions detected, using 'Assets/Packages/Supabase.Functions.2.0.0/lib/netstandard2.0/Supabase.Functions.dll, AssemblyName=Supabase.Functions, Version=2.0.0.0, Culture=neutral, PublicKeyToken=null' and ignoring 'Assets/Packages/functions-csharp.1.3.2/lib/netstandard2.0/Supabase.Functions.dll, AssemblyName=Supabase.Functions, Version=1.3.2.0, Culture=neutral, PublicKeyToken=null'.Duplicate assembly 'Supabase.Gotrue.dll' with different versions detected, using 'Assets/Packages/Supabase.Gotrue.6.0.3/lib/netstandard2.1/Supabase.Gotrue.dll, AssemblyName=Supabase.Gotrue, Version=6.0.3.0, Culture=neutral, PublicKeyToken=null' and ignoring 'Assets/Packages/gotrue-csharp.4.2.7/lib/netstandard2.0/Supabase.Gotrue.dll, AssemblyName=Supabase.Gotrue, Version=4.2.7.0, Culture=neutral, PublicKeyToken=null'.Duplicate assembly 'Supabase.Storage.dll' with different versions detected, using 'Assets/Packages/Supabase.Storage.2.0.2/lib/netstandard2.0/Supabase.Storage.dll, AssemblyName=Supabase.Storage, Version=2.0.2.0, Culture=neutral, PublicKeyToken=null' and ignoring 'Assets/Packages/supabase-storage-csharp.1.4.0/lib/netstandard2.0/Supabase.Storage.dll, AssemblyName=Supabase.Storage, Version=1.4.0.0, Culture=neutral, PublicKeyToken=null'.Duplicate assembly 'Supabase.Postgrest.dll' with different versions detected, using 'Assets/Packages/Supabase.Postgrest.4.0.3/lib/netstandard2.0/Supabase.Postgrest.dll, AssemblyName=Supabase.Postgrest, Version=4.0.3.0, Culture=neutral, PublicKeyToken=null' and ignoring 'Assets/Packages/postgrest-csharp.3.5.1/lib/netstandard2.0/Supabase.Postgrest.dll, AssemblyName=Supabase.Postgrest, Version=3.5.1.0, Culture=neutral, PublicKeyToken=null'.Duplicate assembly 'Supabase.dll' with different versions detected, using 'Assets/Packages/Supabase.1.1.1/lib/netstandard2.1/Supabase.dll, AssemblyName=Supabase, Version=1.1.1.0, Culture=neutral, PublicKeyToken=null' and ignoring 'Assets/Packages/supabase-csharp.0.16.2/lib/netstandard2.0/Supabase.dll, AssemblyName=Supabase, Version=0.16.2.0, Culture=neutral, PublicKeyToken=null'.- Loaded All Assemblies, in  2.613 seconds
Refreshing native plugins compatible for Editor in 70.92 ms, found 4 plugins.
Native extension for WindowsStandalone target not found
Native extension for WebGL target not found
[Package Manager] Server::EnsureServerProcessIsRunning -- launch failed, reason: Unity was launched with the -noUpm command-line argument
[Package Manager] UpmClient::Send -- Unable to send message (not connected to UPM process).
[Package Manager] Cannot connect to Unity Package Manager local server
Mono: successfully reloaded assembly
- Finished resetting the current domain, in  2.744 seconds
Domain Reload Profiling: 5329ms
	BeginReloadAssembly (361ms)
		ExecutionOrderSort (0ms)
		DisableScriptedObjects (19ms)
		BackupInstance (0ms)
		ReleaseScriptingObjects (0ms)
		CreateAndSetChildDomain (68ms)
	RebuildCommonClasses (56ms)
	RebuildNativeTypeToScriptingClass (17ms)
	initialDomainReloadingComplete (168ms)
	LoadAllAssembliesAndSetupDomain (1982ms)
		LoadAssemblies (2139ms)
		RebuildTransferFunctionScriptingTraits (0ms)
		AnalyzeDomain (49ms)
			TypeCache.Refresh (19ms)
				TypeCache.ScanAssembly (5ms)
			ScanForSourceGeneratedMonoScriptInfo (14ms)
			ResolveRequiredComponents (14ms)
	FinalizeReload (2744ms)
		ReleaseScriptCaches (0ms)
		RebuildScriptCaches (0ms)
		SetupLoadedEditorAssemblies (1073ms)
			LogAssemblyErrors (0ms)
			InitializePlatformSupportModulesInManaged (19ms)
			SetLoadedEditorAssemblies (6ms)
			RefreshPlugins (0ms)
			BeforeProcessingInitializeOnLoad (224ms)
			ProcessInitializeOnLoadAttributes (732ms)
			ProcessInitializeOnLoadMethodAttributes (50ms)
			AfterProcessingInitializeOnLoad (42ms)
			EditorAssembliesLoaded (0ms)
		ExecutionOrderSort2 (0ms)
		AwakeInstancesAfterBackupRestoration (25ms)
Refreshing native plugins compatible for Editor in 76.84 ms, found 4 plugins.
Preloading 0 native plugins for Editor in 0.00 ms.
Unloading 4642 Unused Serialized files (Serialized files now loaded: 0)
Unloading 114 unused Assets / (149.3 KB). Loaded Objects now: 5103.
Memory consumption went from 150.4 MB to 150.3 MB.
Total: 6.262200 ms (FindLiveObjects: 0.514300 ms CreateObjectMapping: 0.209900 ms MarkObjects: 5.266400 ms  DeleteObjects: 0.270300 ms)

Prepare: number of updated asset objects reloaded= 0
AssetImportParameters requested are different than current active one (requested -> active):
  custom:container-demuxer-ogg: 62fdf1f143b41e24485cea50d1cbac27 -> 
  custom:video-codec-MediaFoundation-h265: 746d11721c4dcdbdad8f713fa42b33f4 -> 
  custom:video-decoder-ogg-theora: a1e56fd34408186e4bbccfd4996cb3dc -> 
  custom:framework-win-MediaFoundation: 216162199b28c13a410421893ffa2e32 -> 
  custom:scripting/monoscript/fileName/PersistenceManager.cs: 98e77eb91caedf44c4fbda8268028271 -> 3cfb95b9518f7574002af04ec57606d8
  custom:CustomObjectIndexerAttribute: 756ad292c208cfabdd7b50bc23989ffe -> 
  custom:container-demuxer-webm: 4f35f7cbe854078d1ac9338744f61a02 -> 
  custom:container-muxer-webm: aa71ff27fc2769a1b78a27578f13a17b -> 
  custom:video-decoder-webm-vp8: 9c59270c3fd7afecdb556c50c9e8de78 -> 
  custom:SearchIndexIgnoredProperties: e643bd26f0fe6173181afceb89e7c659 -> 
  custom:AudioImporter_EditorPlatform: d09bf68614088b80899f8185d706f6e7 -> 
  custom:video-encoder-webm-vp8: eb34c28f22e8b96e1ab97ce403110664 -> 
  custom:audio-decoder-ogg-vorbis: bf7c407c2cedff20999df2af8eb42d56 -> 
  custom:audio-encoder-webm-vorbis: bf7c407c2cedff20999df2af8eb42d56 -> 
========================================================================
Received Prepare
Begin MonoManager ReloadAssembly
Duplicate assembly 'Supabase.Realtime.dll' with different versions detected, using 'Assets/Packages/Supabase.Realtime.7.0.2/lib/netstandard2.1/Supabase.Realtime.dll, AssemblyName=Supabase.Realtime, Version=7.0.2.0, Culture=neutral, PublicKeyToken=null' and ignoring 'Assets/Packages/realtime-csharp.6.0.4/lib/netstandard2.0/Supabase.Realtime.dll, AssemblyName=Supabase.Realtime, Version=6.0.4.0, Culture=neutral, PublicKeyToken=null'.Duplicate assembly 'Supabase.Functions.dll' with different versions detected, using 'Assets/Packages/Supabase.Functions.2.0.0/lib/netstandard2.0/Supabase.Functions.dll, AssemblyName=Supabase.Functions, Version=2.0.0.0, Culture=neutral, PublicKeyToken=null' and ignoring 'Assets/Packages/functions-csharp.1.3.2/lib/netstandard2.0/Supabase.Functions.dll, AssemblyName=Supabase.Functions, Version=1.3.2.0, Culture=neutral, PublicKeyToken=null'.Duplicate assembly 'Supabase.Gotrue.dll' with different versions detected, using 'Assets/Packages/Supabase.Gotrue.6.0.3/lib/netstandard2.1/Supabase.Gotrue.dll, AssemblyName=Supabase.Gotrue, Version=6.0.3.0, Culture=neutral, PublicKeyToken=null' and ignoring 'Assets/Packages/gotrue-csharp.4.2.7/lib/netstandard2.0/Supabase.Gotrue.dll, AssemblyName=Supabase.Gotrue, Version=4.2.7.0, Culture=neutral, PublicKeyToken=null'.Duplicate assembly 'Supabase.Storage.dll' with different versions detected, using 'Assets/Packages/Supabase.Storage.2.0.2/lib/netstandard2.0/Supabase.Storage.dll, AssemblyName=Supabase.Storage, Version=2.0.2.0, Culture=neutral, PublicKeyToken=null' and ignoring 'Assets/Packages/supabase-storage-csharp.1.4.0/lib/netstandard2.0/Supabase.Storage.dll, AssemblyName=Supabase.Storage, Version=1.4.0.0, Culture=neutral, PublicKeyToken=null'.Duplicate assembly 'Supabase.Postgrest.dll' with different versions detected, using 'Assets/Packages/Supabase.Postgrest.4.0.3/lib/netstandard2.0/Supabase.Postgrest.dll, AssemblyName=Supabase.Postgrest, Version=4.0.3.0, Culture=neutral, PublicKeyToken=null' and ignoring 'Assets/Packages/postgrest-csharp.3.5.1/lib/netstandard2.0/Supabase.Postgrest.dll, AssemblyName=Supabase.Postgrest, Version=3.5.1.0, Culture=neutral, PublicKeyToken=null'.Duplicate assembly 'Supabase.dll' with different versions detected, using 'Assets/Packages/Supabase.1.1.1/lib/netstandard2.1/Supabase.dll, AssemblyName=Supabase, Version=1.1.1.0, Culture=neutral, PublicKeyToken=null' and ignoring 'Assets/Packages/supabase-csharp.0.16.2/lib/netstandard2.0/Supabase.dll, AssemblyName=Supabase, Version=0.16.2.0, Culture=neutral, PublicKeyToken=null'.- Loaded All Assemblies, in  2.858 seconds
Refreshing native plugins compatible for Editor in 92.32 ms, found 4 plugins.
Native extension for WindowsStandalone target not found
Native extension for WebGL target not found
[Package Manager] Server::EnsureServerProcessIsRunning -- launch failed, reason: Unity was launched with the -noUpm command-line argument
[Package Manager] UpmClient::Send -- Unable to send message (not connected to UPM process).
[Package Manager] Cannot connect to Unity Package Manager local server
Mono: successfully reloaded assembly
- Finished resetting the current domain, in  2.503 seconds
Domain Reload Profiling: 5319ms
	BeginReloadAssembly (442ms)
		ExecutionOrderSort (0ms)
		DisableScriptedObjects (17ms)
		BackupInstance (0ms)
		ReleaseScriptingObjects (0ms)
		CreateAndSetChildDomain (69ms)
	RebuildCommonClasses (74ms)
	RebuildNativeTypeToScriptingClass (20ms)
	initialDomainReloadingComplete (162ms)
	LoadAllAssembliesAndSetupDomain (2118ms)
		LoadAssemblies (2356ms)
		RebuildTransferFunctionScriptingTraits (0ms)
		AnalyzeDomain (53ms)
			TypeCache.Refresh (21ms)
				TypeCache.ScanAssembly (7ms)
			ScanForSourceGeneratedMonoScriptInfo (16ms)
			ResolveRequiredComponents (14ms)
	FinalizeReload (2504ms)
		ReleaseScriptCaches (0ms)
		RebuildScriptCaches (0ms)
		SetupLoadedEditorAssemblies (911ms)
			LogAssemblyErrors (0ms)
			InitializePlatformSupportModulesInManaged (17ms)
			SetLoadedEditorAssemblies (5ms)
			RefreshPlugins (0ms)
			BeforeProcessingInitializeOnLoad (188ms)
			ProcessInitializeOnLoadAttributes (621ms)
			ProcessInitializeOnLoadMethodAttributes (46ms)
			AfterProcessingInitializeOnLoad (34ms)
			EditorAssembliesLoaded (0ms)
		ExecutionOrderSort2 (0ms)
		AwakeInstancesAfterBackupRestoration (19ms)
Refreshing native plugins compatible for Editor in 76.38 ms, found 4 plugins.
Preloading 0 native plugins for Editor in 0.00 ms.
Unloading 4642 Unused Serialized files (Serialized files now loaded: 0)
Unloading 114 unused Assets / (149.2 KB). Loaded Objects now: 5119.
Memory consumption went from 150.4 MB to 150.3 MB.
Total: 6.237600 ms (FindLiveObjects: 0.692400 ms CreateObjectMapping: 0.507900 ms MarkObjects: 4.820100 ms  DeleteObjects: 0.215900 ms)

Prepare: number of updated asset objects reloaded= 0
AssetImportParameters requested are different than current active one (requested -> active):
  custom:container-demuxer-ogg: 62fdf1f143b41e24485cea50d1cbac27 -> 
  custom:video-codec-MediaFoundation-h265: 746d11721c4dcdbdad8f713fa42b33f4 -> 
  custom:video-decoder-ogg-theora: a1e56fd34408186e4bbccfd4996cb3dc -> 
  custom:framework-win-MediaFoundation: 216162199b28c13a410421893ffa2e32 -> 
  custom:scripting/monoscript/fileName/PersistenceManager.cs: 98e77eb91caedf44c4fbda8268028271 -> 3cfb95b9518f7574002af04ec57606d8
  custom:CustomObjectIndexerAttribute: 756ad292c208cfabdd7b50bc23989ffe -> 
  custom:container-demuxer-webm: 4f35f7cbe854078d1ac9338744f61a02 -> 
  custom:container-muxer-webm: aa71ff27fc2769a1b78a27578f13a17b -> 
  custom:video-decoder-webm-vp8: 9c59270c3fd7afecdb556c50c9e8de78 -> 
  custom:SearchIndexIgnoredProperties: e643bd26f0fe6173181afceb89e7c659 -> 
  custom:AudioImporter_EditorPlatform: d09bf68614088b80899f8185d706f6e7 -> 
  custom:video-encoder-webm-vp8: eb34c28f22e8b96e1ab97ce403110664 -> 
  custom:audio-decoder-ogg-vorbis: bf7c407c2cedff20999df2af8eb42d56 -> 
  custom:audio-encoder-webm-vorbis: bf7c407c2cedff20999df2af8eb42d56 -> 
========================================================================
Received Prepare
Begin MonoManager ReloadAssembly
Duplicate assembly 'Supabase.Realtime.dll' with different versions detected, using 'Assets/Packages/Supabase.Realtime.7.0.2/lib/netstandard2.1/Supabase.Realtime.dll, AssemblyName=Supabase.Realtime, Version=7.0.2.0, Culture=neutral, PublicKeyToken=null' and ignoring 'Assets/Packages/realtime-csharp.6.0.4/lib/netstandard2.0/Supabase.Realtime.dll, AssemblyName=Supabase.Realtime, Version=6.0.4.0, Culture=neutral, PublicKeyToken=null'.Duplicate assembly 'Supabase.Functions.dll' with different versions detected, using 'Assets/Packages/Supabase.Functions.2.0.0/lib/netstandard2.0/Supabase.Functions.dll, AssemblyName=Supabase.Functions, Version=2.0.0.0, Culture=neutral, PublicKeyToken=null' and ignoring 'Assets/Packages/functions-csharp.1.3.2/lib/netstandard2.0/Supabase.Functions.dll, AssemblyName=Supabase.Functions, Version=1.3.2.0, Culture=neutral, PublicKeyToken=null'.Duplicate assembly 'Supabase.Gotrue.dll' with different versions detected, using 'Assets/Packages/Supabase.Gotrue.6.0.3/lib/netstandard2.1/Supabase.Gotrue.dll, AssemblyName=Supabase.Gotrue, Version=6.0.3.0, Culture=neutral, PublicKeyToken=null' and ignoring 'Assets/Packages/gotrue-csharp.4.2.7/lib/netstandard2.0/Supabase.Gotrue.dll, AssemblyName=Supabase.Gotrue, Version=4.2.7.0, Culture=neutral, PublicKeyToken=null'.Duplicate assembly 'Supabase.Storage.dll' with different versions detected, using 'Assets/Packages/Supabase.Storage.2.0.2/lib/netstandard2.0/Supabase.Storage.dll, AssemblyName=Supabase.Storage, Version=2.0.2.0, Culture=neutral, PublicKeyToken=null' and ignoring 'Assets/Packages/supabase-storage-csharp.1.4.0/lib/netstandard2.0/Supabase.Storage.dll, AssemblyName=Supabase.Storage, Version=1.4.0.0, Culture=neutral, PublicKeyToken=null'.Duplicate assembly 'Supabase.Postgrest.dll' with different versions detected, using 'Assets/Packages/Supabase.Postgrest.4.0.3/lib/netstandard2.0/Supabase.Postgrest.dll, AssemblyName=Supabase.Postgrest, Version=4.0.3.0, Culture=neutral, PublicKeyToken=null' and ignoring 'Assets/Packages/postgrest-csharp.3.5.1/lib/netstandard2.0/Supabase.Postgrest.dll, AssemblyName=Supabase.Postgrest, Version=3.5.1.0, Culture=neutral, PublicKeyToken=null'.Duplicate assembly 'Supabase.dll' with different versions detected, using 'Assets/Packages/Supabase.1.1.1/lib/netstandard2.1/Supabase.dll, AssemblyName=Supabase, Version=1.1.1.0, Culture=neutral, PublicKeyToken=null' and ignoring 'Assets/Packages/supabase-csharp.0.16.2/lib/netstandard2.0/Supabase.dll, AssemblyName=Supabase, Version=0.16.2.0, Culture=neutral, PublicKeyToken=null'.- Loaded All Assemblies, in  2.772 seconds
Refreshing native plugins compatible for Editor in 71.33 ms, found 4 plugins.
Native extension for WindowsStandalone target not found
Native extension for WebGL target not found
[Package Manager] Server::EnsureServerProcessIsRunning -- launch failed, reason: Unity was launched with the -noUpm command-line argument
[Package Manager] UpmClient::Send -- Unable to send message (not connected to UPM process).
[Package Manager] Cannot connect to Unity Package Manager local server
Mono: successfully reloaded assembly
- Finished resetting the current domain, in  2.592 seconds
Domain Reload Profiling: 5335ms
	BeginReloadAssembly (348ms)
		ExecutionOrderSort (0ms)
		DisableScriptedObjects (19ms)
		BackupInstance (0ms)
		ReleaseScriptingObjects (0ms)
		CreateAndSetChildDomain (79ms)
	RebuildCommonClasses (56ms)
	RebuildNativeTypeToScriptingClass (21ms)
	initialDomainReloadingComplete (156ms)
	LoadAllAssembliesAndSetupDomain (2161ms)
		LoadAssemblies (2297ms)
		RebuildTransferFunctionScriptingTraits (0ms)
		AnalyzeDomain (46ms)
			TypeCache.Refresh (17ms)
				TypeCache.ScanAssembly (5ms)
			ScanForSourceGeneratedMonoScriptInfo (14ms)
			ResolveRequiredComponents (14ms)
	FinalizeReload (2593ms)
		ReleaseScriptCaches (0ms)
		RebuildScriptCaches (0ms)
		SetupLoadedEditorAssemblies (951ms)
			LogAssemblyErrors (0ms)
			InitializePlatformSupportModulesInManaged (22ms)
			SetLoadedEditorAssemblies (8ms)
			RefreshPlugins (0ms)
			BeforeProcessingInitializeOnLoad (215ms)
			ProcessInitializeOnLoadAttributes (628ms)
			ProcessInitializeOnLoadMethodAttributes (46ms)
			AfterProcessingInitializeOnLoad (32ms)
			EditorAssembliesLoaded (0ms)
		ExecutionOrderSort2 (0ms)
		AwakeInstancesAfterBackupRestoration (19ms)
Refreshing native plugins compatible for Editor in 69.75 ms, found 4 plugins.
Preloading 0 native plugins for Editor in 0.00 ms.
Unloading 4642 Unused Serialized files (Serialized files now loaded: 0)
Unloading 114 unused Assets / (149.4 KB). Loaded Objects now: 5135.
Memory consumption went from 150.4 MB to 150.2 MB.
Total: 6.067100 ms (FindLiveObjects: 0.405100 ms CreateObjectMapping: 0.372300 ms MarkObjects: 5.071800 ms  DeleteObjects: 0.216700 ms)

Prepare: number of updated asset objects reloaded= 0
AssetImportParameters requested are different than current active one (requested -> active):
  custom:container-demuxer-ogg: 62fdf1f143b41e24485cea50d1cbac27 -> 
  custom:video-codec-MediaFoundation-h265: 746d11721c4dcdbdad8f713fa42b33f4 -> 
  custom:video-decoder-ogg-theora: a1e56fd34408186e4bbccfd4996cb3dc -> 
  custom:framework-win-MediaFoundation: 216162199b28c13a410421893ffa2e32 -> 
  custom:scripting/monoscript/fileName/PersistenceManager.cs: 98e77eb91caedf44c4fbda8268028271 -> 3cfb95b9518f7574002af04ec57606d8
  custom:CustomObjectIndexerAttribute: 756ad292c208cfabdd7b50bc23989ffe -> 
  custom:container-demuxer-webm: 4f35f7cbe854078d1ac9338744f61a02 -> 
  custom:container-muxer-webm: aa71ff27fc2769a1b78a27578f13a17b -> 
  custom:video-decoder-webm-vp8: 9c59270c3fd7afecdb556c50c9e8de78 -> 
  custom:SearchIndexIgnoredProperties: e643bd26f0fe6173181afceb89e7c659 -> 
  custom:AudioImporter_EditorPlatform: d09bf68614088b80899f8185d706f6e7 -> 
  custom:video-encoder-webm-vp8: eb34c28f22e8b96e1ab97ce403110664 -> 
  custom:audio-decoder-ogg-vorbis: bf7c407c2cedff20999df2af8eb42d56 -> 
  custom:audio-encoder-webm-vorbis: bf7c407c2cedff20999df2af8eb42d56 -> 
========================================================================
Received Prepare
Begin MonoManager ReloadAssembly
Duplicate assembly 'Supabase.Realtime.dll' with different versions detected, using 'Assets/Packages/Supabase.Realtime.7.0.2/lib/netstandard2.1/Supabase.Realtime.dll, AssemblyName=Supabase.Realtime, Version=7.0.2.0, Culture=neutral, PublicKeyToken=null' and ignoring 'Assets/Packages/realtime-csharp.6.0.4/lib/netstandard2.0/Supabase.Realtime.dll, AssemblyName=Supabase.Realtime, Version=6.0.4.0, Culture=neutral, PublicKeyToken=null'.Duplicate assembly 'Supabase.Functions.dll' with different versions detected, using 'Assets/Packages/Supabase.Functions.2.0.0/lib/netstandard2.0/Supabase.Functions.dll, AssemblyName=Supabase.Functions, Version=2.0.0.0, Culture=neutral, PublicKeyToken=null' and ignoring 'Assets/Packages/functions-csharp.1.3.2/lib/netstandard2.0/Supabase.Functions.dll, AssemblyName=Supabase.Functions, Version=1.3.2.0, Culture=neutral, PublicKeyToken=null'.Duplicate assembly 'Supabase.Gotrue.dll' with different versions detected, using 'Assets/Packages/Supabase.Gotrue.6.0.3/lib/netstandard2.1/Supabase.Gotrue.dll, AssemblyName=Supabase.Gotrue, Version=6.0.3.0, Culture=neutral, PublicKeyToken=null' and ignoring 'Assets/Packages/gotrue-csharp.4.2.7/lib/netstandard2.0/Supabase.Gotrue.dll, AssemblyName=Supabase.Gotrue, Version=4.2.7.0, Culture=neutral, PublicKeyToken=null'.Duplicate assembly 'Supabase.Storage.dll' with different versions detected, using 'Assets/Packages/Supabase.Storage.2.0.2/lib/netstandard2.0/Supabase.Storage.dll, AssemblyName=Supabase.Storage, Version=2.0.2.0, Culture=neutral, PublicKeyToken=null' and ignoring 'Assets/Packages/supabase-storage-csharp.1.4.0/lib/netstandard2.0/Supabase.Storage.dll, AssemblyName=Supabase.Storage, Version=1.4.0.0, Culture=neutral, PublicKeyToken=null'.Duplicate assembly 'Supabase.Postgrest.dll' with different versions detected, using 'Assets/Packages/Supabase.Postgrest.4.0.3/lib/netstandard2.0/Supabase.Postgrest.dll, AssemblyName=Supabase.Postgrest, Version=4.0.3.0, Culture=neutral, PublicKeyToken=null' and ignoring 'Assets/Packages/postgrest-csharp.3.5.1/lib/netstandard2.0/Supabase.Postgrest.dll, AssemblyName=Supabase.Postgrest, Version=3.5.1.0, Culture=neutral, PublicKeyToken=null'.Duplicate assembly 'Supabase.dll' with different versions detected, using 'Assets/Packages/Supabase.1.1.1/lib/netstandard2.1/Supabase.dll, AssemblyName=Supabase, Version=1.1.1.0, Culture=neutral, PublicKeyToken=null' and ignoring 'Assets/Packages/supabase-csharp.0.16.2/lib/netstandard2.0/Supabase.dll, AssemblyName=Supabase, Version=0.16.2.0, Culture=neutral, PublicKeyToken=null'.- Loaded All Assemblies, in  2.124 seconds
Refreshing native plugins compatible for Editor in 56.93 ms, found 4 plugins.
Native extension for WindowsStandalone target not found
Native extension for WebGL target not found
[Package Manager] Server::EnsureServerProcessIsRunning -- launch failed, reason: Unity was launched with the -noUpm command-line argument
[Package Manager] UpmClient::Send -- Unable to send message (not connected to UPM process).
[Package Manager] Cannot connect to Unity Package Manager local server
Mono: successfully reloaded assembly
- Finished resetting the current domain, in  2.077 seconds
Domain Reload Profiling: 4175ms
	BeginReloadAssembly (290ms)
		ExecutionOrderSort (0ms)
		DisableScriptedObjects (15ms)
		BackupInstance (0ms)
		ReleaseScriptingObjects (0ms)
		CreateAndSetChildDomain (68ms)
	RebuildCommonClasses (45ms)
	RebuildNativeTypeToScriptingClass (15ms)
	initialDomainReloadingComplete (126ms)
	LoadAllAssembliesAndSetupDomain (1622ms)
		LoadAssemblies (1740ms)
		RebuildTransferFunctionScriptingTraits (0ms)
		AnalyzeDomain (35ms)
			TypeCache.Refresh (14ms)
				TypeCache.ScanAssembly (4ms)
			ScanForSourceGeneratedMonoScriptInfo (11ms)
			ResolveRequiredComponents (9ms)
	FinalizeReload (2077ms)
		ReleaseScriptCaches (0ms)
		RebuildScriptCaches (0ms)
		SetupLoadedEditorAssemblies (814ms)
			LogAssemblyErrors (0ms)
			InitializePlatformSupportModulesInManaged (14ms)
			SetLoadedEditorAssemblies (5ms)
			RefreshPlugins (0ms)
			BeforeProcessingInitializeOnLoad (191ms)
			ProcessInitializeOnLoadAttributes (531ms)
			ProcessInitializeOnLoadMethodAttributes (45ms)
			AfterProcessingInitializeOnLoad (29ms)
			EditorAssembliesLoaded (0ms)
		ExecutionOrderSort2 (0ms)
		AwakeInstancesAfterBackupRestoration (16ms)
Refreshing native plugins compatible for Editor in 55.78 ms, found 4 plugins.
Preloading 0 native plugins for Editor in 0.00 ms.
Unloading 4642 Unused Serialized files (Serialized files now loaded: 0)
Unloading 114 unused Assets / (149.3 KB). Loaded Objects now: 5151.
Memory consumption went from 150.4 MB to 150.3 MB.
Total: 4.179300 ms (FindLiveObjects: 0.380100 ms CreateObjectMapping: 0.146000 ms MarkObjects: 3.481700 ms  DeleteObjects: 0.170800 ms)

Prepare: number of updated asset objects reloaded= 0
AssetImportParameters requested are different than current active one (requested -> active):
  custom:container-demuxer-ogg: 62fdf1f143b41e24485cea50d1cbac27 -> 
  custom:video-codec-MediaFoundation-h265: 746d11721c4dcdbdad8f713fa42b33f4 -> 
  custom:video-decoder-ogg-theora: a1e56fd34408186e4bbccfd4996cb3dc -> 
  custom:framework-win-MediaFoundation: 216162199b28c13a410421893ffa2e32 -> 
  custom:scripting/monoscript/fileName/PersistenceManager.cs: 98e77eb91caedf44c4fbda8268028271 -> 3cfb95b9518f7574002af04ec57606d8
  custom:CustomObjectIndexerAttribute: 756ad292c208cfabdd7b50bc23989ffe -> 
  custom:container-demuxer-webm: 4f35f7cbe854078d1ac9338744f61a02 -> 
  custom:container-muxer-webm: aa71ff27fc2769a1b78a27578f13a17b -> 
  custom:video-decoder-webm-vp8: 9c59270c3fd7afecdb556c50c9e8de78 -> 
  custom:SearchIndexIgnoredProperties: e643bd26f0fe6173181afceb89e7c659 -> 
  custom:AudioImporter_EditorPlatform: d09bf68614088b80899f8185d706f6e7 -> 
  custom:video-encoder-webm-vp8: eb34c28f22e8b96e1ab97ce403110664 -> 
  custom:audio-decoder-ogg-vorbis: bf7c407c2cedff20999df2af8eb42d56 -> 
  custom:audio-encoder-webm-vorbis: bf7c407c2cedff20999df2af8eb42d56 -> 
========================================================================
Received Prepare
Begin MonoManager ReloadAssembly
Duplicate assembly 'Supabase.Realtime.dll' with different versions detected, using 'Assets/Packages/Supabase.Realtime.7.0.2/lib/netstandard2.1/Supabase.Realtime.dll, AssemblyName=Supabase.Realtime, Version=7.0.2.0, Culture=neutral, PublicKeyToken=null' and ignoring 'Assets/Packages/realtime-csharp.6.0.4/lib/netstandard2.0/Supabase.Realtime.dll, AssemblyName=Supabase.Realtime, Version=6.0.4.0, Culture=neutral, PublicKeyToken=null'.Duplicate assembly 'Supabase.Functions.dll' with different versions detected, using 'Assets/Packages/Supabase.Functions.2.0.0/lib/netstandard2.0/Supabase.Functions.dll, AssemblyName=Supabase.Functions, Version=2.0.0.0, Culture=neutral, PublicKeyToken=null' and ignoring 'Assets/Packages/functions-csharp.1.3.2/lib/netstandard2.0/Supabase.Functions.dll, AssemblyName=Supabase.Functions, Version=1.3.2.0, Culture=neutral, PublicKeyToken=null'.Duplicate assembly 'Supabase.Gotrue.dll' with different versions detected, using 'Assets/Packages/Supabase.Gotrue.6.0.3/lib/netstandard2.1/Supabase.Gotrue.dll, AssemblyName=Supabase.Gotrue, Version=6.0.3.0, Culture=neutral, PublicKeyToken=null' and ignoring 'Assets/Packages/gotrue-csharp.4.2.7/lib/netstandard2.0/Supabase.Gotrue.dll, AssemblyName=Supabase.Gotrue, Version=4.2.7.0, Culture=neutral, PublicKeyToken=null'.Duplicate assembly 'Supabase.Storage.dll' with different versions detected, using 'Assets/Packages/Supabase.Storage.2.0.2/lib/netstandard2.0/Supabase.Storage.dll, AssemblyName=Supabase.Storage, Version=2.0.2.0, Culture=neutral, PublicKeyToken=null' and ignoring 'Assets/Packages/supabase-storage-csharp.1.4.0/lib/netstandard2.0/Supabase.Storage.dll, AssemblyName=Supabase.Storage, Version=1.4.0.0, Culture=neutral, PublicKeyToken=null'.Duplicate assembly 'Supabase.Postgrest.dll' with different versions detected, using 'Assets/Packages/Supabase.Postgrest.4.0.3/lib/netstandard2.0/Supabase.Postgrest.dll, AssemblyName=Supabase.Postgrest, Version=4.0.3.0, Culture=neutral, PublicKeyToken=null' and ignoring 'Assets/Packages/postgrest-csharp.3.5.1/lib/netstandard2.0/Supabase.Postgrest.dll, AssemblyName=Supabase.Postgrest, Version=3.5.1.0, Culture=neutral, PublicKeyToken=null'.Duplicate assembly 'Supabase.dll' with different versions detected, using 'Assets/Packages/Supabase.1.1.1/lib/netstandard2.1/Supabase.dll, AssemblyName=Supabase, Version=1.1.1.0, Culture=neutral, PublicKeyToken=null' and ignoring 'Assets/Packages/supabase-csharp.0.16.2/lib/netstandard2.0/Supabase.dll, AssemblyName=Supabase, Version=0.16.2.0, Culture=neutral, PublicKeyToken=null'.- Loaded All Assemblies, in  1.935 seconds
Refreshing native plugins compatible for Editor in 62.65 ms, found 4 plugins.
Native extension for WindowsStandalone target not found
Native extension for WebGL target not found
[Package Manager] Server::EnsureServerProcessIsRunning -- launch failed, reason: Unity was launched with the -noUpm command-line argument
[Package Manager] UpmClient::Send -- Unable to send message (not connected to UPM process).
[Package Manager] Cannot connect to Unity Package Manager local server
Mono: successfully reloaded assembly
- Finished resetting the current domain, in  2.307 seconds
Domain Reload Profiling: 4222ms
	BeginReloadAssembly (241ms)
		ExecutionOrderSort (0ms)
		DisableScriptedObjects (11ms)
		BackupInstance (0ms)
		ReleaseScriptingObjects (0ms)
		CreateAndSetChildDomain (49ms)
	RebuildCommonClasses (34ms)
	RebuildNativeTypeToScriptingClass (9ms)
	initialDomainReloadingComplete (94ms)
	LoadAllAssembliesAndSetupDomain (1536ms)
		LoadAssemblies (1656ms)
		RebuildTransferFunctionScriptingTraits (0ms)
		AnalyzeDomain (16ms)
			TypeCache.Refresh (6ms)
				TypeCache.ScanAssembly (0ms)
			ScanForSourceGeneratedMonoScriptInfo (0ms)
			ResolveRequiredComponents (9ms)
	FinalizeReload (2307ms)
		ReleaseScriptCaches (0ms)
		RebuildScriptCaches (0ms)
		SetupLoadedEditorAssemblies (954ms)
			LogAssemblyErrors (0ms)
			InitializePlatformSupportModulesInManaged (15ms)
			SetLoadedEditorAssemblies (5ms)
			RefreshPlugins (0ms)
			BeforeProcessingInitializeOnLoad (189ms)
			ProcessInitializeOnLoadAttributes (647ms)
			ProcessInitializeOnLoadMethodAttributes (60ms)
			AfterProcessingInitializeOnLoad (36ms)
			EditorAssembliesLoaded (0ms)
		ExecutionOrderSort2 (0ms)
		AwakeInstancesAfterBackupRestoration (24ms)
Refreshing native plugins compatible for Editor in 83.00 ms, found 4 plugins.
Preloading 0 native plugins for Editor in 0.00 ms.
Unloading 4642 Unused Serialized files (Serialized files now loaded: 0)
Unloading 114 unused Assets / (149.3 KB). Loaded Objects now: 5167.
Memory consumption went from 150.5 MB to 150.3 MB.
Total: 6.477200 ms (FindLiveObjects: 0.575700 ms CreateObjectMapping: 0.371600 ms MarkObjects: 5.158600 ms  DeleteObjects: 0.370200 ms)

Prepare: number of updated asset objects reloaded= 0
AssetImportParameters requested are different than current active one (requested -> active):
  custom:container-demuxer-ogg: 62fdf1f143b41e24485cea50d1cbac27 -> 
  custom:video-codec-MediaFoundation-h265: 746d11721c4dcdbdad8f713fa42b33f4 -> 
  custom:video-decoder-ogg-theora: a1e56fd34408186e4bbccfd4996cb3dc -> 
  custom:framework-win-MediaFoundation: 216162199b28c13a410421893ffa2e32 -> 
  custom:scripting/monoscript/fileName/PersistenceManager.cs: 98e77eb91caedf44c4fbda8268028271 -> 3cfb95b9518f7574002af04ec57606d8
  custom:CustomObjectIndexerAttribute: 756ad292c208cfabdd7b50bc23989ffe -> 
  custom:container-demuxer-webm: 4f35f7cbe854078d1ac9338744f61a02 -> 
  custom:container-muxer-webm: aa71ff27fc2769a1b78a27578f13a17b -> 
  custom:video-decoder-webm-vp8: 9c59270c3fd7afecdb556c50c9e8de78 -> 
  custom:SearchIndexIgnoredProperties: e643bd26f0fe6173181afceb89e7c659 -> 
  custom:AudioImporter_EditorPlatform: d09bf68614088b80899f8185d706f6e7 -> 
  custom:video-encoder-webm-vp8: eb34c28f22e8b96e1ab97ce403110664 -> 
  custom:audio-decoder-ogg-vorbis: bf7c407c2cedff20999df2af8eb42d56 -> 
  custom:audio-encoder-webm-vorbis: bf7c407c2cedff20999df2af8eb42d56 -> 
========================================================================
Received Prepare
Begin MonoManager ReloadAssembly
Duplicate assembly 'Supabase.Realtime.dll' with different versions detected, using 'Assets/Packages/Supabase.Realtime.7.0.2/lib/netstandard2.1/Supabase.Realtime.dll, AssemblyName=Supabase.Realtime, Version=7.0.2.0, Culture=neutral, PublicKeyToken=null' and ignoring 'Assets/Packages/realtime-csharp.6.0.4/lib/netstandard2.0/Supabase.Realtime.dll, AssemblyName=Supabase.Realtime, Version=6.0.4.0, Culture=neutral, PublicKeyToken=null'.Duplicate assembly 'Supabase.Functions.dll' with different versions detected, using 'Assets/Packages/Supabase.Functions.2.0.0/lib/netstandard2.0/Supabase.Functions.dll, AssemblyName=Supabase.Functions, Version=2.0.0.0, Culture=neutral, PublicKeyToken=null' and ignoring 'Assets/Packages/functions-csharp.1.3.2/lib/netstandard2.0/Supabase.Functions.dll, AssemblyName=Supabase.Functions, Version=1.3.2.0, Culture=neutral, PublicKeyToken=null'.Duplicate assembly 'Supabase.Gotrue.dll' with different versions detected, using 'Assets/Packages/Supabase.Gotrue.6.0.3/lib/netstandard2.1/Supabase.Gotrue.dll, AssemblyName=Supabase.Gotrue, Version=6.0.3.0, Culture=neutral, PublicKeyToken=null' and ignoring 'Assets/Packages/gotrue-csharp.4.2.7/lib/netstandard2.0/Supabase.Gotrue.dll, AssemblyName=Supabase.Gotrue, Version=4.2.7.0, Culture=neutral, PublicKeyToken=null'.Duplicate assembly 'Supabase.Storage.dll' with different versions detected, using 'Assets/Packages/Supabase.Storage.2.0.2/lib/netstandard2.0/Supabase.Storage.dll, AssemblyName=Supabase.Storage, Version=2.0.2.0, Culture=neutral, PublicKeyToken=null' and ignoring 'Assets/Packages/supabase-storage-csharp.1.4.0/lib/netstandard2.0/Supabase.Storage.dll, AssemblyName=Supabase.Storage, Version=1.4.0.0, Culture=neutral, PublicKeyToken=null'.Duplicate assembly 'Supabase.Postgrest.dll' with different versions detected, using 'Assets/Packages/Supabase.Postgrest.4.0.3/lib/netstandard2.0/Supabase.Postgrest.dll, AssemblyName=Supabase.Postgrest, Version=4.0.3.0, Culture=neutral, PublicKeyToken=null' and ignoring 'Assets/Packages/postgrest-csharp.3.5.1/lib/netstandard2.0/Supabase.Postgrest.dll, AssemblyName=Supabase.Postgrest, Version=3.5.1.0, Culture=neutral, PublicKeyToken=null'.Duplicate assembly 'Supabase.dll' with different versions detected, using 'Assets/Packages/Supabase.1.1.1/lib/netstandard2.1/Supabase.dll, AssemblyName=Supabase, Version=1.1.1.0, Culture=neutral, PublicKeyToken=null' and ignoring 'Assets/Packages/supabase-csharp.0.16.2/lib/netstandard2.0/Supabase.dll, AssemblyName=Supabase, Version=0.16.2.0, Culture=neutral, PublicKeyToken=null'.- Loaded All Assemblies, in  1.927 seconds
Refreshing native plugins compatible for Editor in 60.24 ms, found 4 plugins.
Native extension for WindowsStandalone target not found
Native extension for WebGL target not found
[Package Manager] Server::EnsureServerProcessIsRunning -- launch failed, reason: Unity was launched with the -noUpm command-line argument
[Package Manager] UpmClient::Send -- Unable to send message (not connected to UPM process).
[Package Manager] Cannot connect to Unity Package Manager local server
Mono: successfully reloaded assembly
- Finished resetting the current domain, in  2.226 seconds
Domain Reload Profiling: 4134ms
	BeginReloadAssembly (237ms)
		ExecutionOrderSort (0ms)
		DisableScriptedObjects (10ms)
		BackupInstance (0ms)
		ReleaseScriptingObjects (0ms)
		CreateAndSetChildDomain (48ms)
	RebuildCommonClasses (41ms)
	RebuildNativeTypeToScriptingClass (10ms)
	initialDomainReloadingComplete (105ms)
	LoadAllAssembliesAndSetupDomain (1514ms)
		LoadAssemblies (1632ms)
		RebuildTransferFunctionScriptingTraits (0ms)
		AnalyzeDomain (14ms)
			TypeCache.Refresh (5ms)
				TypeCache.ScanAssembly (0ms)
			ScanForSourceGeneratedMonoScriptInfo (0ms)
			ResolveRequiredComponents (8ms)
	FinalizeReload (2227ms)
		ReleaseScriptCaches (0ms)
		RebuildScriptCaches (0ms)
		SetupLoadedEditorAssemblies (836ms)
			LogAssemblyErrors (0ms)
			InitializePlatformSupportModulesInManaged (18ms)
			SetLoadedEditorAssemblies (5ms)
			RefreshPlugins (0ms)
			BeforeProcessingInitializeOnLoad (167ms)
			ProcessInitializeOnLoadAttributes (570ms)
			ProcessInitializeOnLoadMethodAttributes (44ms)
			AfterProcessingInitializeOnLoad (30ms)
			EditorAssembliesLoaded (0ms)
		ExecutionOrderSort2 (0ms)
		AwakeInstancesAfterBackupRestoration (21ms)
Refreshing native plugins compatible for Editor in 70.00 ms, found 4 plugins.
Preloading 0 native plugins for Editor in 0.00 ms.
Unloading 4642 Unused Serialized files (Serialized files now loaded: 0)
Unloading 114 unused Assets / (149.4 KB). Loaded Objects now: 5183.
Memory consumption went from 150.5 MB to 150.3 MB.
Total: 5.140400 ms (FindLiveObjects: 0.392800 ms CreateObjectMapping: 0.311700 ms MarkObjects: 4.273200 ms  DeleteObjects: 0.161500 ms)

Prepare: number of updated asset objects reloaded= 0
AssetImportParameters requested are different than current active one (requested -> active):
  custom:container-demuxer-ogg: 62fdf1f143b41e24485cea50d1cbac27 -> 
  custom:video-codec-MediaFoundation-h265: 746d11721c4dcdbdad8f713fa42b33f4 -> 
  custom:video-decoder-ogg-theora: a1e56fd34408186e4bbccfd4996cb3dc -> 
  custom:framework-win-MediaFoundation: 216162199b28c13a410421893ffa2e32 -> 
  custom:scripting/monoscript/fileName/PersistenceManager.cs: 98e77eb91caedf44c4fbda8268028271 -> 3cfb95b9518f7574002af04ec57606d8
  custom:CustomObjectIndexerAttribute: 756ad292c208cfabdd7b50bc23989ffe -> 
  custom:container-demuxer-webm: 4f35f7cbe854078d1ac9338744f61a02 -> 
  custom:container-muxer-webm: aa71ff27fc2769a1b78a27578f13a17b -> 
  custom:video-decoder-webm-vp8: 9c59270c3fd7afecdb556c50c9e8de78 -> 
  custom:SearchIndexIgnoredProperties: e643bd26f0fe6173181afceb89e7c659 -> 
  custom:AudioImporter_EditorPlatform: d09bf68614088b80899f8185d706f6e7 -> 
  custom:video-encoder-webm-vp8: eb34c28f22e8b96e1ab97ce403110664 -> 
  custom:audio-decoder-ogg-vorbis: bf7c407c2cedff20999df2af8eb42d56 -> 
  custom:audio-encoder-webm-vorbis: bf7c407c2cedff20999df2af8eb42d56 -> 
========================================================================
Received Prepare
Begin MonoManager ReloadAssembly
Duplicate assembly 'Supabase.Realtime.dll' with different versions detected, using 'Assets/Packages/Supabase.Realtime.7.0.2/lib/netstandard2.1/Supabase.Realtime.dll, AssemblyName=Supabase.Realtime, Version=7.0.2.0, Culture=neutral, PublicKeyToken=null' and ignoring 'Assets/Packages/realtime-csharp.6.0.4/lib/netstandard2.0/Supabase.Realtime.dll, AssemblyName=Supabase.Realtime, Version=6.0.4.0, Culture=neutral, PublicKeyToken=null'.Duplicate assembly 'Supabase.Functions.dll' with different versions detected, using 'Assets/Packages/Supabase.Functions.2.0.0/lib/netstandard2.0/Supabase.Functions.dll, AssemblyName=Supabase.Functions, Version=2.0.0.0, Culture=neutral, PublicKeyToken=null' and ignoring 'Assets/Packages/functions-csharp.1.3.2/lib/netstandard2.0/Supabase.Functions.dll, AssemblyName=Supabase.Functions, Version=1.3.2.0, Culture=neutral, PublicKeyToken=null'.Duplicate assembly 'Supabase.Gotrue.dll' with different versions detected, using 'Assets/Packages/Supabase.Gotrue.6.0.3/lib/netstandard2.1/Supabase.Gotrue.dll, AssemblyName=Supabase.Gotrue, Version=6.0.3.0, Culture=neutral, PublicKeyToken=null' and ignoring 'Assets/Packages/gotrue-csharp.4.2.7/lib/netstandard2.0/Supabase.Gotrue.dll, AssemblyName=Supabase.Gotrue, Version=4.2.7.0, Culture=neutral, PublicKeyToken=null'.Duplicate assembly 'Supabase.Storage.dll' with different versions detected, using 'Assets/Packages/Supabase.Storage.2.0.2/lib/netstandard2.0/Supabase.Storage.dll, AssemblyName=Supabase.Storage, Version=2.0.2.0, Culture=neutral, PublicKeyToken=null' and ignoring 'Assets/Packages/supabase-storage-csharp.1.4.0/lib/netstandard2.0/Supabase.Storage.dll, AssemblyName=Supabase.Storage, Version=1.4.0.0, Culture=neutral, PublicKeyToken=null'.Duplicate assembly 'Supabase.Postgrest.dll' with different versions detected, using 'Assets/Packages/Supabase.Postgrest.4.0.3/lib/netstandard2.0/Supabase.Postgrest.dll, AssemblyName=Supabase.Postgrest, Version=4.0.3.0, Culture=neutral, PublicKeyToken=null' and ignoring 'Assets/Packages/postgrest-csharp.3.5.1/lib/netstandard2.0/Supabase.Postgrest.dll, AssemblyName=Supabase.Postgrest, Version=3.5.1.0, Culture=neutral, PublicKeyToken=null'.Duplicate assembly 'Supabase.dll' with different versions detected, using 'Assets/Packages/Supabase.1.1.1/lib/netstandard2.1/Supabase.dll, AssemblyName=Supabase, Version=1.1.1.0, Culture=neutral, PublicKeyToken=null' and ignoring 'Assets/Packages/supabase-csharp.0.16.2/lib/netstandard2.0/Supabase.dll, AssemblyName=Supabase, Version=0.16.2.0, Culture=neutral, PublicKeyToken=null'.- Loaded All Assemblies, in  1.978 seconds
Refreshing native plugins compatible for Editor in 58.86 ms, found 4 plugins.
Native extension for WindowsStandalone target not found
Native extension for WebGL target not found
[Package Manager] Server::EnsureServerProcessIsRunning -- launch failed, reason: Unity was launched with the -noUpm command-line argument
[Package Manager] UpmClient::Send -- Unable to send message (not connected to UPM process).
[Package Manager] Cannot connect to Unity Package Manager local server
Mono: successfully reloaded assembly
- Finished resetting the current domain, in  1.816 seconds
Domain Reload Profiling: 3771ms
	BeginReloadAssembly (269ms)
		ExecutionOrderSort (0ms)
		DisableScriptedObjects (18ms)
		BackupInstance (0ms)
		ReleaseScriptingObjects (0ms)
		CreateAndSetChildDomain (63ms)
	RebuildCommonClasses (44ms)
	RebuildNativeTypeToScriptingClass (11ms)
	initialDomainReloadingComplete (112ms)
	LoadAllAssembliesAndSetupDomain (1519ms)
		LoadAssemblies (1615ms)
		RebuildTransferFunctionScriptingTraits (0ms)
		AnalyzeDomain (33ms)
			TypeCache.Refresh (13ms)
				TypeCache.ScanAssembly (4ms)
			ScanForSourceGeneratedMonoScriptInfo (11ms)
			ResolveRequiredComponents (9ms)
	FinalizeReload (1817ms)
		ReleaseScriptCaches (0ms)
		RebuildScriptCaches (0ms)
		SetupLoadedEditorAssemblies (705ms)
			LogAssemblyErrors (0ms)
			InitializePlatformSupportModulesInManaged (13ms)
			SetLoadedEditorAssemblies (4ms)
			RefreshPlugins (0ms)
			BeforeProcessingInitializeOnLoad (143ms)
			ProcessInitializeOnLoadAttributes (480ms)
			ProcessInitializeOnLoadMethodAttributes (41ms)
			AfterProcessingInitializeOnLoad (24ms)
			EditorAssembliesLoaded (0ms)
		ExecutionOrderSort2 (0ms)
		AwakeInstancesAfterBackupRestoration (14ms)
Refreshing native plugins compatible for Editor in 58.33 ms, found 4 plugins.
Preloading 0 native plugins for Editor in 0.00 ms.
Unloading 4642 Unused Serialized files (Serialized files now loaded: 0)
Unloading 114 unused Assets / (149.4 KB). Loaded Objects now: 5199.
Memory consumption went from 150.5 MB to 150.3 MB.
Total: 4.142300 ms (FindLiveObjects: 0.336000 ms CreateObjectMapping: 0.251100 ms MarkObjects: 3.408400 ms  DeleteObjects: 0.146300 ms)

Prepare: number of updated asset objects reloaded= 0
AssetImportParameters requested are different than current active one (requested -> active):
  custom:container-demuxer-ogg: 62fdf1f143b41e24485cea50d1cbac27 -> 
  custom:video-codec-MediaFoundation-h265: 746d11721c4dcdbdad8f713fa42b33f4 -> 
  custom:video-decoder-ogg-theora: a1e56fd34408186e4bbccfd4996cb3dc -> 
  custom:framework-win-MediaFoundation: 216162199b28c13a410421893ffa2e32 -> 
  custom:scripting/monoscript/fileName/PersistenceManager.cs: 98e77eb91caedf44c4fbda8268028271 -> 3cfb95b9518f7574002af04ec57606d8
  custom:CustomObjectIndexerAttribute: 756ad292c208cfabdd7b50bc23989ffe -> 
  custom:container-demuxer-webm: 4f35f7cbe854078d1ac9338744f61a02 -> 
  custom:container-muxer-webm: aa71ff27fc2769a1b78a27578f13a17b -> 
  custom:video-decoder-webm-vp8: 9c59270c3fd7afecdb556c50c9e8de78 -> 
  custom:SearchIndexIgnoredProperties: e643bd26f0fe6173181afceb89e7c659 -> 
  custom:AudioImporter_EditorPlatform: d09bf68614088b80899f8185d706f6e7 -> 
  custom:video-encoder-webm-vp8: eb34c28f22e8b96e1ab97ce403110664 -> 
  custom:audio-decoder-ogg-vorbis: bf7c407c2cedff20999df2af8eb42d56 -> 
  custom:audio-encoder-webm-vorbis: bf7c407c2cedff20999df2af8eb42d56 -> 
========================================================================
Received Prepare
Begin MonoManager ReloadAssembly
Duplicate assembly 'Supabase.Realtime.dll' with different versions detected, using 'Assets/Packages/Supabase.Realtime.7.0.2/lib/netstandard2.1/Supabase.Realtime.dll, AssemblyName=Supabase.Realtime, Version=7.0.2.0, Culture=neutral, PublicKeyToken=null' and ignoring 'Assets/Packages/realtime-csharp.6.0.4/lib/netstandard2.0/Supabase.Realtime.dll, AssemblyName=Supabase.Realtime, Version=6.0.4.0, Culture=neutral, PublicKeyToken=null'.Duplicate assembly 'Supabase.Functions.dll' with different versions detected, using 'Assets/Packages/Supabase.Functions.2.0.0/lib/netstandard2.0/Supabase.Functions.dll, AssemblyName=Supabase.Functions, Version=2.0.0.0, Culture=neutral, PublicKeyToken=null' and ignoring 'Assets/Packages/functions-csharp.1.3.2/lib/netstandard2.0/Supabase.Functions.dll, AssemblyName=Supabase.Functions, Version=1.3.2.0, Culture=neutral, PublicKeyToken=null'.Duplicate assembly 'Supabase.Gotrue.dll' with different versions detected, using 'Assets/Packages/Supabase.Gotrue.6.0.3/lib/netstandard2.1/Supabase.Gotrue.dll, AssemblyName=Supabase.Gotrue, Version=6.0.3.0, Culture=neutral, PublicKeyToken=null' and ignoring 'Assets/Packages/gotrue-csharp.4.2.7/lib/netstandard2.0/Supabase.Gotrue.dll, AssemblyName=Supabase.Gotrue, Version=4.2.7.0, Culture=neutral, PublicKeyToken=null'.Duplicate assembly 'Supabase.Storage.dll' with different versions detected, using 'Assets/Packages/Supabase.Storage.2.0.2/lib/netstandard2.0/Supabase.Storage.dll, AssemblyName=Supabase.Storage, Version=2.0.2.0, Culture=neutral, PublicKeyToken=null' and ignoring 'Assets/Packages/supabase-storage-csharp.1.4.0/lib/netstandard2.0/Supabase.Storage.dll, AssemblyName=Supabase.Storage, Version=1.4.0.0, Culture=neutral, PublicKeyToken=null'.Duplicate assembly 'Supabase.Postgrest.dll' with different versions detected, using 'Assets/Packages/Supabase.Postgrest.4.0.3/lib/netstandard2.0/Supabase.Postgrest.dll, AssemblyName=Supabase.Postgrest, Version=4.0.3.0, Culture=neutral, PublicKeyToken=null' and ignoring 'Assets/Packages/postgrest-csharp.3.5.1/lib/netstandard2.0/Supabase.Postgrest.dll, AssemblyName=Supabase.Postgrest, Version=3.5.1.0, Culture=neutral, PublicKeyToken=null'.Duplicate assembly 'Supabase.dll' with different versions detected, using 'Assets/Packages/Supabase.1.1.1/lib/netstandard2.1/Supabase.dll, AssemblyName=Supabase, Version=1.1.1.0, Culture=neutral, PublicKeyToken=null' and ignoring 'Assets/Packages/supabase-csharp.0.16.2/lib/netstandard2.0/Supabase.dll, AssemblyName=Supabase, Version=0.16.2.0, Culture=neutral, PublicKeyToken=null'.- Loaded All Assemblies, in  1.869 seconds
Refreshing native plugins compatible for Editor in 52.83 ms, found 4 plugins.
Native extension for WindowsStandalone target not found
Native extension for WebGL target not found
[Package Manager] Server::EnsureServerProcessIsRunning -- launch failed, reason: Unity was launched with the -noUpm command-line argument
[Package Manager] UpmClient::Send -- Unable to send message (not connected to UPM process).
[Package Manager] Cannot connect to Unity Package Manager local server
Mono: successfully reloaded assembly
- Finished resetting the current domain, in  2.445 seconds
Domain Reload Profiling: 4293ms
	BeginReloadAssembly (231ms)
		ExecutionOrderSort (0ms)
		DisableScriptedObjects (11ms)
		BackupInstance (0ms)
		ReleaseScriptingObjects (0ms)
		CreateAndSetChildDomain (47ms)
	RebuildCommonClasses (42ms)
	RebuildNativeTypeToScriptingClass (14ms)
	initialDomainReloadingComplete (102ms)
	LoadAllAssembliesAndSetupDomain (1459ms)
		LoadAssemblies (1568ms)
		RebuildTransferFunctionScriptingTraits (0ms)
		AnalyzeDomain (18ms)
			TypeCache.Refresh (6ms)
				TypeCache.ScanAssembly (0ms)
			ScanForSourceGeneratedMonoScriptInfo (0ms)
			ResolveRequiredComponents (10ms)
	FinalizeReload (2446ms)
		ReleaseScriptCaches (0ms)
		RebuildScriptCaches (0ms)
		SetupLoadedEditorAssemblies (968ms)
			LogAssemblyErrors (0ms)
			InitializePlatformSupportModulesInManaged (17ms)
			SetLoadedEditorAssemblies (6ms)
			RefreshPlugins (0ms)
			BeforeProcessingInitializeOnLoad (190ms)
			ProcessInitializeOnLoadAttributes (666ms)
			ProcessInitializeOnLoadMethodAttributes (54ms)
			AfterProcessingInitializeOnLoad (34ms)
			EditorAssembliesLoaded (1ms)
		ExecutionOrderSort2 (0ms)
		AwakeInstancesAfterBackupRestoration (20ms)
Refreshing native plugins compatible for Editor in 74.17 ms, found 4 plugins.
Preloading 0 native plugins for Editor in 0.00 ms.
Unloading 4642 Unused Serialized files (Serialized files now loaded: 0)
Unloading 114 unused Assets / (149.3 KB). Loaded Objects now: 5215.
Memory consumption went from 150.4 MB to 150.3 MB.
Total: 6.277100 ms (FindLiveObjects: 0.514200 ms CreateObjectMapping: 0.326000 ms MarkObjects: 5.240200 ms  DeleteObjects: 0.195300 ms)

Prepare: number of updated asset objects reloaded= 0
AssetImportParameters requested are different than current active one (requested -> active):
  custom:container-demuxer-ogg: 62fdf1f143b41e24485cea50d1cbac27 -> 
  custom:video-codec-MediaFoundation-h265: 746d11721c4dcdbdad8f713fa42b33f4 -> 
  custom:video-decoder-ogg-theora: a1e56fd34408186e4bbccfd4996cb3dc -> 
  custom:framework-win-MediaFoundation: 216162199b28c13a410421893ffa2e32 -> 
  custom:scripting/monoscript/fileName/PersistenceManager.cs: 98e77eb91caedf44c4fbda8268028271 -> 3cfb95b9518f7574002af04ec57606d8
  custom:CustomObjectIndexerAttribute: 756ad292c208cfabdd7b50bc23989ffe -> 
  custom:container-demuxer-webm: 4f35f7cbe854078d1ac9338744f61a02 -> 
  custom:container-muxer-webm: aa71ff27fc2769a1b78a27578f13a17b -> 
  custom:video-decoder-webm-vp8: 9c59270c3fd7afecdb556c50c9e8de78 -> 
  custom:SearchIndexIgnoredProperties: e643bd26f0fe6173181afceb89e7c659 -> 
  custom:AudioImporter_EditorPlatform: d09bf68614088b80899f8185d706f6e7 -> 
  custom:video-encoder-webm-vp8: eb34c28f22e8b96e1ab97ce403110664 -> 
  custom:audio-decoder-ogg-vorbis: bf7c407c2cedff20999df2af8eb42d56 -> 
  custom:audio-encoder-webm-vorbis: bf7c407c2cedff20999df2af8eb42d56 -> 
========================================================================
Received Prepare
Begin MonoManager ReloadAssembly
Duplicate assembly 'Supabase.Realtime.dll' with different versions detected, using 'Assets/Packages/Supabase.Realtime.7.0.2/lib/netstandard2.1/Supabase.Realtime.dll, AssemblyName=Supabase.Realtime, Version=7.0.2.0, Culture=neutral, PublicKeyToken=null' and ignoring 'Assets/Packages/realtime-csharp.6.0.4/lib/netstandard2.0/Supabase.Realtime.dll, AssemblyName=Supabase.Realtime, Version=6.0.4.0, Culture=neutral, PublicKeyToken=null'.Duplicate assembly 'Supabase.Functions.dll' with different versions detected, using 'Assets/Packages/Supabase.Functions.2.0.0/lib/netstandard2.0/Supabase.Functions.dll, AssemblyName=Supabase.Functions, Version=2.0.0.0, Culture=neutral, PublicKeyToken=null' and ignoring 'Assets/Packages/functions-csharp.1.3.2/lib/netstandard2.0/Supabase.Functions.dll, AssemblyName=Supabase.Functions, Version=1.3.2.0, Culture=neutral, PublicKeyToken=null'.Duplicate assembly 'Supabase.Gotrue.dll' with different versions detected, using 'Assets/Packages/Supabase.Gotrue.6.0.3/lib/netstandard2.1/Supabase.Gotrue.dll, AssemblyName=Supabase.Gotrue, Version=6.0.3.0, Culture=neutral, PublicKeyToken=null' and ignoring 'Assets/Packages/gotrue-csharp.4.2.7/lib/netstandard2.0/Supabase.Gotrue.dll, AssemblyName=Supabase.Gotrue, Version=4.2.7.0, Culture=neutral, PublicKeyToken=null'.Duplicate assembly 'Supabase.Storage.dll' with different versions detected, using 'Assets/Packages/Supabase.Storage.2.0.2/lib/netstandard2.0/Supabase.Storage.dll, AssemblyName=Supabase.Storage, Version=2.0.2.0, Culture=neutral, PublicKeyToken=null' and ignoring 'Assets/Packages/supabase-storage-csharp.1.4.0/lib/netstandard2.0/Supabase.Storage.dll, AssemblyName=Supabase.Storage, Version=1.4.0.0, Culture=neutral, PublicKeyToken=null'.Duplicate assembly 'Supabase.Postgrest.dll' with different versions detected, using 'Assets/Packages/Supabase.Postgrest.4.0.3/lib/netstandard2.0/Supabase.Postgrest.dll, AssemblyName=Supabase.Postgrest, Version=4.0.3.0, Culture=neutral, PublicKeyToken=null' and ignoring 'Assets/Packages/postgrest-csharp.3.5.1/lib/netstandard2.0/Supabase.Postgrest.dll, AssemblyName=Supabase.Postgrest, Version=3.5.1.0, Culture=neutral, PublicKeyToken=null'.Duplicate assembly 'Supabase.dll' with different versions detected, using 'Assets/Packages/Supabase.1.1.1/lib/netstandard2.1/Supabase.dll, AssemblyName=Supabase, Version=1.1.1.0, Culture=neutral, PublicKeyToken=null' and ignoring 'Assets/Packages/supabase-csharp.0.16.2/lib/netstandard2.0/Supabase.dll, AssemblyName=Supabase, Version=0.16.2.0, Culture=neutral, PublicKeyToken=null'.- Loaded All Assemblies, in  2.053 seconds
Refreshing native plugins compatible for Editor in 62.97 ms, found 4 plugins.
Native extension for WindowsStandalone target not found
Native extension for WebGL target not found
[Package Manager] Server::EnsureServerProcessIsRunning -- launch failed, reason: Unity was launched with the -noUpm command-line argument
[Package Manager] UpmClient::Send -- Unable to send message (not connected to UPM process).
[Package Manager] Cannot connect to Unity Package Manager local server
Mono: successfully reloaded assembly
- Finished resetting the current domain, in  2.592 seconds
Domain Reload Profiling: 4623ms
	BeginReloadAssembly (263ms)
		ExecutionOrderSort (0ms)
		DisableScriptedObjects (11ms)
		BackupInstance (0ms)
		ReleaseScriptingObjects (0ms)
		CreateAndSetChildDomain (64ms)
	RebuildCommonClasses (38ms)
	RebuildNativeTypeToScriptingClass (10ms)
	initialDomainReloadingComplete (135ms)
	LoadAllAssembliesAndSetupDomain (1584ms)
		LoadAssemblies (1701ms)
		RebuildTransferFunctionScriptingTraits (0ms)
		AnalyzeDomain (18ms)
			TypeCache.Refresh (7ms)
				TypeCache.ScanAssembly (0ms)
			ScanForSourceGeneratedMonoScriptInfo (0ms)
			ResolveRequiredComponents (10ms)
	FinalizeReload (2593ms)
		ReleaseScriptCaches (0ms)
		RebuildScriptCaches (0ms)
		SetupLoadedEditorAssemblies (1122ms)
			LogAssemblyErrors (0ms)
			InitializePlatformSupportModulesInManaged (17ms)
			SetLoadedEditorAssemblies (6ms)
			RefreshPlugins (0ms)
			BeforeProcessingInitializeOnLoad (192ms)
			ProcessInitializeOnLoadAttributes (821ms)
			ProcessInitializeOnLoadMethodAttributes (53ms)
			AfterProcessingInitializeOnLoad (33ms)
			EditorAssembliesLoaded (0ms)
		ExecutionOrderSort2 (0ms)
		AwakeInstancesAfterBackupRestoration (22ms)
Refreshing native plugins compatible for Editor in 65.81 ms, found 4 plugins.
Preloading 0 native plugins for Editor in 0.00 ms.
Unloading 4642 Unused Serialized files (Serialized files now loaded: 0)
Unloading 114 unused Assets / (149.3 KB). Loaded Objects now: 5231.
Memory consumption went from 150.5 MB to 150.4 MB.
Total: 4.865300 ms (FindLiveObjects: 0.340100 ms CreateObjectMapping: 0.282200 ms MarkObjects: 4.013300 ms  DeleteObjects: 0.228500 ms)

Prepare: number of updated asset objects reloaded= 0
AssetImportParameters requested are different than current active one (requested -> active):
  custom:container-demuxer-ogg: 62fdf1f143b41e24485cea50d1cbac27 -> 
  custom:video-codec-MediaFoundation-h265: 746d11721c4dcdbdad8f713fa42b33f4 -> 
  custom:video-decoder-ogg-theora: a1e56fd34408186e4bbccfd4996cb3dc -> 
  custom:framework-win-MediaFoundation: 216162199b28c13a410421893ffa2e32 -> 
  custom:scripting/monoscript/fileName/PersistenceManager.cs: 98e77eb91caedf44c4fbda8268028271 -> 3cfb95b9518f7574002af04ec57606d8
  custom:CustomObjectIndexerAttribute: 756ad292c208cfabdd7b50bc23989ffe -> 
  custom:container-demuxer-webm: 4f35f7cbe854078d1ac9338744f61a02 -> 
  custom:container-muxer-webm: aa71ff27fc2769a1b78a27578f13a17b -> 
  custom:video-decoder-webm-vp8: 9c59270c3fd7afecdb556c50c9e8de78 -> 
  custom:SearchIndexIgnoredProperties: e643bd26f0fe6173181afceb89e7c659 -> 
  custom:AudioImporter_EditorPlatform: d09bf68614088b80899f8185d706f6e7 -> 
  custom:video-encoder-webm-vp8: eb34c28f22e8b96e1ab97ce403110664 -> 
  custom:audio-decoder-ogg-vorbis: bf7c407c2cedff20999df2af8eb42d56 -> 
  custom:audio-encoder-webm-vorbis: bf7c407c2cedff20999df2af8eb42d56 -> 
========================================================================
Received Prepare
Begin MonoManager ReloadAssembly
Duplicate assembly 'Supabase.Realtime.dll' with different versions detected, using 'Assets/Packages/Supabase.Realtime.7.0.2/lib/netstandard2.1/Supabase.Realtime.dll, AssemblyName=Supabase.Realtime, Version=7.0.2.0, Culture=neutral, PublicKeyToken=null' and ignoring 'Assets/Packages/realtime-csharp.6.0.4/lib/netstandard2.0/Supabase.Realtime.dll, AssemblyName=Supabase.Realtime, Version=6.0.4.0, Culture=neutral, PublicKeyToken=null'.Duplicate assembly 'Supabase.Functions.dll' with different versions detected, using 'Assets/Packages/Supabase.Functions.2.0.0/lib/netstandard2.0/Supabase.Functions.dll, AssemblyName=Supabase.Functions, Version=2.0.0.0, Culture=neutral, PublicKeyToken=null' and ignoring 'Assets/Packages/functions-csharp.1.3.2/lib/netstandard2.0/Supabase.Functions.dll, AssemblyName=Supabase.Functions, Version=1.3.2.0, Culture=neutral, PublicKeyToken=null'.Duplicate assembly 'Supabase.Gotrue.dll' with different versions detected, using 'Assets/Packages/Supabase.Gotrue.6.0.3/lib/netstandard2.1/Supabase.Gotrue.dll, AssemblyName=Supabase.Gotrue, Version=6.0.3.0, Culture=neutral, PublicKeyToken=null' and ignoring 'Assets/Packages/gotrue-csharp.4.2.7/lib/netstandard2.0/Supabase.Gotrue.dll, AssemblyName=Supabase.Gotrue, Version=4.2.7.0, Culture=neutral, PublicKeyToken=null'.Duplicate assembly 'Supabase.Storage.dll' with different versions detected, using 'Assets/Packages/Supabase.Storage.2.0.2/lib/netstandard2.0/Supabase.Storage.dll, AssemblyName=Supabase.Storage, Version=2.0.2.0, Culture=neutral, PublicKeyToken=null' and ignoring 'Assets/Packages/supabase-storage-csharp.1.4.0/lib/netstandard2.0/Supabase.Storage.dll, AssemblyName=Supabase.Storage, Version=1.4.0.0, Culture=neutral, PublicKeyToken=null'.Duplicate assembly 'Supabase.Postgrest.dll' with different versions detected, using 'Assets/Packages/Supabase.Postgrest.4.0.3/lib/netstandard2.0/Supabase.Postgrest.dll, AssemblyName=Supabase.Postgrest, Version=4.0.3.0, Culture=neutral, PublicKeyToken=null' and ignoring 'Assets/Packages/postgrest-csharp.3.5.1/lib/netstandard2.0/Supabase.Postgrest.dll, AssemblyName=Supabase.Postgrest, Version=3.5.1.0, Culture=neutral, PublicKeyToken=null'.Duplicate assembly 'Supabase.dll' with different versions detected, using 'Assets/Packages/Supabase.1.1.1/lib/netstandard2.1/Supabase.dll, AssemblyName=Supabase, Version=1.1.1.0, Culture=neutral, PublicKeyToken=null' and ignoring 'Assets/Packages/supabase-csharp.0.16.2/lib/netstandard2.0/Supabase.dll, AssemblyName=Supabase, Version=0.16.2.0, Culture=neutral, PublicKeyToken=null'.- Loaded All Assemblies, in  2.594 seconds
Refreshing native plugins compatible for Editor in 68.29 ms, found 4 plugins.
Native extension for WindowsStandalone target not found
Native extension for WebGL target not found
[Package Manager] Server::EnsureServerProcessIsRunning -- launch failed, reason: Unity was launched with the -noUpm command-line argument
[Package Manager] UpmClient::Send -- Unable to send message (not connected to UPM process).
[Package Manager] Cannot connect to Unity Package Manager local server
Mono: successfully reloaded assembly
- Finished resetting the current domain, in  2.306 seconds
Domain Reload Profiling: 4872ms
	BeginReloadAssembly (395ms)
		ExecutionOrderSort (0ms)
		DisableScriptedObjects (16ms)
		BackupInstance (0ms)
		ReleaseScriptingObjects (0ms)
		CreateAndSetChildDomain (62ms)
	RebuildCommonClasses (54ms)
	RebuildNativeTypeToScriptingClass (18ms)
	initialDomainReloadingComplete (143ms)
	LoadAllAssembliesAndSetupDomain (1957ms)
		LoadAssemblies (2165ms)
		RebuildTransferFunctionScriptingTraits (0ms)
		AnalyzeDomain (44ms)
			TypeCache.Refresh (19ms)
				TypeCache.ScanAssembly (6ms)
			ScanForSourceGeneratedMonoScriptInfo (12ms)
			ResolveRequiredComponents (12ms)
	FinalizeReload (2306ms)
		ReleaseScriptCaches (0ms)
		RebuildScriptCaches (0ms)
		SetupLoadedEditorAssemblies (860ms)
			LogAssemblyErrors (0ms)
			InitializePlatformSupportModulesInManaged (18ms)
			SetLoadedEditorAssemblies (5ms)
			RefreshPlugins (0ms)
			BeforeProcessingInitializeOnLoad (181ms)
			ProcessInitializeOnLoadAttributes (576ms)
			ProcessInitializeOnLoadMethodAttributes (49ms)
			AfterProcessingInitializeOnLoad (31ms)
			EditorAssembliesLoaded (0ms)
		ExecutionOrderSort2 (0ms)
		AwakeInstancesAfterBackupRestoration (21ms)
Refreshing native plugins compatible for Editor in 64.02 ms, found 4 plugins.
Preloading 0 native plugins for Editor in 0.00 ms.
Unloading 4642 Unused Serialized files (Serialized files now loaded: 0)
Unloading 114 unused Assets / (149.4 KB). Loaded Objects now: 5247.
Memory consumption went from 150.5 MB to 150.4 MB.
Total: 5.760700 ms (FindLiveObjects: 0.418500 ms CreateObjectMapping: 0.465000 ms MarkObjects: 4.669900 ms  DeleteObjects: 0.206100 ms)

Prepare: number of updated asset objects reloaded= 0
AssetImportParameters requested are different than current active one (requested -> active):
  custom:container-demuxer-ogg: 62fdf1f143b41e24485cea50d1cbac27 -> 
  custom:video-codec-MediaFoundation-h265: 746d11721c4dcdbdad8f713fa42b33f4 -> 
  custom:video-decoder-ogg-theora: a1e56fd34408186e4bbccfd4996cb3dc -> 
  custom:framework-win-MediaFoundation: 216162199b28c13a410421893ffa2e32 -> 
  custom:scripting/monoscript/fileName/PersistenceManager.cs: 98e77eb91caedf44c4fbda8268028271 -> 3cfb95b9518f7574002af04ec57606d8
  custom:CustomObjectIndexerAttribute: 756ad292c208cfabdd7b50bc23989ffe -> 
  custom:container-demuxer-webm: 4f35f7cbe854078d1ac9338744f61a02 -> 
  custom:container-muxer-webm: aa71ff27fc2769a1b78a27578f13a17b -> 
  custom:video-decoder-webm-vp8: 9c59270c3fd7afecdb556c50c9e8de78 -> 
  custom:SearchIndexIgnoredProperties: e643bd26f0fe6173181afceb89e7c659 -> 
  custom:AudioImporter_EditorPlatform: d09bf68614088b80899f8185d706f6e7 -> 
  custom:video-encoder-webm-vp8: eb34c28f22e8b96e1ab97ce403110664 -> 
  custom:audio-decoder-ogg-vorbis: bf7c407c2cedff20999df2af8eb42d56 -> 
  custom:audio-encoder-webm-vorbis: bf7c407c2cedff20999df2af8eb42d56 -> 
========================================================================
Received Prepare
Begin MonoManager ReloadAssembly
Duplicate assembly 'Supabase.Realtime.dll' with different versions detected, using 'Assets/Packages/Supabase.Realtime.7.0.2/lib/netstandard2.1/Supabase.Realtime.dll, AssemblyName=Supabase.Realtime, Version=7.0.2.0, Culture=neutral, PublicKeyToken=null' and ignoring 'Assets/Packages/realtime-csharp.6.0.4/lib/netstandard2.0/Supabase.Realtime.dll, AssemblyName=Supabase.Realtime, Version=6.0.4.0, Culture=neutral, PublicKeyToken=null'.Duplicate assembly 'Supabase.Functions.dll' with different versions detected, using 'Assets/Packages/Supabase.Functions.2.0.0/lib/netstandard2.0/Supabase.Functions.dll, AssemblyName=Supabase.Functions, Version=2.0.0.0, Culture=neutral, PublicKeyToken=null' and ignoring 'Assets/Packages/functions-csharp.1.3.2/lib/netstandard2.0/Supabase.Functions.dll, AssemblyName=Supabase.Functions, Version=1.3.2.0, Culture=neutral, PublicKeyToken=null'.Duplicate assembly 'Supabase.Gotrue.dll' with different versions detected, using 'Assets/Packages/Supabase.Gotrue.6.0.3/lib/netstandard2.1/Supabase.Gotrue.dll, AssemblyName=Supabase.Gotrue, Version=6.0.3.0, Culture=neutral, PublicKeyToken=null' and ignoring 'Assets/Packages/gotrue-csharp.4.2.7/lib/netstandard2.0/Supabase.Gotrue.dll, AssemblyName=Supabase.Gotrue, Version=4.2.7.0, Culture=neutral, PublicKeyToken=null'.Duplicate assembly 'Supabase.Storage.dll' with different versions detected, using 'Assets/Packages/Supabase.Storage.2.0.2/lib/netstandard2.0/Supabase.Storage.dll, AssemblyName=Supabase.Storage, Version=2.0.2.0, Culture=neutral, PublicKeyToken=null' and ignoring 'Assets/Packages/supabase-storage-csharp.1.4.0/lib/netstandard2.0/Supabase.Storage.dll, AssemblyName=Supabase.Storage, Version=1.4.0.0, Culture=neutral, PublicKeyToken=null'.Duplicate assembly 'Supabase.Postgrest.dll' with different versions detected, using 'Assets/Packages/Supabase.Postgrest.4.0.3/lib/netstandard2.0/Supabase.Postgrest.dll, AssemblyName=Supabase.Postgrest, Version=4.0.3.0, Culture=neutral, PublicKeyToken=null' and ignoring 'Assets/Packages/postgrest-csharp.3.5.1/lib/netstandard2.0/Supabase.Postgrest.dll, AssemblyName=Supabase.Postgrest, Version=3.5.1.0, Culture=neutral, PublicKeyToken=null'.Duplicate assembly 'Supabase.dll' with different versions detected, using 'Assets/Packages/Supabase.1.1.1/lib/netstandard2.1/Supabase.dll, AssemblyName=Supabase, Version=1.1.1.0, Culture=neutral, PublicKeyToken=null' and ignoring 'Assets/Packages/supabase-csharp.0.16.2/lib/netstandard2.0/Supabase.dll, AssemblyName=Supabase, Version=0.16.2.0, Culture=neutral, PublicKeyToken=null'.- Loaded All Assemblies, in  1.907 seconds
Refreshing native plugins compatible for Editor in 51.88 ms, found 4 plugins.
Native extension for WindowsStandalone target not found
Native extension for WebGL target not found
[Package Manager] Server::EnsureServerProcessIsRunning -- launch failed, reason: Unity was launched with the -noUpm command-line argument
[Package Manager] UpmClient::Send -- Unable to send message (not connected to UPM process).
[Package Manager] Cannot connect to Unity Package Manager local server
Mono: successfully reloaded assembly
- Finished resetting the current domain, in  1.856 seconds
Domain Reload Profiling: 3736ms
	BeginReloadAssembly (261ms)
		ExecutionOrderSort (0ms)
		DisableScriptedObjects (12ms)
		BackupInstance (0ms)
		ReleaseScriptingObjects (0ms)
		CreateAndSetChildDomain (50ms)
	RebuildCommonClasses (44ms)
	RebuildNativeTypeToScriptingClass (12ms)
	initialDomainReloadingComplete (106ms)
	LoadAllAssembliesAndSetupDomain (1456ms)
		LoadAssemblies (1573ms)
		RebuildTransferFunctionScriptingTraits (0ms)
		AnalyzeDomain (34ms)
			TypeCache.Refresh (14ms)
				TypeCache.ScanAssembly (4ms)
			ScanForSourceGeneratedMonoScriptInfo (10ms)
			ResolveRequiredComponents (9ms)
	FinalizeReload (1857ms)
		ReleaseScriptCaches (0ms)
		RebuildScriptCaches (0ms)
		SetupLoadedEditorAssemblies (698ms)
			LogAssemblyErrors (0ms)
			InitializePlatformSupportModulesInManaged (13ms)
			SetLoadedEditorAssemblies (5ms)
			RefreshPlugins (0ms)
			BeforeProcessingInitializeOnLoad (148ms)
			ProcessInitializeOnLoadAttributes (467ms)
			ProcessInitializeOnLoadMethodAttributes (38ms)
			AfterProcessingInitializeOnLoad (26ms)
			EditorAssembliesLoaded (0ms)
		ExecutionOrderSort2 (0ms)
		AwakeInstancesAfterBackupRestoration (21ms)
